Component: ARM Compiler 5.06 update 5 (build 528) Tool: armlink [4d35e2]

==============================================================================

Section Cross References

    startup_stm32f405xx.o(RESET) refers to startup_stm32f405xx.o(STACK) for __initial_sp
    startup_stm32f405xx.o(RESET) refers to startup_stm32f405xx.o(.text) for Reset_Handler
    startup_stm32f405xx.o(RESET) refers to stm32f4xx_it.o(i.NMI_Handler) for NMI_Handler
    startup_stm32f405xx.o(RESET) refers to stm32f4xx_it.o(i.HardFault_Handler) for HardFault_Handler
    startup_stm32f405xx.o(RESET) refers to stm32f4xx_it.o(i.MemManage_Handler) for MemManage_Handler
    startup_stm32f405xx.o(RESET) refers to stm32f4xx_it.o(i.BusFault_Handler) for BusFault_Handler
    startup_stm32f405xx.o(RESET) refers to stm32f4xx_it.o(i.UsageFault_Handler) for UsageFault_Handler
    startup_stm32f405xx.o(RESET) refers to stm32f4xx_it.o(i.SVC_Handler) for SVC_Handler
    startup_stm32f405xx.o(RESET) refers to stm32f4xx_it.o(i.DebugMon_Handler) for DebugMon_Handler
    startup_stm32f405xx.o(RESET) refers to stm32f4xx_it.o(i.PendSV_Handler) for PendSV_Handler
    startup_stm32f405xx.o(RESET) refers to stm32f4xx_it.o(i.SysTick_Handler) for SysTick_Handler
    startup_stm32f405xx.o(RESET) refers to stm32f4xx_it.o(i.DMA1_Stream5_IRQHandler) for DMA1_Stream5_IRQHandler
    startup_stm32f405xx.o(RESET) refers to stm32f4xx_it.o(i.DMA1_Stream6_IRQHandler) for DMA1_Stream6_IRQHandler
    startup_stm32f405xx.o(RESET) refers to stm32f4xx_it.o(i.TIM4_IRQHandler) for TIM4_IRQHandler
    startup_stm32f405xx.o(RESET) refers to stm32f4xx_it.o(i.I2C1_EV_IRQHandler) for I2C1_EV_IRQHandler
    startup_stm32f405xx.o(RESET) refers to stm32f4xx_it.o(i.I2C1_ER_IRQHandler) for I2C1_ER_IRQHandler
    startup_stm32f405xx.o(RESET) refers to stm32f4xx_it.o(i.DMA2_Stream0_IRQHandler) for DMA2_Stream0_IRQHandler
    startup_stm32f405xx.o(RESET) refers to stm32f4xx_it.o(i.OTG_FS_IRQHandler) for OTG_FS_IRQHandler
    startup_stm32f405xx.o(.text) refers to system_stm32f4xx.o(i.SystemInit) for SystemInit
    startup_stm32f405xx.o(.text) refers to entry.o(.ARM.Collect$$$$00000000) for __main
    main.o(i.HAL_I2C_MasterRxCpltCallback) refers to ina226.o(i.ina226_body_read_queue) for ina226_body_read_queue
    main.o(i.HAL_I2C_MasterRxCpltCallback) refers to i2c.o(.bss) for hi2c1
    main.o(i.HAL_I2C_MasterRxCpltCallback) refers to main.o(.bss) for .bss
    main.o(i.HAL_I2C_MasterTxCpltCallback) refers to ina226.o(i.ina226_body_read_queue) for ina226_body_read_queue
    main.o(i.HAL_I2C_MasterTxCpltCallback) refers to i2c.o(.bss) for hi2c1
    main.o(i.HAL_I2C_MasterTxCpltCallback) refers to main.o(.bss) for .bss
    main.o(i.HardResetUSB) refers to stm32f4xx_hal_gpio.o(i.HAL_GPIO_Init) for HAL_GPIO_Init
    main.o(i.HardResetUSB) refers to stm32f4xx_hal_gpio.o(i.HAL_GPIO_WritePin) for HAL_GPIO_WritePin
    main.o(i.HardResetUSB) refers to stm32f4xx_hal.o(i.HAL_Delay) for HAL_Delay
    main.o(i.SystemClock_Config) refers to memseta.o(.text) for __aeabi_memclr4
    main.o(i.SystemClock_Config) refers to stm32f4xx_hal_rcc.o(i.HAL_RCC_OscConfig) for HAL_RCC_OscConfig
    main.o(i.SystemClock_Config) refers to stm32f4xx_hal_rcc.o(i.HAL_RCC_ClockConfig) for HAL_RCC_ClockConfig
    main.o(i.SystemClock_Config) refers to stm32f4xx_hal_rcc.o(i.HAL_RCC_MCOConfig) for HAL_RCC_MCOConfig
    main.o(i.main) refers to stm32f4xx_hal.o(i.HAL_Init) for HAL_Init
    main.o(i.main) refers to main.o(i.SystemClock_Config) for SystemClock_Config
    main.o(i.main) refers to main.o(i.HardResetUSB) for HardResetUSB
    main.o(i.main) refers to gpio.o(i.MX_GPIO_Init) for MX_GPIO_Init
    main.o(i.main) refers to can.o(i.MX_CAN1_Init) for MX_CAN1_Init
    main.o(i.main) refers to i2c.o(i.MX_I2C1_Init) for MX_I2C1_Init
    main.o(i.main) refers to usart.o(i.MX_USART2_UART_Init) for MX_USART2_UART_Init
    main.o(i.main) refers to usart.o(i.MX_USART3_UART_Init) for MX_USART3_UART_Init
    main.o(i.main) refers to dma.o(i.MX_DMA_Init) for MX_DMA_Init
    main.o(i.main) refers to can.o(i.MX_CAN2_Init) for MX_CAN2_Init
    main.o(i.main) refers to tim.o(i.MX_TIM3_Init) for MX_TIM3_Init
    main.o(i.main) refers to tim.o(i.MX_TIM4_Init) for MX_TIM4_Init
    main.o(i.main) refers to usb_device.o(i.MX_USB_DEVICE_Init) for MX_USB_DEVICE_Init
    main.o(i.main) refers to tim.o(i.MX_TIM6_Init) for MX_TIM6_Init
    main.o(i.main) refers to tim.o(i.MX_TIM1_Init) for MX_TIM1_Init
    main.o(i.main) refers to tim.o(i.MX_TIM5_Init) for MX_TIM5_Init
    main.o(i.main) refers to adc.o(i.MX_ADC3_Init) for MX_ADC3_Init
    main.o(i.main) refers to dac.o(i.MX_DAC_Init) for MX_DAC_Init
    main.o(i.main) refers to stm32f4xx_hal_tim.o(i.HAL_TIM_Base_Start) for HAL_TIM_Base_Start
    main.o(i.main) refers to stm32f4xx_hal_adc.o(i.HAL_ADC_Start_DMA) for HAL_ADC_Start_DMA
    main.o(i.main) refers to ina226.o(i.ina226_init) for ina226_init
[...]
    .bss                                     0x20009968   Section       64  usbd_desc.o(.bss)
    .bss                                     0x200099a8   Section      256  modbus_rtu.o(.bss)
    HEAP                                     0x20009aa8   Section     1024  startup_stm32f405xx.o(HEAP)
    STACK                                    0x20009ea8   Section     2048  startup_stm32f405xx.o(STACK)

    Global Symbols

    Symbol Name                              Value     Ov Type        Size  Object(Section)

    BuildAttributes$$THM_ISAv4$E$P$D$K$B$S$7EM$VFPi3$EXTD16$VFPS$VFMA$PE$A:L22UL41UL21$X:L11$S22US41US21$IEEE1$IW$USESV6$~STKCKD$USESV7$~SHL$OSPACE$ROPI$EBA8$MICROLIB$REQ8$PRES8$EABIv2 0x00000000   Number         0  anon$$obj.o ABSOLUTE
    __ARM_use_no_argv                        0x00000000   Number         0  main.o ABSOLUTE
    __cpp_initialize__aeabi_                  - Undefined Weak Reference
    __cxa_finalize                            - Undefined Weak Reference
    _clock_init                               - Undefined Weak Reference
    _microlib_exit                            - Undefined Weak Reference
    __Vectors_Size                           0x00000188   Number         0  startup_stm32f405xx.o ABSOLUTE
    __Vectors                                0x08000000   Data           4  startup_stm32f405xx.o(RESET)
    __Vectors_End                            0x08000188   Data           0  startup_stm32f405xx.o(RESET)
    __main                                   0x08000189   Thumb Code     0  entry.o(.ARM.Collect$$$$00000000)
    _main_stk                                0x08000189   Thumb Code     0  entry2.o(.ARM.Collect$$$$00000001)
    _main_scatterload                        0x0800018d   Thumb Code     0  entry5.o(.ARM.Collect$$$$00000004)
    __main_after_scatterload                 0x08000191   Thumb Code     0  entry5.o(.ARM.Collect$$$$00000004)
    _main_clock                              0x08000191   Thumb Code     0  entry7b.o(.ARM.Collect$$$$00000008)
    _main_cpp_init                           0x08000191   Thumb Code     0  entry8b.o(.ARM.Collect$$$$0000000A)
    _main_init                               0x08000191   Thumb Code     0  entry9a.o(.ARM.Collect$$$$0000000B)
    __rt_final_cpp                           0x08000199   Thumb Code     0  entry10a.o(.ARM.Collect$$$$0000000D)
    __rt_final_exit                          0x08000199   Thumb Code     0  entry11a.o(.ARM.Collect$$$$0000000F)
    Reset_Handler                            0x0800019d   Thumb Code     8  startup_stm32f405xx.o(.text)
    ADC_IRQHandler                           0x080001b7   Thumb Code     0  startup_stm32f405xx.o(.text)
    CAN1_RX0_IRQHandler                      0x080001b7   Thumb Code     0  startup_stm32f405xx.o(.text)
    CAN1_RX1_IRQHandler                      0x080001b7   Thumb Code     0  startup_stm32f405xx.o(.text)
    CAN1_SCE_IRQHandler                      0x080001b7   Thumb Code     0  startup_stm32f405xx.o(.text)
    CAN1_TX_IRQHandler                       0x080001b7   Thumb Code     0  startup_stm32f405xx.o(.text)
    CAN2_RX0_IRQHandler                      0x080001b7   Thumb Code     0  startup_stm32f405xx.o(.text)
    CAN2_RX1_IRQHandler                      0x080001b7   Thumb Code     0  startup_stm32f405xx.o(.text)
    CAN2_SCE_IRQHandler                      0x080001b7   Thumb Code     0  startup_stm32f405xx.o(.text)
    CAN2_TX_IRQHandler                       0x080001b7   Thumb Code     0  startup_stm32f405xx.o(.text)
    DMA1_Stream0_IRQHandler                  0x080001b7   Thumb Code     0  startup_stm32f405xx.o(.text)
    DMA1_Stream1_IRQHandler                  0x080001b7   Thumb Code     0  startup_stm32f405xx.o(.text)
    DMA1_Stream2_IRQHandler                  0x080001b7   Thumb Code     0  startup_stm32f405xx.o(.text)
    DMA1_Stream3_IRQHandler                  0x080001b7   Thumb Code     0  startup_stm32f405xx.o(.text)
    DMA1_Stream4_IRQHandler                  0x080001b7   Thumb Code     0  startup_stm32f405xx.o(.text)
    DMA1_Stream7_IRQHandler                  0x080001b7   Thumb Code     0  startup_stm32f405xx.o(.text)
    DMA2_Stream1_IRQHandler                  0x080001b7   Thumb Code     0  startup_stm32f405xx.o(.text)
    DMA2_Stream2_IRQHandler                  0x080001b7   Thumb Code     0  startup_stm32f405xx.o(.text)
    DMA2_Stream3_IRQHandler                  0x080001b7   Thumb Code     0  startup_stm32f405xx.o(.text)
    DMA2_Stream4_IRQHandler                  0x080001b7   Thumb Code     0  startup_stm32f405xx.o(.text)
    DMA2_Stream5_IRQHandler                  0x080001b7   Thumb Code     0  startup_stm32f405xx.o(.text)
    DMA2_Stream6_IRQHandler                  0x080001b7   Thumb Code     0  startup_stm32f405xx.o(.text)
    DMA2_Stream7_IRQHandler                  0x080001b7   Thumb Code     0  startup_stm32f405xx.o(.text)
    EXTI0_IRQHandler                         0x080001b7   Thumb Code     0  startup_stm32f405xx.o(.text)
    EXTI15_10_IRQHandler                     0x080001b7   Thumb Code     0  startup_stm32f405xx.o(.text)
    EXTI1_IRQHandler                         0x080001b7   Thumb Code     0  startup_stm32f405xx.o(.text)
    EXTI2_IRQHandler                         0x080001b7   Thumb Code     0  startup_stm32f405xx.o(.text)
    EXTI3_IRQHandler                         0x080001b7   Thumb Code     0  startup_stm32f405xx.o(.text)
    EXTI4_IRQHandler                         0x080001b7   Thumb Code     0  startup_stm32f405xx.o(.text)
    EXTI9_5_IRQHandler                       0x080001b7   Thumb Code     0  startup_stm32f405xx.o(.text)
    FLASH_IRQHandler                         0x080001b7   Thumb Code     0  startup_stm32f405xx.o(.text)
    FMC_IRQHandler                           0x080001b7   Thumb Code     0  startup_stm32f405xx.o(.text)
    FPU_IRQHandler                           0x080001b7   Thumb Code     0  startup_stm32f405xx.o(.text)
    HASH_RNG_IRQHandler                      0x080001b7   Thumb Code     0  startup_stm32f405xx.o(.text)
    I2C2_ER_IRQHandler                       0x080001b7   Thumb Code     0  startup_stm32f405xx.o(.text)
    I2C2_EV_IRQHandler                       0x080001b7   Thumb Code     0  startup_stm32f405xx.o(.text)
    I2C3_ER_IRQHandler                       0x080001b7   Thumb Code     0  startup_stm32f405xx.o(.text)
    I2C3_EV_IRQHandler                       0x080001b7   Thumb Code     0  startup_stm32f405xx.o(.text)
    OTG_FS_WKUP_IRQHandler                   0x080001b7   Thumb Code     0  startup_stm32f405xx.o(.text)
    OTG_HS_EP1_IN_IRQHandler                 0x080001b7   Thumb Code     0  startup_stm32f405xx.o(.text)
    OTG_HS_EP1_OUT_IRQHandler                0x080001b7   Thumb Code     0  startup_stm32f405xx.o(.text)
    OTG_HS_IRQHandler                        0x080001b7   Thumb Code     0  startup_stm32f405xx.o(.text)
    OTG_HS_WKUP_IRQHandler                   0x080001b7   Thumb Code     0  startup_stm32f405xx.o(.text)
    PVD_IRQHandler                           0x080001b7   Thumb Code     0  startup_stm32f405xx.o(.text)
    RCC_IRQHandler                           0x080001b7   Thumb Code     0  startup_stm32f405xx.o(.text)
    RTC_Alarm_IRQHandler                     0x080001b7   Thumb Code     0  startup_stm32f405xx.o(.text)
    RTC_WKUP_IRQHandler                      0x080001b7   Thumb Code     0  startup_stm32f405xx.o(.text)
    SDIO_IRQHandler                          0x080001b7   Thumb Code     0  startup_stm32f405xx.o(.text)
    SPI1_IRQHandler                          0x080001b7   Thumb Code     0  startup_stm32f405xx.o(.text)
    SPI2_IRQHandler                          0x080001b7   Thumb Code     0  startup_stm32f405xx.o(.text)
    SPI3_IRQHandler                          0x080001b7   Thumb Code     0  startup_stm32f405xx.o(.text)
    TAMP_STAMP_IRQHandler                    0x080001b7   Thumb Code     0  startup_stm32f405xx.o(.text)
    TIM1_BRK_TIM9_IRQHandler                 0x080001b7   Thumb Code     0  startup_stm32f405xx.o(.text)
    TIM1_CC_IRQHandler                       0x080001b7   Thumb Code     0  startup_stm32f405xx.o(.text)
    TIM1_TRG_COM_TIM11_IRQHandler            0x080001b7   Thumb Code     0  startup_stm32f405xx.o(.text)
    TIM1_UP_TIM10_IRQHandler                 0x080001b7   Thumb Code     0  startup_stm32f405xx.o(.text)
    TIM2_IRQHandler                          0x080001b7   Thumb Code     0  startup_stm32f405xx.o(.text)
    TIM3_IRQHandler                          0x080001b7   Thumb Code     0  startup_stm32f405xx.o(.text)
    TIM5_IRQHandler                          0x080001b7   Thumb Code     0  startup_stm32f405xx.o(.text)
    TIM6_DAC_IRQHandler                      0x080001b7   Thumb Code     0  startup_stm32f405xx.o(.text)
    TIM7_IRQHandler                          0x080001b7   Thumb Code     0  startup_stm32f405xx.o(.text)
    TIM8_BRK_TIM12_IRQHandler                0x080001b7   Thumb Code     0  startup_stm32f405xx.o(.text)
    TIM8_CC_IRQHandler                       0x080001b7   Thumb Code     0  startup_stm32f405xx.o(.text)
    TIM8_TRG_COM_TIM14_IRQHandler            0x080001b7   Thumb Code     0  startup_stm32f405xx.o(.text)
    TIM8_UP_TIM13_IRQHandler                 0x080001b7   Thumb Code     0  startup_stm32f405xx.o(.text)
    UART4_IRQHandler                         0x080001b7   Thumb Code     0  startup_stm32f405xx.o(.text)
    UART5_IRQHandler                         0x080001b7   Thumb Code     0  startup_stm32f405xx.o(.text)
    USART1_IRQHandler                        0x080001b7   Thumb Code     0  startup_stm32f405xx.o(.text)
    USART2_IRQHandler                        0x080001b7   Thumb Code     0  startup_stm32f405xx.o(.text)
    USART3_IRQHandler                        0x080001b7   Thumb Code     0  startup_stm32f405xx.o(.text)
    USART6_IRQHandler                        0x080001b7   Thumb Code     0  startup_stm32f405xx.o(.text)
    WWDG_IRQHandler                          0x080001b7   Thumb Code     0  startup_stm32f405xx.o(.text)
    __aeabi_uldivmod                         0x080001c1   Thumb Code    98  uldiv.o(.text)
    __aeabi_memcpy                           0x08000223   Thumb Code    36  memcpya.o(.text)
    __aeabi_memcpy4                          0x08000223   Thumb Code     0  memcpya.o(.text)
    __aeabi_memcpy8                          0x08000223   Thumb Code     0  memcpya.o(.text)
    __aeabi_memset                           0x08000247   Thumb Code    14  memseta.o(.text)
    __aeabi_memset4                          0x08000247   Thumb Code     0  memseta.o(.text)
    __aeabi_memset8                          0x08000247   Thumb Code     0  memseta.o(.text)
    __aeabi_memclr                           0x08000255   Thumb Code     4  memseta.o(.text)
    __aeabi_memclr4                          0x08000255   Thumb Code     0  memseta.o(.text)
    __aeabi_memclr8                          0x08000255   Thumb Code     0  memseta.o(.text)
    _memset$wrapper                          0x08000259   Thumb Code    18  memseta.o(.text)
    memcmp                                   0x0800026b   Thumb Code    26  memcmp.o(.text)
    __aeabi_dmul                             0x08000285   Thumb Code   228  dmul.o(.text)
    __aeabi_ui2d                             0x08000369   Thumb Code    26  dfltui.o(.text)
    __aeabi_d2uiz                            0x08000383   Thumb Code    50  dfixui.o(.text)
    __aeabi_llsl                             0x080003b5   Thumb Code    30  llshl.o(.text)
    _ll_shift_l                              0x080003b5   Thumb Code     0  llshl.o(.text)
    __aeabi_llsr                             0x080003d3   Thumb Code    32  llushr.o(.text)
    _ll_ushift_r                             0x080003d3   Thumb Code     0  llushr.o(.text)
    __I$use$fp                               0x080003f3   Thumb Code     0  iusefp.o(.text)
    _double_round                            0x080003f3   Thumb Code    30  depilogue.o(.text)
    _double_epilogue                         0x08000411   Thumb Code   156  depilogue.o(.text)
    __scatterload                            0x080004ad   Thumb Code    28  init.o(.text)
    __scatterload_rt2                        0x080004ad   Thumb Code     0  init.o(.text)
    __decompress                             0x080004d1   Thumb Code     0  __dczerorl2.o(.text)
    __decompress1                            0x080004d1   Thumb Code    86  __dczerorl2.o(.text)
    BusFault_Handler                         0x080006dd   Thumb Code     2  stm32f4xx_it.o(i.BusFault_Handler)
    DAC_DMAConvCpltCh2                       0x0800072d   Thumb Code    16  stm32f4xx_hal_dac_ex.o(i.DAC_DMAConvCpltCh2)
    DAC_DMAErrorCh2                          0x08000755   Thumb Code    24  stm32f4xx_hal_dac_ex.o(i.DAC_DMAErrorCh2)
    DAC_DMAHalfConvCpltCh2                   0x08000777   Thumb Code    10  stm32f4xx_hal_dac_ex.o(i.DAC_DMAHalfConvCpltCh2)
    DMA1_Stream5_IRQHandler                  0x08000781   Thumb Code     6  stm32f4xx_it.o(i.DMA1_Stream5_IRQHandler)
    DMA1_Stream6_IRQHandler                  0x0800078d   Thumb Code     6  stm32f4xx_it.o(i.DMA1_Stream6_IRQHandler)
    DMA2_Stream0_IRQHandler                  0x08000799   Thumb Code     6  stm32f4xx_it.o(i.DMA2_Stream0_IRQHandler)
    DebugMon_Handler                         0x08000849   Thumb Code     2  stm32f4xx_it.o(i.DebugMon_Handler)
    Error_Handler                            0x0800084b   Thumb Code     2  main.o(i.Error_Handler)
    HAL_ADC_ConfigChannel                    0x0800084d   Thumb Code   316  stm32f4xx_hal_adc.o(i.HAL_ADC_ConfigChannel)
    HAL_ADC_ConvCpltCallback                 0x08000999   Thumb Code     2  main.o(i.HAL_ADC_ConvCpltCallback)
    HAL_ADC_ConvHalfCpltCallback             0x0800099b   Thumb Code     2  stm32f4xx_hal_adc.o(i.HAL_ADC_ConvHalfCpltCallback)
    HAL_ADC_ErrorCallback                    0x0800099d   Thumb Code     2  stm32f4xx_hal_adc.o(i.HAL_ADC_ErrorCallback)
    HAL_ADC_Init                             0x0800099f   Thumb Code    84  stm32f4xx_hal_adc.o(i.HAL_ADC_Init)
    HAL_ADC_MspInit                          0x080009f5   Thumb Code   176  adc.o(i.HAL_ADC_MspInit)
    HAL_ADC_Start_DMA                        0x08000abd   Thumb Code   268  stm32f4xx_hal_adc.o(i.HAL_ADC_Start_DMA)
    HAL_ADC_Stop_DMA                         0x08000bed   Thumb Code    88  stm32f4xx_hal_adc.o(i.HAL_ADC_Stop_DMA)
    HAL_CAN_Init                             0x08000c45   Thumb Code   282  stm32f4xx_hal_can.o(i.HAL_CAN_Init)
    HAL_CAN_MspInit                          0x08000d61   Thumb Code   196  can.o(i.HAL_CAN_MspInit)
    HAL_DACEx_ConvCpltCallbackCh2            0x08000e3d   Thumb Code     2  stm32f4xx_hal_dac_ex.o(i.HAL_DACEx_ConvCpltCallbackCh2)
    HAL_DACEx_ConvHalfCpltCallbackCh2        0x08000e3f   Thumb Code     2  stm32f4xx_hal_dac_ex.o(i.HAL_DACEx_ConvHalfCpltCallbackCh2)
    HAL_DACEx_ErrorCallbackCh2               0x08000e41   Thumb Code     2  stm32f4xx_hal_dac_ex.o(i.HAL_DACEx_ErrorCallbackCh2)
    HAL_DAC_ConfigChannel                    0x08000e43   Thumb Code    66  stm32f4xx_hal_dac.o(i.HAL_DAC_ConfigChannel)
    HAL_DAC_ConvCpltCallbackCh1              0x08000e85   Thumb Code     2  stm32f4xx_hal_dac.o(i.HAL_DAC_ConvCpltCallbackCh1)
    HAL_DAC_ConvHalfCpltCallbackCh1          0x08000e87   Thumb Code     2  stm32f4xx_hal_dac.o(i.HAL_DAC_ConvHalfCpltCallbackCh1)
    HAL_DAC_ErrorCallbackCh1                 0x08000e89   Thumb Code     2  stm32f4xx_hal_dac.o(i.HAL_DAC_ErrorCallbackCh1)
    HAL_DAC_Init                             0x08000e8b   Thumb Code    40  stm32f4xx_hal_dac.o(i.HAL_DAC_Init)
    HAL_DAC_MspInit                          0x08000eb5   Thumb Code   204  dac.o(i.HAL_DAC_MspInit)
    HAL_DAC_Start_DMA                        0x08000f95   Thumb Code   230  stm32f4xx_hal_dac.o(i.HAL_DAC_Start_DMA)
    HAL_DAC_Stop_DMA                         0x08001095   Thumb Code    56  stm32f4xx_hal_dac.o(i.HAL_DAC_Stop_DMA)
    HAL_DMA_Abort                            0x080010cd   Thumb Code   142  stm32f4xx_hal_dma.o(i.HAL_DMA_Abort)
    HAL_DMA_Abort_IT                         0x0800115b   Thumb Code    36  stm32f4xx_hal_dma.o(i.HAL_DMA_Abort_IT)
    HAL_DMA_GetState                         0x0800117f   Thumb Code     6  stm32f4xx_hal_dma.o(i.HAL_DMA_GetState)
    HAL_DMA_IRQHandler                       0x08001185   Thumb Code   412  stm32f4xx_hal_dma.o(i.HAL_DMA_IRQHandler)
    HAL_DMA_Init                             0x08001325   Thumb Code   206  stm32f4xx_hal_dma.o(i.HAL_DMA_Init)
    HAL_DMA_Start_IT                         0x080013f9   Thumb Code   120  stm32f4xx_hal_dma.o(i.HAL_DMA_Start_IT)
    HAL_Delay                                0x08001471   Thumb Code    32  stm32f4xx_hal.o(i.HAL_Delay)
    HAL_GPIO_Init                            0x08001495   Thumb Code   388  stm32f4xx_hal_gpio.o(i.HAL_GPIO_Init)
    HAL_GPIO_WritePin                        0x08001645   Thumb Code    10  stm32f4xx_hal_gpio.o(i.HAL_GPIO_WritePin)
    HAL_GetTick                              0x08001651   Thumb Code     6  stm32f4xx_hal.o(i.HAL_GetTick)
    HAL_I2C_AbortCpltCallback                0x0800165d   Thumb Code     2  stm32f4xx_hal_i2c.o(i.HAL_I2C_AbortCpltCallback)
    HAL_I2C_AddrCallback                     0x0800165f   Thumb Code     2  stm32f4xx_hal_i2c.o(i.HAL_I2C_AddrCallback)
    HAL_I2C_ER_IRQHandler                    0x08001661   Thumb Code   186  stm32f4xx_hal_i2c.o(i.HAL_I2C_ER_IRQHandler)
    HAL_I2C_EV_IRQHandler                    0x0800171b   Thumb Code   602  stm32f4xx_hal_i2c.o(i.HAL_I2C_EV_IRQHandler)
    HAL_I2C_ErrorCallback                    0x08001975   Thumb Code     2  stm32f4xx_hal_i2c.o(i.HAL_I2C_ErrorCallback)
    HAL_I2C_Init                             0x08001979   Thumb Code   356  stm32f4xx_hal_i2c.o(i.HAL_I2C_Init)
    HAL_I2C_ListenCpltCallback               0x08001aed   Thumb Code     2  stm32f4xx_hal_i2c.o(i.HAL_I2C_ListenCpltCallback)
    HAL_I2C_MasterRxCpltCallback             0x08001af1   Thumb Code    26  main.o(i.HAL_I2C_MasterRxCpltCallback)
    HAL_I2C_MasterTxCpltCallback             0x08001b15   Thumb Code    26  main.o(i.HAL_I2C_MasterTxCpltCallback)
    HAL_I2C_Master_Receive                   0x08001b39   Thumb Code   468  stm32f4xx_hal_i2c.o(i.HAL_I2C_Master_Receive)
    HAL_I2C_Master_Receive_IT                0x08001d19   Thumb Code   190  stm32f4xx_hal_i2c.o(i.HAL_I2C_Master_Receive_IT)
    HAL_I2C_Master_Transmit                  0x08001de1   Thumb Code   290  stm32f4xx_hal_i2c.o(i.HAL_I2C_Master_Transmit)
    HAL_I2C_Master_Transmit_IT               0x08001f0d   Thumb Code   180  stm32f4xx_hal_i2c.o(i.HAL_I2C_Master_Transmit_IT)
    HAL_I2C_MemRxCpltCallback                0x08001fc9   Thumb Code     2  stm32f4xx_hal_i2c.o(i.HAL_I2C_MemRxCpltCallback)
    HAL_I2C_MemTxCpltCallback                0x08001fcb   Thumb Code     2  stm32f4xx_hal_i2c.o(i.HAL_I2C_MemTxCpltCallback)
    HAL_I2C_MspInit                          0x08001fcd   Thumb Code   124  i2c.o(i.HAL_I2C_MspInit)
    HAL_I2C_SlaveRxCpltCallback              0x08002055   Thumb Code     2  stm32f4xx_hal_i2c.o(i.HAL_I2C_SlaveRxCpltCallback)
    HAL_I2C_SlaveTxCpltCallback              0x08002057   Thumb Code     2  stm32f4xx_hal_i2c.o(i.HAL_I2C_SlaveTxCpltCallback)
    HAL_IncTick                              0x08002059   Thumb Code    12  stm32f4xx_hal.o(i.HAL_IncTick)
    HAL_Init                                 0x08002069   Thumb Code    48  stm32f4xx_hal.o(i.HAL_Init)
    HAL_InitTick                             0x0800209d   Thumb Code    54  stm32f4xx_hal.o(i.HAL_InitTick)
    HAL_MspInit                              0x080020dd   Thumb Code    42  stm32f4xx_hal_msp.o(i.HAL_MspInit)
    HAL_NVIC_EnableIRQ                       0x0800210d   Thumb Code    26  stm32f4xx_hal_cortex.o(i.HAL_NVIC_EnableIRQ)
    HAL_NVIC_SetPriority                     0x08002129   Thumb Code    60  stm32f4xx_hal_cortex.o(i.HAL_NVIC_SetPriority)
    HAL_NVIC_SetPriorityGrouping             0x08002169   Thumb Code    26  stm32f4xx_hal_cortex.o(i.HAL_NVIC_SetPriorityGrouping)
    HAL_PCDEx_LPM_Callback                   0x0800218d   Thumb Code     2  stm32f4xx_hal_pcd_ex.o(i.HAL_PCDEx_LPM_Callback)
    HAL_PCDEx_SetRxFiFo                      0x0800218f   Thumb Code     8  stm32f4xx_hal_pcd_ex.o(i.HAL_PCDEx_SetRxFiFo)
    HAL_PCDEx_SetTxFiFo                      0x08002197   Thumb Code    68  stm32f4xx_hal_pcd_ex.o(i.HAL_PCDEx_SetTxFiFo)
    HAL_PCD_ConnectCallback                  0x080021db   Thumb Code     8  usbd_conf.o(i.HAL_PCD_ConnectCallback)
    HAL_PCD_DataInStageCallback              0x080021e3   Thumb Code    18  usbd_conf.o(i.HAL_PCD_DataInStageCallback)
    HAL_PCD_DataOutStageCallback             0x080021f5   Thumb Code    20  usbd_conf.o(i.HAL_PCD_DataOutStageCallback)
    HAL_PCD_DisconnectCallback               0x08002209   Thumb Code     8  usbd_conf.o(i.HAL_PCD_DisconnectCallback)
    HAL_PCD_EP_Close                         0x08002211   Thumb Code    76  stm32f4xx_hal_pcd.o(i.HAL_PCD_EP_Close)
    HAL_PCD_EP_ClrStall                      0x0800225d   Thumb Code    92  stm32f4xx_hal_pcd.o(i.HAL_PCD_EP_ClrStall)
    HAL_PCD_EP_GetRxCount                    0x080022b9   Thumb Code    18  stm32f4xx_hal_pcd.o(i.HAL_PCD_EP_GetRxCount)
    HAL_PCD_EP_Open                          0x080022cb   Thumb Code    96  stm32f4xx_hal_pcd.o(i.HAL_PCD_EP_Open)
    HAL_PCD_EP_Receive                       0x0800232b   Thumb Code    72  stm32f4xx_hal_pcd.o(i.HAL_PCD_EP_Receive)
    HAL_PCD_EP_SetStall                      0x08002373   Thumb Code   116  stm32f4xx_hal_pcd.o(i.HAL_PCD_EP_SetStall)
    HAL_PCD_EP_Transmit                      0x080023e7   Thumb Code    64  stm32f4xx_hal_pcd.o(i.HAL_PCD_EP_Transmit)
    HAL_PCD_IRQHandler                       0x08002429   Thumb Code  1114  stm32f4xx_hal_pcd.o(i.HAL_PCD_IRQHandler)
    HAL_PCD_ISOINIncompleteCallback          0x0800288d   Thumb Code     8  usbd_conf.o(i.HAL_PCD_ISOINIncompleteCallback)
    HAL_PCD_ISOOUTIncompleteCallback         0x08002895   Thumb Code     8  usbd_conf.o(i.HAL_PCD_ISOOUTIncompleteCallback)
    HAL_PCD_Init                             0x0800289d   Thumb Code   226  stm32f4xx_hal_pcd.o(i.HAL_PCD_Init)
    HAL_PCD_MspInit                          0x08002981   Thumb Code   122  usbd_conf.o(i.HAL_PCD_MspInit)
    HAL_PCD_ResetCallback                    0x08002a05   Thumb Code    44  usbd_conf.o(i.HAL_PCD_ResetCallback)
    HAL_PCD_ResumeCallback                   0x08002a31   Thumb Code     8  usbd_conf.o(i.HAL_PCD_ResumeCallback)
    HAL_PCD_SOFCallback                      0x08002a39   Thumb Code     8  usbd_conf.o(i.HAL_PCD_SOFCallback)
    HAL_PCD_SetAddress                       0x08002a41   Thumb Code    40  stm32f4xx_hal_pcd.o(i.HAL_PCD_SetAddress)
    HAL_PCD_SetupStageCallback               0x08002a69   Thumb Code    14  usbd_conf.o(i.HAL_PCD_SetupStageCallback)
    HAL_PCD_Start                            0x08002a77   Thumb Code    66  stm32f4xx_hal_pcd.o(i.HAL_PCD_Start)
    HAL_PCD_SuspendCallback                  0x08002ab9   Thumb Code    44  usbd_conf.o(i.HAL_PCD_SuspendCallback)
    HAL_RCC_ClockConfig                      0x08002ae9   Thumb Code   286  stm32f4xx_hal_rcc.o(i.HAL_RCC_ClockConfig)
    HAL_RCC_GetHCLKFreq                      0x08002c19   Thumb Code     6  stm32f4xx_hal_rcc.o(i.HAL_RCC_GetHCLKFreq)
    HAL_RCC_GetPCLK1Freq                     0x08002c25   Thumb Code    20  stm32f4xx_hal_rcc.o(i.HAL_RCC_GetPCLK1Freq)
    HAL_RCC_GetPCLK2Freq                     0x08002c45   Thumb Code    20  stm32f4xx_hal_rcc.o(i.HAL_RCC_GetPCLK2Freq)
    HAL_RCC_GetSysClockFreq                  0x08002c65   Thumb Code    88  stm32f4xx_hal_rcc.o(i.HAL_RCC_GetSysClockFreq)
    HAL_RCC_MCOConfig                        0x08002cc9   Thumb Code   126  stm32f4xx_hal_rcc.o(i.HAL_RCC_MCOConfig)
    HAL_RCC_OscConfig                        0x08002d55   Thumb Code   770  stm32f4xx_hal_rcc.o(i.HAL_RCC_OscConfig)
    HAL_SYSTICK_Config                       0x08003071   Thumb Code    40  stm32f4xx_hal_cortex.o(i.HAL_SYSTICK_Config)
    HAL_TIMEx_BreakCallback                  0x08003099   Thumb Code     2  stm32f4xx_hal_tim_ex.o(i.HAL_TIMEx_BreakCallback)
    HAL_TIMEx_CommutCallback                 0x0800309b   Thumb Code     2  stm32f4xx_hal_tim_ex.o(i.HAL_TIMEx_CommutCallback)
    HAL_TIMEx_MasterConfigSynchronization    0x0800309d   Thumb Code    66  stm32f4xx_hal_tim_ex.o(i.HAL_TIMEx_MasterConfigSynchronization)
    HAL_TIM_Base_Init                        0x080030df   Thumb Code    54  stm32f4xx_hal_tim.o(i.HAL_TIM_Base_Init)
    HAL_TIM_Base_MspInit                     0x08003115   Thumb Code   142  tim.o(i.HAL_TIM_Base_MspInit)
    HAL_TIM_Base_Start                       0x080031bd   Thumb Code    36  stm32f4xx_hal_tim.o(i.HAL_TIM_Base_Start)
    HAL_TIM_Base_Start_IT                    0x080031e1   Thumb Code    34  stm32f4xx_hal_tim.o(i.HAL_TIM_Base_Start_IT)
    HAL_TIM_Base_Stop_IT                     0x08003203   Thumb Code    42  stm32f4xx_hal_tim.o(i.HAL_TIM_Base_Stop_IT)
    HAL_TIM_ConfigClockSource                0x0800322d   Thumb Code   214  stm32f4xx_hal_tim.o(i.HAL_TIM_ConfigClockSource)
    HAL_TIM_IC_CaptureCallback               0x08003303   Thumb Code     2  stm32f4xx_hal_tim.o(i.HAL_TIM_IC_CaptureCallback)
    HAL_TIM_IRQHandler                       0x08003305   Thumb Code   358  stm32f4xx_hal_tim.o(i.HAL_TIM_IRQHandler)
    HAL_TIM_OC_DelayElapsedCallback          0x0800346b   Thumb Code     2  stm32f4xx_hal_tim.o(i.HAL_TIM_OC_DelayElapsedCallback)
    HAL_TIM_PWM_PulseFinishedCallback        0x0800346d   Thumb Code     2  stm32f4xx_hal_tim.o(i.HAL_TIM_PWM_PulseFinishedCallback)
    HAL_TIM_PeriodElapsedCallback            0x0800346f   Thumb Code     2  stm32f4xx_hal_tim.o(i.HAL_TIM_PeriodElapsedCallback)
    HAL_TIM_TriggerCallback                  0x08003471   Thumb Code     2  stm32f4xx_hal_tim.o(i.HAL_TIM_TriggerCallback)
    HAL_UART_Init                            0x08003473   Thumb Code    98  stm32f4xx_hal_uart.o(i.HAL_UART_Init)
    HAL_UART_MspInit                         0x080034d5   Thumb Code   168  usart.o(i.HAL_UART_MspInit)
    HardFault_Handler                        0x08003591   Thumb Code     2  stm32f4xx_it.o(i.HardFault_Handler)
    HardResetUSB                             0x08003595   Thumb Code    52  main.o(i.HardResetUSB)
    I2C1_ER_IRQHandler                       0x080035cd   Thumb Code     6  stm32f4xx_it.o(i.I2C1_ER_IRQHandler)
    I2C1_EV_IRQHandler                       0x080035d9   Thumb Code     6  stm32f4xx_it.o(i.I2C1_EV_IRQHandler)
    MRTU_CRC                                 0x080041d9   Thumb Code    40  modbus_rtu.o(i.MRTU_CRC)
    MX_ADC3_Init                             0x08004205   Thumb Code   226  adc.o(i.MX_ADC3_Init)
    MX_CAN1_Init                             0x080042f5   Thumb Code    52  can.o(i.MX_CAN1_Init)
    MX_CAN2_Init                             0x08004331   Thumb Code    52  can.o(i.MX_CAN2_Init)
    MX_DAC_Init                              0x0800436d   Thumb Code    68  dac.o(i.MX_DAC_Init)
    MX_DMA_Init                              0x080043b9   Thumb Code    88  dma.o(i.MX_DMA_Init)
    MX_GPIO_Init                             0x08004415   Thumb Code   180  gpio.o(i.MX_GPIO_Init)
    MX_I2C1_Init                             0x080044d9   Thumb Code    50  i2c.o(i.MX_I2C1_Init)
    MX_TIM1_Init                             0x08004519   Thumb Code    96  tim.o(i.MX_TIM1_Init)
    MX_TIM3_Init                             0x08004581   Thumb Code    98  tim.o(i.MX_TIM3_Init)
    MX_TIM4_Init                             0x080045ed   Thumb Code    92  tim.o(i.MX_TIM4_Init)
    MX_TIM5_Init                             0x08004651   Thumb Code    94  tim.o(i.MX_TIM5_Init)
    MX_TIM6_Init                             0x080046b9   Thumb Code    62  tim.o(i.MX_TIM6_Init)
    MX_USART2_UART_Init                      0x08004701   Thumb Code    48  usart.o(i.MX_USART2_UART_Init)
    MX_USART3_UART_Init                      0x08004739   Thumb Code    48  usart.o(i.MX_USART3_UART_Init)
    MX_USB_DEVICE_Init                       0x08004771   Thumb Code    66  usb_device.o(i.MX_USB_DEVICE_Init)
    MemManage_Handler                        0x080047c5   Thumb Code     2  stm32f4xx_it.o(i.MemManage_Handler)
    NMI_Handler                              0x080047c7   Thumb Code     2  stm32f4xx_it.o(i.NMI_Handler)
    OTG_FS_IRQHandler                        0x080047c9   Thumb Code     6  stm32f4xx_it.o(i.OTG_FS_IRQHandler)
    PendSV_Handler                           0x08004953   Thumb Code     2  stm32f4xx_it.o(i.PendSV_Handler)
    SVC_Handler                              0x08004955   Thumb Code     2  stm32f4xx_it.o(i.SVC_Handler)
    SysTick_Handler                          0x08004957   Thumb Code     4  stm32f4xx_it.o(i.SysTick_Handler)
    SystemClock_Config                       0x0800495d   Thumb Code   134  main.o(i.SystemClock_Config)
    SystemInit                               0x080049ed   Thumb Code    66  system_stm32f4xx.o(i.SystemInit)
    TIM4_IRQHandler                          0x08004a41   Thumb Code     6  stm32f4xx_it.o(i.TIM4_IRQHandler)
    TIM_Base_SetConfig                       0x08004a4d   Thumb Code   156  stm32f4xx_hal_tim.o(i.TIM_Base_SetConfig)
    TIM_ETR_SetConfig                        0x08004b15   Thumb Code    20  stm32f4xx_hal_tim.o(i.TIM_ETR_SetConfig)
    USBD_CDC_GetDeviceQualifierDescriptor    0x08004f0d   Thumb Code     8  usbd_cdc.o(i.USBD_CDC_GetDeviceQualifierDescriptor)
    USBD_CDC_ReceivePacket                   0x08004fd1   Thumb Code    40  usbd_cdc.o(i.USBD_CDC_ReceivePacket)
    USBD_CDC_RegisterInterface               0x08004ff9   Thumb Code    16  usbd_cdc.o(i.USBD_CDC_RegisterInterface)
    USBD_CDC_SetRxBuffer                     0x08005009   Thumb Code    12  usbd_cdc.o(i.USBD_CDC_SetRxBuffer)
    USBD_CDC_SetTxBuffer                     0x08005015   Thumb Code    16  usbd_cdc.o(i.USBD_CDC_SetTxBuffer)
    USBD_CDC_TransmitPacket                  0x080050d1   Thumb Code    54  usbd_cdc.o(i.USBD_CDC_TransmitPacket)
    USBD_ClrClassConfig                      0x08005107   Thumb Code    14  usbd_core.o(i.USBD_ClrClassConfig)
    USBD_CtlContinueRx                       0x08005115   Thumb Code    16  usbd_ioreq.o(i.USBD_CtlContinueRx)
    USBD_CtlContinueSendData                 0x08005125   Thumb Code    16  usbd_ioreq.o(i.USBD_CtlContinueSendData)
    USBD_CtlError                            0x08005135   Thumb Code    22  usbd_ctlreq.o(i.USBD_CtlError)
    USBD_CtlPrepareRx                        0x0800514b   Thumb Code    30  usbd_ioreq.o(i.USBD_CtlPrepareRx)
    USBD_CtlReceiveStatus                    0x08005169   Thumb Code    22  usbd_ioreq.o(i.USBD_CtlReceiveStatus)
    USBD_CtlSendData                         0x0800517f   Thumb Code    26  usbd_ioreq.o(i.USBD_CtlSendData)
    USBD_CtlSendStatus                       0x08005199   Thumb Code    22  usbd_ioreq.o(i.USBD_CtlSendStatus)
    USBD_FS_ConfigStrDescriptor              0x080051b1   Thumb Code    16  usbd_desc.o(i.USBD_FS_ConfigStrDescriptor)
    USBD_FS_DeviceDescriptor                 0x080051d1   Thumb Code     8  usbd_desc.o(i.USBD_FS_DeviceDescriptor)
    USBD_FS_InterfaceStrDescriptor           0x080051dd   Thumb Code    16  usbd_desc.o(i.USBD_FS_InterfaceStrDescriptor)
    USBD_FS_LangIDStrDescriptor              0x08005201   Thumb Code     8  usbd_desc.o(i.USBD_FS_LangIDStrDescriptor)
    USBD_FS_ManufacturerStrDescriptor        0x0800520d   Thumb Code    16  usbd_desc.o(i.USBD_FS_ManufacturerStrDescriptor)
    USBD_FS_ProductStrDescriptor             0x08005229   Thumb Code    16  usbd_desc.o(i.USBD_FS_ProductStrDescriptor)
    USBD_FS_SerialStrDescriptor              0x08005249   Thumb Code    48  usbd_desc.o(i.USBD_FS_SerialStrDescriptor)
    USBD_GetString                           0x08005369   Thumb Code    72  usbd_ctlreq.o(i.USBD_GetString)
    USBD_Get_USB_Status                      0x080053b1   Thumb Code    24  usbd_conf.o(i.USBD_Get_USB_Status)
    USBD_Init                                0x080053c9   Thumb Code    42  usbd_core.o(i.USBD_Init)
    USBD_LL_ClearStallEP                     0x080053f3   Thumb Code    18  usbd_conf.o(i.USBD_LL_ClearStallEP)
    USBD_LL_CloseEP                          0x08005405   Thumb Code    18  usbd_conf.o(i.USBD_LL_CloseEP)
    USBD_LL_DataInStage                      0x08005417   Thumb Code   198  usbd_core.o(i.USBD_LL_DataInStage)
    USBD_LL_DataOutStage                     0x080054dd   Thumb Code   130  usbd_core.o(i.USBD_LL_DataOutStage)
    USBD_LL_DevConnected                     0x0800555f   Thumb Code     4  usbd_core.o(i.USBD_LL_DevConnected)
    USBD_LL_DevDisconnected                  0x08005563   Thumb Code    22  usbd_core.o(i.USBD_LL_DevDisconnected)
    USBD_LL_GetRxDataSize                    0x08005579   Thumb Code     8  usbd_conf.o(i.USBD_LL_GetRxDataSize)
    USBD_LL_Init                             0x08005581   Thumb Code    90  usbd_conf.o(i.USBD_LL_Init)
    USBD_LL_IsStallEP                        0x080055e1   Thumb Code    32  usbd_conf.o(i.USBD_LL_IsStallEP)
    USBD_LL_IsoINIncomplete                  0x08005601   Thumb Code     4  usbd_core.o(i.USBD_LL_IsoINIncomplete)
    USBD_LL_IsoOUTIncomplete                 0x08005605   Thumb Code     4  usbd_core.o(i.USBD_LL_IsoOUTIncomplete)
    USBD_LL_OpenEP                           0x08005609   Thumb Code    24  usbd_conf.o(i.USBD_LL_OpenEP)
    USBD_LL_PrepareReceive                   0x08005621   Thumb Code    18  usbd_conf.o(i.USBD_LL_PrepareReceive)
    USBD_LL_Reset                            0x08005633   Thumb Code    80  usbd_core.o(i.USBD_LL_Reset)
    USBD_LL_Resume                           0x08005683   Thumb Code    12  usbd_core.o(i.USBD_LL_Resume)
    USBD_LL_SOF                              0x0800568f   Thumb Code    24  usbd_core.o(i.USBD_LL_SOF)
    USBD_LL_SetSpeed                         0x080056a7   Thumb Code     6  usbd_core.o(i.USBD_LL_SetSpeed)
    USBD_LL_SetUSBAddress                    0x080056ad   Thumb Code    18  usbd_conf.o(i.USBD_LL_SetUSBAddress)
    USBD_LL_SetupStage                       0x080056bf   Thumb Code    90  usbd_core.o(i.USBD_LL_SetupStage)
    USBD_LL_StallEP                          0x08005719   Thumb Code    18  usbd_conf.o(i.USBD_LL_StallEP)
    USBD_LL_Start                            0x0800572b   Thumb Code    18  usbd_conf.o(i.USBD_LL_Start)
    USBD_LL_Suspend                          0x0800573d   Thumb Code    18  usbd_core.o(i.USBD_LL_Suspend)
    USBD_LL_Transmit                         0x0800574f   Thumb Code    18  usbd_conf.o(i.USBD_LL_Transmit)
    USBD_ParseSetupRequest                   0x08005761   Thumb Code    40  usbd_ctlreq.o(i.USBD_ParseSetupRequest)
    USBD_RegisterClass                       0x08005789   Thumb Code    16  usbd_core.o(i.USBD_RegisterClass)
    USBD_SetClassConfig                      0x08005799   Thumb Code    22  usbd_core.o(i.USBD_SetClassConfig)
    USBD_Start                               0x08005835   Thumb Code    10  usbd_core.o(i.USBD_Start)
    USBD_StdDevReq                           0x0800583f   Thumb Code   274  usbd_ctlreq.o(i.USBD_StdDevReq)
    USBD_StdEPReq                            0x08005951   Thumb Code   336  usbd_ctlreq.o(i.USBD_StdEPReq)
    USBD_StdItfReq                           0x08005aa1   Thumb Code    78  usbd_ctlreq.o(i.USBD_StdItfReq)
    USB_ActivateEndpoint                     0x08005af1   Thumb Code   122  stm32f4xx_ll_usb.o(i.USB_ActivateEndpoint)
    USB_ActivateSetup                        0x08005b71   Thumb Code    52  stm32f4xx_ll_usb.o(i.USB_ActivateSetup)
    USB_CoreInit                             0x08005ba5   Thumb Code   112  stm32f4xx_ll_usb.o(i.USB_CoreInit)
    USB_DeactivateEndpoint                   0x08005c51   Thumb Code   118  stm32f4xx_ll_usb.o(i.USB_DeactivateEndpoint)
    USB_DevConnect                           0x08005cd1   Thumb Code    24  stm32f4xx_ll_usb.o(i.USB_DevConnect)
    USB_DevDisconnect                        0x08005ce9   Thumb Code    24  stm32f4xx_ll_usb.o(i.USB_DevDisconnect)
    USB_DevInit                              0x08005d01   Thumb Code   378  stm32f4xx_ll_usb.o(i.USB_DevInit)
    USB_DisableGlobalInt                     0x08005e8d   Thumb Code    12  stm32f4xx_ll_usb.o(i.USB_DisableGlobalInt)
    USB_EP0StartXfer                         0x08005e99   Thumb Code   276  stm32f4xx_ll_usb.o(i.USB_EP0StartXfer)
    USB_EP0_OutStart                         0x08005fb1   Thumb Code    84  stm32f4xx_ll_usb.o(i.USB_EP0_OutStart)
    USB_EPClearStall                         0x08006009   Thumb Code    88  stm32f4xx_ll_usb.o(i.USB_EPClearStall)
    USB_EPSetStall                           0x08006061   Thumb Code    88  stm32f4xx_ll_usb.o(i.USB_EPSetStall)
    USB_EPStartXfer                          0x080060b9   Thumb Code   482  stm32f4xx_ll_usb.o(i.USB_EPStartXfer)
    USB_EnableGlobalInt                      0x080062a1   Thumb Code    12  stm32f4xx_ll_usb.o(i.USB_EnableGlobalInt)
    USB_FlushRxFifo                          0x080062ad   Thumb Code    28  stm32f4xx_ll_usb.o(i.USB_FlushRxFifo)
    USB_FlushTxFifo                          0x080062cd   Thumb Code    32  stm32f4xx_ll_usb.o(i.USB_FlushTxFifo)
    USB_GetDevSpeed                          0x080062f1   Thumb Code    26  stm32f4xx_ll_usb.o(i.USB_GetDevSpeed)
    USB_GetMode                              0x0800630b   Thumb Code     8  stm32f4xx_ll_usb.o(i.USB_GetMode)
    USB_ReadDevAllInEpInterrupt              0x08006313   Thumb Code    14  stm32f4xx_ll_usb.o(i.USB_ReadDevAllInEpInterrupt)
    USB_ReadDevAllOutEpInterrupt             0x08006321   Thumb Code    14  stm32f4xx_ll_usb.o(i.USB_ReadDevAllOutEpInterrupt)
    USB_ReadDevInEPInterrupt                 0x0800632f   Thumb Code    36  stm32f4xx_ll_usb.o(i.USB_ReadDevInEPInterrupt)
    USB_ReadDevOutEPInterrupt                0x08006353   Thumb Code    16  stm32f4xx_ll_usb.o(i.USB_ReadDevOutEPInterrupt)
    USB_ReadInterrupts                       0x08006363   Thumb Code     8  stm32f4xx_ll_usb.o(i.USB_ReadInterrupts)
    USB_ReadPacket                           0x0800636b   Thumb Code    28  stm32f4xx_ll_usb.o(i.USB_ReadPacket)
    USB_SetCurrentMode                       0x08006387   Thumb Code    46  stm32f4xx_ll_usb.o(i.USB_SetCurrentMode)
    USB_SetDevAddress                        0x080063b5   Thumb Code    34  stm32f4xx_ll_usb.o(i.USB_SetDevAddress)
    USB_SetTurnaroundTime                    0x080063d9   Thumb Code   158  stm32f4xx_ll_usb.o(i.USB_SetTurnaroundTime)
    USB_WritePacket                          0x080064c1   Thumb Code    36  stm32f4xx_ll_usb.o(i.USB_WritePacket)
    UsageFault_Handler                       0x080064e5   Thumb Code     2  stm32f4xx_it.o(i.UsageFault_Handler)
    __scatterload_copy                       0x08006507   Thumb Code    14  handlers.o(i.__scatterload_copy)
    __scatterload_null                       0x08006515   Thumb Code     2  handlers.o(i.__scatterload_null)
    __scatterload_zeroinit                   0x08006517   Thumb Code    14  handlers.o(i.__scatterload_zeroinit)
    _timer_is_run                            0x08006525   Thumb Code    10  vcp_time_segmentation.o(i._timer_is_run)
    free                                     0x08006531   Thumb Code    76  malloc.o(i.free)
    ina226_body_read_queue                   0x08006581   Thumb Code    72  ina226.o(i.ina226_body_read_queue)
    ina226_init                              0x080065c9   Thumb Code   422  ina226.o(i.ina226_init)
    ina226_read_data_process                 0x08006779   Thumb Code    56  ina226.o(i.ina226_read_data_process)
    ina226_read_request                      0x080067b1   Thumb Code    24  ina226.o(i.ina226_read_request)
    ina226_reg_addr_set                      0x080067c9   Thumb Code    26  ina226.o(i.ina226_reg_addr_set)
    ina226_snake                             0x080067e3   Thumb Code    32  ina226.o(i.ina226_snake)
    ina226_start_read_queue                  0x08006803   Thumb Code    12  ina226.o(i.ina226_start_read_queue)
    main                                     0x08006811   Thumb Code   406  main.o(i.main)
    malloc                                   0x080069dd   Thumb Code    92  malloc.o(i.malloc)
    modbus_RX_TX_handler                     0x08006a49   Thumb Code   208  modbus_rtu.o(i.modbus_RX_TX_handler)
    modbus_answ                              0x08006b21   Thumb Code    62  modbus_rtu.o(i.modbus_answ)
    modbus_answ_shrt                         0x08006b5f   Thumb Code    32  modbus_rtu.o(i.modbus_answ_shrt)
    modbus_struct_init_constant              0x08006b81   Thumb Code    46  modbus_rtu.o(i.modbus_struct_init_constant)
    vcp_uart_CDC_Receive                     0x08006baf   Thumb Code   100  vcp_time_segmentation.o(i.vcp_uart_CDC_Receive)
    vcp_uart_init                            0x08006c13   Thumb Code    74  vcp_time_segmentation.o(i.vcp_uart_init)
    vcp_uart_write                           0x08006c5d   Thumb Code   128  vcp_time_segmentation.o(i.vcp_uart_write)
    AHBPrescTable                            0x08006ce4   Data          16  system_stm32f4xx.o(.constdata)
    APBPrescTable                            0x08006cf4   Data           8  system_stm32f4xx.o(.constdata)
    Region$$Table$$Base                      0x08006cfc   Number         0  anon$$obj.o(Region$$Table)
    Region$$Table$$Limit                     0x08006d1c   Number         0  anon$$obj.o(Region$$Table)
    mb_adc_settings                          0x20000000   Data           6  main.o(.data)
    FS_Desc                                  0x2000000c   Data          28  usbd_desc.o(.data)
    USBD_LangIDDesc                          0x20000028   Data           4  usbd_desc.o(.data)
    USBD_FS_DeviceDesc                       0x2000002c   Data          18  usbd_desc.o(.data)
    USBD_StringSerial                        0x20000040   Data          26  usbd_desc.o(.data)
    USBD_Interface_fops_FS                   0x2000005c   Data          16  usbd_cdc_if.o(.data)
    uwTickFreq                               0x2000006c   Data           1  stm32f4xx_hal.o(.data)
    uwTickPrio                               0x20000070   Data           4  stm32f4xx_hal.o(.data)
    uwTick                                   0x20000074   Data           4  stm32f4xx_hal.o(.data)
    SystemCoreClock                          0x20000078   Data           4  system_stm32f4xx.o(.data)
    USBD_CDC_CfgHSDesc                       0x2000008c   Data          67  usbd_cdc.o(.data)
    USBD_CDC_CfgFSDesc                       0x200000d0   Data          67  usbd_cdc.o(.data)
    USBD_CDC_OtherSpeedCfgDesc               0x20000114   Data          67  usbd_cdc.o(.data)
    USBD_CDC                                 0x20000158   Data          56  usbd_cdc.o(.data)
    len                                      0x20000190   Data           1  modbus_rtu.o(.data)
    auchCRCHi                                0x20000191   Data         256  modbus_rtu.o(.data)
    auchCRCLo                                0x20000291   Data         256  modbus_rtu.o(.data)
    __microlib_freelist                      0x20000394   Data           4  mvars.o(.data)
    __microlib_freelist_initialised          0x20000398   Data           4  mvars.o(.data)
    ina_226                                  0x2000039c   Data          84  main.o(.bss)
    vcp                                      0x200003f0   Data         676  main.o(.bss)
    mb_adc                                   0x20000694   Data          16  main.o(.bss)
    mb_dac1                                  0x200006a4   Data        1056  main.o(.bss)
    mb_dac2                                  0x20000ac4   Data        1056  main.o(.bss)
    mb_data_union                            0x20000ee4   Data       32768  main.o(.bss)
    hadc3                                    0x20008ee4   Data          72  adc.o(.bss)
    hdma_adc3                                0x20008f2c   Data          96  adc.o(.bss)
    hcan1                                    0x20008f8c   Data          40  can.o(.bss)
    hcan2                                    0x20008fb4   Data          40  can.o(.bss)
    hdac                                     0x20008fdc   Data          20  dac.o(.bss)
    hdma_dac1                                0x20008ff0   Data          96  dac.o(.bss)
    hdma_dac2                                0x20009050   Data          96  dac.o(.bss)
    hi2c1                                    0x200090b0   Data          84  i2c.o(.bss)
    htim1                                    0x20009104   Data          64  tim.o(.bss)
    htim3                                    0x20009144   Data          64  tim.o(.bss)
    htim4                                    0x20009184   Data          64  tim.o(.bss)
    htim5                                    0x200091c4   Data          64  tim.o(.bss)
    htim6                                    0x20009204   Data          64  tim.o(.bss)
    huart2                                   0x20009244   Data          64  usart.o(.bss)
    huart3                                   0x20009284   Data          64  usart.o(.bss)
    hUsbDeviceFS                             0x200092c4   Data         668  usb_device.o(.bss)
    hpcd_USB_OTG_FS                          0x20009560   Data        1032  usbd_conf.o(.bss)
    USBD_StrDesc                             0x20009968   Data          64  usbd_desc.o(.bss)
    rx_tx_data_buff                          0x200099a8   Data         256  modbus_rtu.o(.bss)
    __heap_base                              0x20009aa8   Data           0  startup_stm32f405xx.o(HEAP)
    __heap_limit                             0x20009ea8   Data           0  startup_stm32f405xx.o(HEAP)
    __initial_sp                             0x2000a6a8   Data           0  startup_stm32f405xx.o(STACK)



==============================================================================

Memory Map of the image

  Image Entry point : 0x08000189

  Load Region LR_IROM1 (Base: 0x08000000, Size: 0x000070b8, Max: 0x00100000, ABSOLUTE, COMPRESSED[0x00006f00])

    Execution Region ER_IROM1 (Exec base: 0x08000000, Load base: 0x08000000, Size: 0x00006d1c, Max: 0x00100000, ABSOLUTE)

    Exec Addr    Load Addr    Size         Type   Attr      Idx    E Section Name        Object

    0x08000000   0x08000000   0x00000188   Data   RO            3    RESET               startup_stm32f405xx.o
    0x08000188   0x08000188   0x00000000   Code   RO         5884  * .ARM.Collect$$$$00000000  mc_w.l(entry.o)
    0x08000188   0x08000188   0x00000004   Code   RO         5931    .ARM.Collect$$$$00000001  mc_w.l(entry2.o)
    0x0800018c   0x0800018c   0x00000004   Code   RO         5934    .ARM.Collect$$$$00000004  mc_w.l(entry5.o)
    0x08000190   0x08000190   0x00000000   Code   RO         5936    .ARM.Collect$$$$00000008  mc_w.l(entry7b.o)
    0x08000190   0x08000190   0x00000000   Code   RO         5938    .ARM.Collect$$$$0000000A  mc_w.l(entry8b.o)
    0x08000190   0x08000190   0x00000008   Code   RO         5939    .ARM.Collect$$$$0000000B  mc_w.l(entry9a.o)
    0x08000198   0x08000198   0x00000000   Code   RO         5941    .ARM.Collect$$$$0000000D  mc_w.l(entry10a.o)
    0x08000198   0x08000198   0x00000000   Code   RO         5943    .ARM.Collect$$$$0000000F  mc_w.l(entry11a.o)
    0x08000198   0x08000198   0x00000004   Code   RO         5932    .ARM.Collect$$$$00002712  mc_w.l(entry2.o)
    0x0800019c   0x0800019c   0x00000024   Code   RO            4    .text               startup_stm32f405xx.o
    0x080001c0   0x080001c0   0x00000062   Code   RO         5887    .text               mc_w.l(uldiv.o)
    0x08000222   0x08000222   0x00000024   Code   RO         5889    .text               mc_w.l(memcpya.o)
    0x08000246   0x08000246   0x00000024   Code   RO         5891    .text               mc_w.l(memseta.o)
    0x0800026a   0x0800026a   0x0000001a   Code   RO         5893    .text               mc_w.l(memcmp.o)
    0x08000284   0x08000284   0x000000e4   Code   RO         5925    .text               mf_w.l(dmul.o)
    0x08000368   0x08000368   0x0000001a   Code   RO         5927    .text               mf_w.l(dfltui.o)
    0x08000382   0x08000382   0x00000032   Code   RO         5929    .text               mf_w.l(dfixui.o)
    0x080003b4   0x080003b4   0x0000001e   Code   RO         5945    .text               mc_w.l(llshl.o)
    0x080003d2   0x080003d2   0x00000020   Code   RO         5947    .text               mc_w.l(llushr.o)
    0x080003f2   0x080003f2   0x00000000   Code   RO         5951    .text               mc_w.l(iusefp.o)
    0x080003f2   0x080003f2   0x000000ba   Code   RO         5952    .text               mf_w.l(depilogue.o)
    0x080004ac   0x080004ac   0x00000024   Code   RO         5954    .text               mc_w.l(init.o)
    0x080004d0   0x080004d0   0x00000056   Code   RO         5964    .text               mc_w.l(__dczerorl2.o)
    0x08000526   0x08000526   0x0000006e   Code   RO         2853    i.ADC_DMAConvCplt   stm32f4xx_hal_adc.o
    0x08000594   0x08000594   0x00000016   Code   RO         2854    i.ADC_DMAError      stm32f4xx_hal_adc.o
    0x080005aa   0x080005aa   0x0000000a   Code   RO         2855    i.ADC_DMAHalfConvCplt  stm32f4xx_hal_adc.o
    0x080005b4   0x080005b4   0x00000128   Code   RO         2856    i.ADC_Init          stm32f4xx_hal_adc.o
    0x080006dc   0x080006dc   0x00000002   Code   RO         1020    i.BusFault_Handler  stm32f4xx_it.o
    0x080006de   0x080006de   0x00000004   Code   RO          967    i.CDC_Control_FS    usbd_cdc_if.o
    0x080006e2   0x080006e2   0x00000004   Code   RO          968    i.CDC_DeInit_FS     usbd_cdc_if.o
    0x080006e6   0x080006e6   0x00000002   PAD
    0x080006e8   0x080006e8   0x00000020   Code   RO          969    i.CDC_Init_FS       usbd_cdc_if.o
    0x08000708   0x08000708   0x00000014   Code   RO          970    i.CDC_Receive_FS    usbd_cdc_if.o
    0x0800071c   0x0800071c   0x00000010   Code   RO         3362    i.DAC_DMAConvCpltCh1  stm32f4xx_hal_dac.o
    0x0800072c   0x0800072c   0x00000010   Code   RO         3503    i.DAC_DMAConvCpltCh2  stm32f4xx_hal_dac_ex.o
    0x0800073c   0x0800073c   0x00000018   Code   RO         3363    i.DAC_DMAErrorCh1   stm32f4xx_hal_dac.o
    0x08000754   0x08000754   0x00000018   Code   RO         3504    i.DAC_DMAErrorCh2   stm32f4xx_hal_dac_ex.o
    0x0800076c   0x0800076c   0x0000000a   Code   RO         3364    i.DAC_DMAHalfConvCpltCh1  stm32f4xx_hal_dac.o
    0x08000776   0x08000776   0x0000000a   Code   RO         3505    i.DAC_DMAHalfConvCpltCh2  stm32f4xx_hal_dac_ex.o
    0x08000780   0x08000780   0x0000000c   Code   RO         1021    i.DMA1_Stream5_IRQHandler  stm32f4xx_it.o
    0x0800078c   0x0800078c   0x0000000c   Code   RO         1022    i.DMA1_Stream6_IRQHandler  stm32f4xx_it.o
    0x08000798   0x08000798   0x0000000c   Code   RO         1023    i.DMA2_Stream0_IRQHandler  stm32f4xx_it.o
    0x080007a4   0x080007a4   0x00000028   Code   RO         2183    i.DMA_CalcBaseAndBitshift  stm32f4xx_hal_dma.o
    0x080007cc   0x080007cc   0x00000054   Code   RO         2184    i.DMA_CheckFifoParam  stm32f4xx_hal_dma.o
    0x08000820   0x08000820   0x00000028   Code   RO         2185    i.DMA_SetConfig     stm32f4xx_hal_dma.o
    0x08000848   0x08000848   0x00000002   Code   RO         1024    i.DebugMon_Handler  stm32f4xx_it.o
    0x0800084a   0x0800084a   0x00000002   Code   RO           13    i.Error_Handler     main.o
    0x0800084c   0x0800084c   0x0000014c   Code   RO         2858    i.HAL_ADC_ConfigChannel  stm32f4xx_hal_adc.o
    0x08000998   0x08000998   0x00000002   Code   RO           14    i.HAL_ADC_ConvCpltCallback  main.o
    0x0800099a   0x0800099a   0x00000002   Code   RO         2860    i.HAL_ADC_ConvHalfCpltCallback  stm32f4xx_hal_adc.o
    0x0800099c   0x0800099c   0x00000002   Code   RO         2862    i.HAL_ADC_ErrorCallback  stm32f4xx_hal_adc.o
    0x0800099e   0x0800099e   0x00000054   Code   RO         2867    i.HAL_ADC_Init      stm32f4xx_hal_adc.o
    0x080009f2   0x080009f2   0x00000002   PAD
    0x080009f4   0x080009f4   0x000000c8   Code   RO          316    i.HAL_ADC_MspInit   adc.o
    0x08000abc   0x08000abc   0x00000130   Code   RO         2874    i.HAL_ADC_Start_DMA  stm32f4xx_hal_adc.o
    0x08000bec   0x08000bec   0x00000058   Code   RO         2877    i.HAL_ADC_Stop_DMA  stm32f4xx_hal_adc.o
    0x08000c44   0x08000c44   0x0000011a   Code   RO         3142    i.HAL_CAN_Init      stm32f4xx_hal_can.o
    0x08000d5e   0x08000d5e   0x00000002   PAD
    0x08000d60   0x08000d60   0x000000dc   Code   RO          358    i.HAL_CAN_MspInit   can.o
    0x08000e3c   0x08000e3c   0x00000002   Code   RO         3506    i.HAL_DACEx_ConvCpltCallbackCh2  stm32f4xx_hal_dac_ex.o
    0x08000e3e   0x08000e3e   0x00000002   Code   RO         3507    i.HAL_DACEx_ConvHalfCpltCallbackCh2  stm32f4xx_hal_dac_ex.o
    0x08000e40   0x08000e40   0x00000002   Code   RO         3511    i.HAL_DACEx_ErrorCallbackCh2  stm32f4xx_hal_dac_ex.o
    0x08000e42   0x08000e42   0x00000042   Code   RO         3365    i.HAL_DAC_ConfigChannel  stm32f4xx_hal_dac.o
    0x08000e84   0x08000e84   0x00000002   Code   RO         3366    i.HAL_DAC_ConvCpltCallbackCh1  stm32f4xx_hal_dac.o
    0x08000e86   0x08000e86   0x00000002   Code   RO         3367    i.HAL_DAC_ConvHalfCpltCallbackCh1  stm32f4xx_hal_dac.o
    0x08000e88   0x08000e88   0x00000002   Code   RO         3370    i.HAL_DAC_ErrorCallbackCh1  stm32f4xx_hal_dac.o
    0x08000e8a   0x08000e8a   0x00000028   Code   RO         3375    i.HAL_DAC_Init      stm32f4xx_hal_dac.o
    0x08000eb2   0x08000eb2   0x00000002   PAD
    0x08000eb4   0x08000eb4   0x000000e0   Code   RO          407    i.HAL_DAC_MspInit   dac.o
    0x08000f94   0x08000f94   0x00000100   Code   RO         3380    i.HAL_DAC_Start_DMA  stm32f4xx_hal_dac.o
    0x08001094   0x08001094   0x00000038   Code   RO         3382    i.HAL_DAC_Stop_DMA  stm32f4xx_hal_dac.o
    0x080010cc   0x080010cc   0x0000008e   Code   RO         2186    i.HAL_DMA_Abort     stm32f4xx_hal_dma.o
    0x0800115a   0x0800115a   0x00000024   Code   RO         2187    i.HAL_DMA_Abort_IT  stm32f4xx_hal_dma.o
    0x0800117e   0x0800117e   0x00000006   Code   RO         2190    i.HAL_DMA_GetState  stm32f4xx_hal_dma.o
    0x08001184   0x08001184   0x000001a0   Code   RO         2191    i.HAL_DMA_IRQHandler  stm32f4xx_hal_dma.o
    0x08001324   0x08001324   0x000000d4   Code   RO         2192    i.HAL_DMA_Init      stm32f4xx_hal_dma.o
    0x080013f8   0x080013f8   0x00000078   Code   RO         2196    i.HAL_DMA_Start_IT  stm32f4xx_hal_dma.o
    0x08001470   0x08001470   0x00000024   Code   RO         2605    i.HAL_Delay         stm32f4xx_hal.o
    0x08001494   0x08001494   0x000001b0   Code   RO         2079    i.HAL_GPIO_Init     stm32f4xx_hal_gpio.o
    0x08001644   0x08001644   0x0000000a   Code   RO         2083    i.HAL_GPIO_WritePin  stm32f4xx_hal_gpio.o
    0x0800164e   0x0800164e   0x00000002   PAD
    0x08001650   0x08001650   0x0000000c   Code   RO         2611    i.HAL_GetTick       stm32f4xx_hal.o
    0x0800165c   0x0800165c   0x00000002   Code   RO         3587    i.HAL_I2C_AbortCpltCallback  stm32f4xx_hal_i2c.o
    0x0800165e   0x0800165e   0x00000002   Code   RO         3588    i.HAL_I2C_AddrCallback  stm32f4xx_hal_i2c.o
    0x08001660   0x08001660   0x000000ba   Code   RO         3591    i.HAL_I2C_ER_IRQHandler  stm32f4xx_hal_i2c.o
    0x0800171a   0x0800171a   0x0000025a   Code   RO         3592    i.HAL_I2C_EV_IRQHandler  stm32f4xx_hal_i2c.o
    0x08001974   0x08001974   0x00000002   Code   RO         3594    i.HAL_I2C_ErrorCallback  stm32f4xx_hal_i2c.o
    0x08001976   0x08001976   0x00000002   PAD
    0x08001978   0x08001978   0x00000174   Code   RO         3598    i.HAL_I2C_Init      stm32f4xx_hal_i2c.o
    0x08001aec   0x08001aec   0x00000002   Code   RO         3600    i.HAL_I2C_ListenCpltCallback  stm32f4xx_hal_i2c.o
    0x08001aee   0x08001aee   0x00000002   PAD
    0x08001af0   0x08001af0   0x00000024   Code   RO           15    i.HAL_I2C_MasterRxCpltCallback  main.o
    0x08001b14   0x08001b14   0x00000024   Code   RO           16    i.HAL_I2C_MasterTxCpltCallback  main.o
    0x08001b38   0x08001b38   0x000001e0   Code   RO         3604    i.HAL_I2C_Master_Receive  stm32f4xx_hal_i2c.o
    0x08001d18   0x08001d18   0x000000c8   Code   RO         3606    i.HAL_I2C_Master_Receive_IT  stm32f4xx_hal_i2c.o
    0x08001de0   0x08001de0   0x0000012c   Code   RO         3611    i.HAL_I2C_Master_Transmit  stm32f4xx_hal_i2c.o
    0x08001f0c   0x08001f0c   0x000000bc   Code   RO         3613    i.HAL_I2C_Master_Transmit_IT  stm32f4xx_hal_i2c.o
    0x08001fc8   0x08001fc8   0x00000002   Code   RO         3614    i.HAL_I2C_MemRxCpltCallback  stm32f4xx_hal_i2c.o
    0x08001fca   0x08001fca   0x00000002   Code   RO         3615    i.HAL_I2C_MemTxCpltCallback  stm32f4xx_hal_i2c.o
    0x08001fcc   0x08001fcc   0x00000088   Code   RO          473    i.HAL_I2C_MspInit   i2c.o
    0x08002054   0x08002054   0x00000002   Code   RO         3624    i.HAL_I2C_SlaveRxCpltCallback  stm32f4xx_hal_i2c.o
    0x08002056   0x08002056   0x00000002   Code   RO         3625    i.HAL_I2C_SlaveTxCpltCallback  stm32f4xx_hal_i2c.o
    0x08002058   0x08002058   0x00000010   Code   RO         2617    i.HAL_IncTick       stm32f4xx_hal.o
    0x08002068   0x08002068   0x00000034   Code   RO         2618    i.HAL_Init          stm32f4xx_hal.o
    0x0800209c   0x0800209c   0x00000040   Code   RO         2619    i.HAL_InitTick      stm32f4xx_hal.o
    0x080020dc   0x080020dc   0x00000030   Code   RO         1138    i.HAL_MspInit       stm32f4xx_hal_msp.o
    0x0800210c   0x0800210c   0x0000001a   Code   RO         2468    i.HAL_NVIC_EnableIRQ  stm32f4xx_hal_cortex.o
    0x08002126   0x08002126   0x00000002   PAD
    0x08002128   0x08002128   0x00000040   Code   RO         2474    i.HAL_NVIC_SetPriority  stm32f4xx_hal_cortex.o
    0x08002168   0x08002168   0x00000024   Code   RO         2475    i.HAL_NVIC_SetPriorityGrouping  stm32f4xx_hal_cortex.o
    0x0800218c   0x0800218c   0x00000002   Code   RO         1383    i.HAL_PCDEx_LPM_Callback  stm32f4xx_hal_pcd_ex.o
    0x0800218e   0x0800218e   0x00000008   Code   RO         1384    i.HAL_PCDEx_SetRxFiFo  stm32f4xx_hal_pcd_ex.o
    0x08002196   0x08002196   0x00000044   Code   RO         1385    i.HAL_PCDEx_SetTxFiFo  stm32f4xx_hal_pcd_ex.o
    0x080021da   0x080021da   0x00000008   Code   RO          686    i.HAL_PCD_ConnectCallback  usbd_conf.o
    0x080021e2   0x080021e2   0x00000012   Code   RO          687    i.HAL_PCD_DataInStageCallback  usbd_conf.o
    0x080021f4   0x080021f4   0x00000014   Code   RO          688    i.HAL_PCD_DataOutStageCallback  usbd_conf.o
    0x08002208   0x08002208   0x00000008   Code   RO          689    i.HAL_PCD_DisconnectCallback  usbd_conf.o
    0x08002210   0x08002210   0x0000004c   Code   RO         1171    i.HAL_PCD_EP_Close  stm32f4xx_hal_pcd.o
    0x0800225c   0x0800225c   0x0000005c   Code   RO         1172    i.HAL_PCD_EP_ClrStall  stm32f4xx_hal_pcd.o
    0x080022b8   0x080022b8   0x00000012   Code   RO         1174    i.HAL_PCD_EP_GetRxCount  stm32f4xx_hal_pcd.o
    0x080022ca   0x080022ca   0x00000060   Code   RO         1175    i.HAL_PCD_EP_Open   stm32f4xx_hal_pcd.o
    0x0800232a   0x0800232a   0x00000048   Code   RO         1176    i.HAL_PCD_EP_Receive  stm32f4xx_hal_pcd.o
    0x08002372   0x08002372   0x00000074   Code   RO         1177    i.HAL_PCD_EP_SetStall  stm32f4xx_hal_pcd.o
    0x080023e6   0x080023e6   0x00000040   Code   RO         1178    i.HAL_PCD_EP_Transmit  stm32f4xx_hal_pcd.o
    0x08002426   0x08002426   0x00000002   PAD
    0x08002428   0x08002428   0x00000464   Code   RO         1180    i.HAL_PCD_IRQHandler  stm32f4xx_hal_pcd.o
    0x0800288c   0x0800288c   0x00000008   Code   RO          690    i.HAL_PCD_ISOINIncompleteCallback  usbd_conf.o
    0x08002894   0x08002894   0x00000008   Code   RO          691    i.HAL_PCD_ISOOUTIncompleteCallback  usbd_conf.o
    0x0800289c   0x0800289c   0x000000e2   Code   RO         1183    i.HAL_PCD_Init      stm32f4xx_hal_pcd.o
    0x0800297e   0x0800297e   0x00000002   PAD
    0x08002980   0x08002980   0x00000084   Code   RO          693    i.HAL_PCD_MspInit   usbd_conf.o
    0x08002a04   0x08002a04   0x0000002c   Code   RO          694    i.HAL_PCD_ResetCallback  usbd_conf.o
    0x08002a30   0x08002a30   0x00000008   Code   RO          695    i.HAL_PCD_ResumeCallback  usbd_conf.o
    0x08002a38   0x08002a38   0x00000008   Code   RO          696    i.HAL_PCD_SOFCallback  usbd_conf.o
    0x08002a40   0x08002a40   0x00000028   Code   RO         1189    i.HAL_PCD_SetAddress  stm32f4xx_hal_pcd.o
    0x08002a68   0x08002a68   0x0000000e   Code   RO          697    i.HAL_PCD_SetupStageCallback  usbd_conf.o
    0x08002a76   0x08002a76   0x00000042   Code   RO         1191    i.HAL_PCD_Start     stm32f4xx_hal_pcd.o
    0x08002ab8   0x08002ab8   0x00000030   Code   RO          698    i.HAL_PCD_SuspendCallback  usbd_conf.o
    0x08002ae8   0x08002ae8   0x00000130   Code   RO         1725    i.HAL_RCC_ClockConfig  stm32f4xx_hal_rcc.o
    0x08002c18   0x08002c18   0x0000000c   Code   RO         1730    i.HAL_RCC_GetHCLKFreq  stm32f4xx_hal_rcc.o
    0x08002c24   0x08002c24   0x00000020   Code   RO         1732    i.HAL_RCC_GetPCLK1Freq  stm32f4xx_hal_rcc.o
    0x08002c44   0x08002c44   0x00000020   Code   RO         1733    i.HAL_RCC_GetPCLK2Freq  stm32f4xx_hal_rcc.o
    0x08002c64   0x08002c64   0x00000064   Code   RO         1734    i.HAL_RCC_GetSysClockFreq  stm32f4xx_hal_rcc.o
    0x08002cc8   0x08002cc8   0x0000008c   Code   RO         1735    i.HAL_RCC_MCOConfig  stm32f4xx_hal_rcc.o
    0x08002d54   0x08002d54   0x0000031c   Code   RO         1737    i.HAL_RCC_OscConfig  stm32f4xx_hal_rcc.o
    0x08003070   0x08003070   0x00000028   Code   RO         2479    i.HAL_SYSTICK_Config  stm32f4xx_hal_cortex.o
    0x08003098   0x08003098   0x00000002   Code   RO         4704    i.HAL_TIMEx_BreakCallback  stm32f4xx_hal_tim_ex.o
    0x0800309a   0x0800309a   0x00000002   Code   RO         4705    i.HAL_TIMEx_CommutCallback  stm32f4xx_hal_tim_ex.o
    0x0800309c   0x0800309c   0x00000042   Code   RO         4722    i.HAL_TIMEx_MasterConfigSynchronization  stm32f4xx_hal_tim_ex.o
    0x080030de   0x080030de   0x00000036   Code   RO         4029    i.HAL_TIM_Base_Init  stm32f4xx_hal_tim.o
    0x08003114   0x08003114   0x000000a8   Code   RO          542    i.HAL_TIM_Base_MspInit  tim.o
    0x080031bc   0x080031bc   0x00000024   Code   RO         4032    i.HAL_TIM_Base_Start  stm32f4xx_hal_tim.o
    0x080031e0   0x080031e0   0x00000022   Code   RO         4034    i.HAL_TIM_Base_Start_IT  stm32f4xx_hal_tim.o
    0x08003202   0x08003202   0x0000002a   Code   RO         4037    i.HAL_TIM_Base_Stop_IT  stm32f4xx_hal_tim.o
    0x0800322c   0x0800322c   0x000000d6   Code   RO         4038    i.HAL_TIM_ConfigClockSource  stm32f4xx_hal_tim.o
    0x08003302   0x08003302   0x00000002   Code   RO         4058    i.HAL_TIM_IC_CaptureCallback  stm32f4xx_hal_tim.o
    0x08003304   0x08003304   0x00000166   Code   RO         4072    i.HAL_TIM_IRQHandler  stm32f4xx_hal_tim.o
    0x0800346a   0x0800346a   0x00000002   Code   RO         4075    i.HAL_TIM_OC_DelayElapsedCallback  stm32f4xx_hal_tim.o
    0x0800346c   0x0800346c   0x00000002   Code   RO         4102    i.HAL_TIM_PWM_PulseFinishedCallback  stm32f4xx_hal_tim.o
    0x0800346e   0x0800346e   0x00000002   Code   RO         4110    i.HAL_TIM_PeriodElapsedCallback  stm32f4xx_hal_tim.o
    0x08003470   0x08003470   0x00000002   Code   RO         4115    i.HAL_TIM_TriggerCallback  stm32f4xx_hal_tim.o
    0x08003472   0x08003472   0x00000062   Code   RO         4980    i.HAL_UART_Init     stm32f4xx_hal_uart.o
    0x080034d4   0x080034d4   0x000000bc   Code   RO          608    i.HAL_UART_MspInit  usart.o
    0x08003590   0x08003590   0x00000002   Code   RO         1025    i.HardFault_Handler  stm32f4xx_it.o
    0x08003592   0x08003592   0x00000002   PAD
    0x08003594   0x08003594   0x00000038   Code   RO           17    i.HardResetUSB      main.o
    0x080035cc   0x080035cc   0x0000000c   Code   RO         1026    i.I2C1_ER_IRQHandler  stm32f4xx_it.o
    0x080035d8   0x080035d8   0x0000000c   Code   RO         1027    i.I2C1_EV_IRQHandler  stm32f4xx_it.o
    0x080035e4   0x080035e4   0x0000007e   Code   RO         3636    i.I2C_DMAAbort      stm32f4xx_hal_i2c.o
    0x08003662   0x08003662   0x00000002   PAD
    0x08003664   0x08003664   0x00000140   Code   RO         3639    i.I2C_ITError       stm32f4xx_hal_i2c.o
    0x080037a4   0x080037a4   0x0000002e   Code   RO         3640    i.I2C_IsAcknowledgeFailed  stm32f4xx_hal_i2c.o
    0x080037d2   0x080037d2   0x000000d2   Code   RO         3641    i.I2C_MasterReceive_BTF  stm32f4xx_hal_i2c.o
    0x080038a4   0x080038a4   0x00000092   Code   RO         3642    i.I2C_MasterReceive_RXNE  stm32f4xx_hal_i2c.o
    0x08003936   0x08003936   0x000000d4   Code   RO         3643    i.I2C_MasterRequestRead  stm32f4xx_hal_i2c.o
    0x08003a0a   0x08003a0a   0x00000002   PAD
    0x08003a0c   0x08003a0c   0x00000088   Code   RO         3644    i.I2C_MasterRequestWrite  stm32f4xx_hal_i2c.o
    0x08003a94   0x08003a94   0x00000082   Code   RO         3645    i.I2C_MasterTransmit_BTF  stm32f4xx_hal_i2c.o
    0x08003b16   0x08003b16   0x00000002   PAD
    0x08003b18   0x08003b18   0x00000104   Code   RO         3646    i.I2C_MasterTransmit_TXE  stm32f4xx_hal_i2c.o
    0x08003c1c   0x08003c1c   0x00000118   Code   RO         3647    i.I2C_Master_ADDR   stm32f4xx_hal_i2c.o
    0x08003d34   0x08003d34   0x0000008e   Code   RO         3648    i.I2C_Master_SB     stm32f4xx_hal_i2c.o
    0x08003dc2   0x08003dc2   0x00000002   PAD
    0x08003dc4   0x08003dc4   0x00000084   Code   RO         3651    i.I2C_Slave_AF      stm32f4xx_hal_i2c.o
    0x08003e48   0x08003e48   0x0000015c   Code   RO         3652    i.I2C_Slave_STOPF   stm32f4xx_hal_i2c.o
    0x08003fa4   0x08003fa4   0x0000004c   Code   RO         3653    i.I2C_WaitOnBTFFlagUntilTimeout  stm32f4xx_hal_i2c.o
    0x08003ff0   0x08003ff0   0x00000068   Code   RO         3654    i.I2C_WaitOnFlagUntilTimeout  stm32f4xx_hal_i2c.o
    0x08004058   0x08004058   0x00000096   Code   RO         3655    i.I2C_WaitOnMasterAddressFlagUntilTimeout  stm32f4xx_hal_i2c.o
    0x080040ee   0x080040ee   0x00000066   Code   RO         3656    i.I2C_WaitOnRXNEFlagUntilTimeout  stm32f4xx_hal_i2c.o
    0x08004154   0x08004154   0x0000004c   Code   RO         3657    i.I2C_WaitOnTXEFlagUntilTimeout  stm32f4xx_hal_i2c.o
    0x080041a0   0x080041a0   0x00000038   Code   RO          881    i.IntToUnicode      usbd_desc.o
    0x080041d8   0x080041d8   0x0000002c   Code   RO         5738    i.MRTU_CRC          modbus_rtu.o
    0x08004204   0x08004204   0x000000f0   Code   RO          317    i.MX_ADC3_Init      adc.o
    0x080042f4   0x080042f4   0x0000003c   Code   RO          359    i.MX_CAN1_Init      can.o
    0x08004330   0x08004330   0x0000003c   Code   RO          360    i.MX_CAN2_Init      can.o
    0x0800436c   0x0800436c   0x0000004c   Code   RO          408    i.MX_DAC_Init       dac.o
    0x080043b8   0x080043b8   0x0000005c   Code   RO          448    i.MX_DMA_Init       dma.o
    0x08004414   0x08004414   0x000000c4   Code   RO          291    i.MX_GPIO_Init      gpio.o
    0x080044d8   0x080044d8   0x00000040   Code   RO          474    i.MX_I2C1_Init      i2c.o
    0x08004518   0x08004518   0x00000068   Code   RO          543    i.MX_TIM1_Init      tim.o
    0x08004580   0x08004580   0x0000006c   Code   RO          544    i.MX_TIM3_Init      tim.o
    0x080045ec   0x080045ec   0x00000064   Code   RO          545    i.MX_TIM4_Init      tim.o
    0x08004650   0x08004650   0x00000068   Code   RO          546    i.MX_TIM5_Init      tim.o
    0x080046b8   0x080046b8   0x00000048   Code   RO          547    i.MX_TIM6_Init      tim.o
    0x08004700   0x08004700   0x00000038   Code   RO          609    i.MX_USART2_UART_Init  usart.o
    0x08004738   0x08004738   0x00000038   Code   RO          610    i.MX_USART3_UART_Init  usart.o
    0x08004770   0x08004770   0x00000054   Code   RO          655    i.MX_USB_DEVICE_Init  usb_device.o
    0x080047c4   0x080047c4   0x00000002   Code   RO         1028    i.MemManage_Handler  stm32f4xx_it.o
    0x080047c6   0x080047c6   0x00000002   Code   RO         1029    i.NMI_Handler       stm32f4xx_it.o
    0x080047c8   0x080047c8   0x0000000c   Code   RO         1030    i.OTG_FS_IRQHandler  stm32f4xx_it.o
    0x080047d4   0x080047d4   0x000000dc   Code   RO         1194    i.PCD_EP_OutXfrComplete_int  stm32f4xx_hal_pcd.o
    0x080048b0   0x080048b0   0x000000a2   Code   RO         1195    i.PCD_WriteEmptyTxFifo  stm32f4xx_hal_pcd.o
    0x08004952   0x08004952   0x00000002   Code   RO         1031    i.PendSV_Handler    stm32f4xx_it.o
    0x08004954   0x08004954   0x00000002   Code   RO         1032    i.SVC_Handler       stm32f4xx_it.o
    0x08004956   0x08004956   0x00000004   Code   RO         1033    i.SysTick_Handler   stm32f4xx_it.o
    0x0800495a   0x0800495a   0x00000002   PAD
    0x0800495c   0x0800495c   0x00000090   Code   RO           18    i.SystemClock_Config  main.o
    0x080049ec   0x080049ec   0x00000054   Code   RO         5282    i.SystemInit        system_stm32f4xx.o
    0x08004a40   0x08004a40   0x0000000c   Code   RO         1034    i.TIM4_IRQHandler   stm32f4xx_it.o
    0x08004a4c   0x08004a4c   0x000000c8   Code   RO         4117    i.TIM_Base_SetConfig  stm32f4xx_hal_tim.o
    0x08004b14   0x08004b14   0x00000014   Code   RO         4128    i.TIM_ETR_SetConfig  stm32f4xx_hal_tim.o
    0x08004b28   0x08004b28   0x00000010   Code   RO         4129    i.TIM_ITRx_SetConfig  stm32f4xx_hal_tim.o
    0x08004b38   0x08004b38   0x00000022   Code   RO         4135    i.TIM_TI1_ConfigInputStage  stm32f4xx_hal_tim.o
    0x08004b5a   0x08004b5a   0x00000024   Code   RO         4137    i.TIM_TI2_ConfigInputStage  stm32f4xx_hal_tim.o
    0x08004b7e   0x08004b7e   0x00000002   PAD
    0x08004b80   0x08004b80   0x000002ac   Code   RO         5006    i.UART_SetConfig    stm32f4xx_hal_uart.o
    0x08004e2c   0x08004e2c   0x0000004a   Code   RO         5582    i.USBD_CDC_DataIn   usbd_cdc.o
    0x08004e76   0x08004e76   0x0000002e   Code   RO         5583    i.USBD_CDC_DataOut  usbd_cdc.o
    0x08004ea4   0x08004ea4   0x00000044   Code   RO         5584    i.USBD_CDC_DeInit   usbd_cdc.o
    0x08004ee8   0x08004ee8   0x00000024   Code   RO         5585    i.USBD_CDC_EP0_RxReady  usbd_cdc.o
    0x08004f0c   0x08004f0c   0x0000000c   Code   RO         5586    i.USBD_CDC_GetDeviceQualifierDescriptor  usbd_cdc.o
    0x08004f18   0x08004f18   0x0000000c   Code   RO         5587    i.USBD_CDC_GetFSCfgDesc  usbd_cdc.o
    0x08004f24   0x08004f24   0x0000000c   Code   RO         5588    i.USBD_CDC_GetHSCfgDesc  usbd_cdc.o
    0x08004f30   0x08004f30   0x0000000c   Code   RO         5589    i.USBD_CDC_GetOtherSpeedCfgDesc  usbd_cdc.o
    0x08004f3c   0x08004f3c   0x00000094   Code   RO         5590    i.USBD_CDC_Init     usbd_cdc.o
    0x08004fd0   0x08004fd0   0x00000028   Code   RO         5591    i.USBD_CDC_ReceivePacket  usbd_cdc.o
    0x08004ff8   0x08004ff8   0x00000010   Code   RO         5592    i.USBD_CDC_RegisterInterface  usbd_cdc.o
    0x08005008   0x08005008   0x0000000c   Code   RO         5593    i.USBD_CDC_SetRxBuffer  usbd_cdc.o
    0x08005014   0x08005014   0x00000010   Code   RO         5594    i.USBD_CDC_SetTxBuffer  usbd_cdc.o
    0x08005024   0x08005024   0x000000ac   Code   RO         5595    i.USBD_CDC_Setup    usbd_cdc.o
    0x080050d0   0x080050d0   0x00000036   Code   RO         5596    i.USBD_CDC_TransmitPacket  usbd_cdc.o
    0x08005106   0x08005106   0x0000000e   Code   RO         5319    i.USBD_ClrClassConfig  usbd_core.o
    0x08005114   0x08005114   0x00000010   Code   RO         5522    i.USBD_CtlContinueRx  usbd_ioreq.o
    0x08005124   0x08005124   0x00000010   Code   RO         5523    i.USBD_CtlContinueSendData  usbd_ioreq.o
    0x08005134   0x08005134   0x00000016   Code   RO         5457    i.USBD_CtlError     usbd_ctlreq.o
    0x0800514a   0x0800514a   0x0000001e   Code   RO         5524    i.USBD_CtlPrepareRx  usbd_ioreq.o
    0x08005168   0x08005168   0x00000016   Code   RO         5525    i.USBD_CtlReceiveStatus  usbd_ioreq.o
    0x0800517e   0x0800517e   0x0000001a   Code   RO         5526    i.USBD_CtlSendData  usbd_ioreq.o
    0x08005198   0x08005198   0x00000016   Code   RO         5527    i.USBD_CtlSendStatus  usbd_ioreq.o
    0x080051ae   0x080051ae   0x00000002   PAD
    0x080051b0   0x080051b0   0x00000020   Code   RO          882    i.USBD_FS_ConfigStrDescriptor  usbd_desc.o
    0x080051d0   0x080051d0   0x0000000c   Code   RO          883    i.USBD_FS_DeviceDescriptor  usbd_desc.o
    0x080051dc   0x080051dc   0x00000024   Code   RO          884    i.USBD_FS_InterfaceStrDescriptor  usbd_desc.o
    0x08005200   0x08005200   0x0000000c   Code   RO          885    i.USBD_FS_LangIDStrDescriptor  usbd_desc.o
    0x0800520c   0x0800520c   0x0000001c   Code   RO          886    i.USBD_FS_ManufacturerStrDescriptor  usbd_desc.o
    0x08005228   0x08005228   0x00000020   Code   RO          887    i.USBD_FS_ProductStrDescriptor  usbd_desc.o
    0x08005248   0x08005248   0x00000038   Code   RO          888    i.USBD_FS_SerialStrDescriptor  usbd_desc.o
    0x08005280   0x08005280   0x000000e8   Code   RO         5458    i.USBD_GetDescriptor  usbd_ctlreq.o
    0x08005368   0x08005368   0x00000048   Code   RO         5459    i.USBD_GetString    usbd_ctlreq.o
    0x080053b0   0x080053b0   0x00000018   Code   RO          699    i.USBD_Get_USB_Status  usbd_conf.o
    0x080053c8   0x080053c8   0x0000002a   Code   RO         5321    i.USBD_Init         usbd_core.o
    0x080053f2   0x080053f2   0x00000012   Code   RO          700    i.USBD_LL_ClearStallEP  usbd_conf.o
    0x08005404   0x08005404   0x00000012   Code   RO          701    i.USBD_LL_CloseEP   usbd_conf.o
    0x08005416   0x08005416   0x000000c6   Code   RO         5322    i.USBD_LL_DataInStage  usbd_core.o
    0x080054dc   0x080054dc   0x00000082   Code   RO         5323    i.USBD_LL_DataOutStage  usbd_core.o
    0x0800555e   0x0800555e   0x00000004   Code   RO         5324    i.USBD_LL_DevConnected  usbd_core.o
    0x08005562   0x08005562   0x00000016   Code   RO         5325    i.USBD_LL_DevDisconnected  usbd_core.o
    0x08005578   0x08005578   0x00000008   Code   RO          705    i.USBD_LL_GetRxDataSize  usbd_conf.o
    0x08005580   0x08005580   0x00000060   Code   RO          706    i.USBD_LL_Init      usbd_conf.o
    0x080055e0   0x080055e0   0x00000020   Code   RO          707    i.USBD_LL_IsStallEP  usbd_conf.o
    0x08005600   0x08005600   0x00000004   Code   RO         5326    i.USBD_LL_IsoINIncomplete  usbd_core.o
    0x08005604   0x08005604   0x00000004   Code   RO         5327    i.USBD_LL_IsoOUTIncomplete  usbd_core.o
    0x08005608   0x08005608   0x00000018   Code   RO          708    i.USBD_LL_OpenEP    usbd_conf.o
    0x08005620   0x08005620   0x00000012   Code   RO          709    i.USBD_LL_PrepareReceive  usbd_conf.o
    0x08005632   0x08005632   0x00000050   Code   RO         5328    i.USBD_LL_Reset     usbd_core.o
    0x08005682   0x08005682   0x0000000c   Code   RO         5329    i.USBD_LL_Resume    usbd_core.o
    0x0800568e   0x0800568e   0x00000018   Code   RO         5330    i.USBD_LL_SOF       usbd_core.o
    0x080056a6   0x080056a6   0x00000006   Code   RO         5331    i.USBD_LL_SetSpeed  usbd_core.o
    0x080056ac   0x080056ac   0x00000012   Code   RO          710    i.USBD_LL_SetUSBAddress  usbd_conf.o
    0x080056be   0x080056be   0x0000005a   Code   RO         5332    i.USBD_LL_SetupStage  usbd_core.o
    0x08005718   0x08005718   0x00000012   Code   RO          711    i.USBD_LL_StallEP   usbd_conf.o
    0x0800572a   0x0800572a   0x00000012   Code   RO          712    i.USBD_LL_Start     usbd_conf.o
    0x0800573c   0x0800573c   0x00000012   Code   RO         5333    i.USBD_LL_Suspend   usbd_core.o
    0x0800574e   0x0800574e   0x00000012   Code   RO          714    i.USBD_LL_Transmit  usbd_conf.o
    0x08005760   0x08005760   0x00000028   Code   RO         5460    i.USBD_ParseSetupRequest  usbd_ctlreq.o
    0x08005788   0x08005788   0x00000010   Code   RO         5334    i.USBD_RegisterClass  usbd_core.o
    0x08005798   0x08005798   0x00000016   Code   RO         5336    i.USBD_SetClassConfig  usbd_core.o
    0x080057ae   0x080057ae   0x00000002   PAD
    0x080057b0   0x080057b0   0x00000084   Code   RO         5461    i.USBD_SetConfig    usbd_ctlreq.o
    0x08005834   0x08005834   0x0000000a   Code   RO         5337    i.USBD_Start        usbd_core.o
    0x0800583e   0x0800583e   0x00000112   Code   RO         5462    i.USBD_StdDevReq    usbd_ctlreq.o
    0x08005950   0x08005950   0x00000150   Code   RO         5463    i.USBD_StdEPReq     usbd_ctlreq.o
    0x08005aa0   0x08005aa0   0x0000004e   Code   RO         5464    i.USBD_StdItfReq    usbd_ctlreq.o
    0x08005aee   0x08005aee   0x00000002   PAD
    0x08005af0   0x08005af0   0x00000080   Code   RO         1425    i.USB_ActivateEndpoint  stm32f4xx_ll_usb.o
    0x08005b70   0x08005b70   0x00000034   Code   RO         1427    i.USB_ActivateSetup  stm32f4xx_ll_usb.o
    0x08005ba4   0x08005ba4   0x00000074   Code   RO         1429    i.USB_CoreInit      stm32f4xx_ll_usb.o
    0x08005c18   0x08005c18   0x00000038   Code   RO         1430    i.USB_CoreReset     stm32f4xx_ll_usb.o
    0x08005c50   0x08005c50   0x00000080   Code   RO         1433    i.USB_DeactivateEndpoint  stm32f4xx_ll_usb.o
    0x08005cd0   0x08005cd0   0x00000018   Code   RO         1434    i.USB_DevConnect    stm32f4xx_ll_usb.o
    0x08005ce8   0x08005ce8   0x00000018   Code   RO         1435    i.USB_DevDisconnect  stm32f4xx_ll_usb.o
    0x08005d00   0x08005d00   0x0000018c   Code   RO         1436    i.USB_DevInit       stm32f4xx_ll_usb.o
    0x08005e8c   0x08005e8c   0x0000000c   Code   RO         1437    i.USB_DisableGlobalInt  stm32f4xx_ll_usb.o
    0x08005e98   0x08005e98   0x00000118   Code   RO         1440    i.USB_EP0StartXfer  stm32f4xx_ll_usb.o
    0x08005fb0   0x08005fb0   0x00000058   Code   RO         1441    i.USB_EP0_OutStart  stm32f4xx_ll_usb.o
    0x08006008   0x08006008   0x00000058   Code   RO         1442    i.USB_EPClearStall  stm32f4xx_ll_usb.o
    0x08006060   0x08006060   0x00000058   Code   RO         1443    i.USB_EPSetStall    stm32f4xx_ll_usb.o
    0x080060b8   0x080060b8   0x000001e8   Code   RO         1444    i.USB_EPStartXfer   stm32f4xx_ll_usb.o
    0x080062a0   0x080062a0   0x0000000c   Code   RO         1445    i.USB_EnableGlobalInt  stm32f4xx_ll_usb.o
    0x080062ac   0x080062ac   0x00000020   Code   RO         1446    i.USB_FlushRxFifo   stm32f4xx_ll_usb.o
    0x080062cc   0x080062cc   0x00000024   Code   RO         1447    i.USB_FlushTxFifo   stm32f4xx_ll_usb.o
    0x080062f0   0x080062f0   0x0000001a   Code   RO         1449    i.USB_GetDevSpeed   stm32f4xx_ll_usb.o
    0x0800630a   0x0800630a   0x00000008   Code   RO         1451    i.USB_GetMode       stm32f4xx_ll_usb.o
    0x08006312   0x08006312   0x0000000e   Code   RO         1458    i.USB_ReadDevAllInEpInterrupt  stm32f4xx_ll_usb.o
    0x08006320   0x08006320   0x0000000e   Code   RO         1459    i.USB_ReadDevAllOutEpInterrupt  stm32f4xx_ll_usb.o
    0x0800632e   0x0800632e   0x00000024   Code   RO         1460    i.USB_ReadDevInEPInterrupt  stm32f4xx_ll_usb.o
    0x08006352   0x08006352   0x00000010   Code   RO         1461    i.USB_ReadDevOutEPInterrupt  stm32f4xx_ll_usb.o
    0x08006362   0x08006362   0x00000008   Code   RO         1462    i.USB_ReadInterrupts  stm32f4xx_ll_usb.o
    0x0800636a   0x0800636a   0x0000001c   Code   RO         1463    i.USB_ReadPacket    stm32f4xx_ll_usb.o
    0x08006386   0x08006386   0x0000002e   Code   RO         1465    i.USB_SetCurrentMode  stm32f4xx_ll_usb.o
    0x080063b4   0x080063b4   0x00000022   Code   RO         1466    i.USB_SetDevAddress  stm32f4xx_ll_usb.o
    0x080063d6   0x080063d6   0x00000002   PAD
    0x080063d8   0x080063d8   0x000000e8   Code   RO         1468    i.USB_SetTurnaroundTime  stm32f4xx_ll_usb.o
    0x080064c0   0x080064c0   0x00000024   Code   RO         1471    i.USB_WritePacket   stm32f4xx_ll_usb.o
    0x080064e4   0x080064e4   0x00000002   Code   RO         1035    i.UsageFault_Handler  stm32f4xx_it.o
    0x080064e6   0x080064e6   0x00000020   Code   RO         2481    i.__NVIC_SetPriority  stm32f4xx_hal_cortex.o
    0x08006506   0x08006506   0x0000000e   Code   RO         5958    i.__scatterload_copy  mc_w.l(handlers.o)
    0x08006514   0x08006514   0x00000002   Code   RO         5959    i.__scatterload_null  mc_w.l(handlers.o)
    0x08006516   0x08006516   0x0000000e   Code   RO         5960    i.__scatterload_zeroinit  mc_w.l(handlers.o)
    0x08006524   0x08006524   0x0000000a   Code   RO         5688    i._timer_is_run     vcp_time_segmentation.o
    0x0800652e   0x0800652e   0x00000002   PAD
    0x08006530   0x08006530   0x00000050   Code   RO         5897    i.free              mc_w.l(malloc.o)
    0x08006580   0x08006580   0x00000048   Code   RO         5817    i.ina226_body_read_queue  ina226.o
    0x080065c8   0x080065c8   0x000001b0   Code   RO         5820    i.ina226_init       ina226.o
    0x08006778   0x08006778   0x00000038   Code   RO         5821    i.ina226_read_data_process  ina226.o
    0x080067b0   0x080067b0   0x00000018   Code   RO         5822    i.ina226_read_request  ina226.o
    0x080067c8   0x080067c8   0x0000001a   Code   RO         5823    i.ina226_reg_addr_set  ina226.o
    0x080067e2   0x080067e2   0x00000020   Code   RO         5824    i.ina226_snake      ina226.o
    0x08006802   0x08006802   0x0000000c   Code   RO         5825    i.ina226_start_read_queue  ina226.o
    0x0800680e   0x0800680e   0x00000002   PAD
    0x08006810   0x08006810   0x000001cc   Code   RO           19    i.main              main.o
    0x080069dc   0x080069dc   0x0000006c   Code   RO         5898    i.malloc            mc_w.l(malloc.o)
    0x08006a48   0x08006a48   0x000000d8   Code   RO         5739    i.modbus_RX_TX_handler  modbus_rtu.o
    0x08006b20   0x08006b20   0x0000003e   Code   RO         5740    i.modbus_answ       modbus_rtu.o
    0x08006b5e   0x08006b5e   0x00000020   Code   RO         5741    i.modbus_answ_shrt  modbus_rtu.o
    0x08006b7e   0x08006b7e   0x00000002   PAD
    0x08006b80   0x08006b80   0x0000002e   Code   RO         5742    i.modbus_struct_init_constant  modbus_rtu.o
    0x08006bae   0x08006bae   0x00000064   Code   RO         5689    i.vcp_uart_CDC_Receive  vcp_time_segmentation.o
    0x08006c12   0x08006c12   0x0000004a   Code   RO         5690    i.vcp_uart_init     vcp_time_segmentation.o
    0x08006c5c   0x08006c5c   0x00000080   Code   RO         5692    i.vcp_uart_write    vcp_time_segmentation.o
    0x08006cdc   0x08006cdc   0x00000008   Data   RO         2198    .constdata          stm32f4xx_hal_dma.o
    0x08006ce4   0x08006ce4   0x00000010   Data   RO         5283    .constdata          system_stm32f4xx.o
    0x08006cf4   0x08006cf4   0x00000008   Data   RO         5284    .constdata          system_stm32f4xx.o
    0x08006cfc   0x08006cfc   0x00000020   Data   RO         5956    Region$$Table       anon$$obj.o


    Execution Region RW_IRAM1 (Exec base: 0x20000000, Load base: 0x08006d1c, Size: 0x0000a6a8, Max: 0x00020000, ABSOLUTE, COMPRESSED[0x000001e4])

    Exec Addr    Load Addr    Size         Type   Attr      Idx    E Section Name        Object

    0x20000000   COMPRESSED   0x00000006   Data   RW           24    .data               main.o
    0x20000006   COMPRESSED   0x00000002   PAD
    0x20000008   COMPRESSED   0x00000004   Data   RW          362    .data               can.o
    0x2000000c   COMPRESSED   0x0000001c   Data   RW          890    .data               usbd_desc.o
    0x20000028   COMPRESSED   0x00000032   Data   RW          891    .data               usbd_desc.o
    0x2000005a   COMPRESSED   0x00000002   PAD
    0x2000005c   COMPRESSED   0x00000010   Data   RW          974    .data               usbd_cdc_if.o
    0x2000006c   COMPRESSED   0x0000000c   Data   RW         2625    .data               stm32f4xx_hal.o
    0x20000078   COMPRESSED   0x00000004   Data   RW         5285    .data               system_stm32f4xx.o
    0x2000007c   COMPRESSED   0x00000001   Data   RW         5465    .data               usbd_ctlreq.o
    0x2000007d   COMPRESSED   0x00000003   PAD
    0x20000080   COMPRESSED   0x000000d7   Data   RW         5597    .data               usbd_cdc.o
    0x20000157   COMPRESSED   0x00000001   PAD
    0x20000158   COMPRESSED   0x00000038   Data   RW         5598    .data               usbd_cdc.o
    0x20000190   COMPRESSED   0x00000201   Data   RW         5744    .data               modbus_rtu.o
    0x20000391   COMPRESSED   0x00000003   PAD
    0x20000394   COMPRESSED   0x00000004   Data   RW         5949    .data               mc_w.l(mvars.o)
    0x20000398   COMPRESSED   0x00000004   Data   RW         5950    .data               mc_w.l(mvars.o)
    0x2000039c        -       0x00008b48   Zero   RW           20    .bss                main.o
    0x20008ee4        -       0x000000a8   Zero   RW          318    .bss                adc.o
    0x20008f8c        -       0x00000050   Zero   RW          361    .bss                can.o
    0x20008fdc        -       0x000000d4   Zero   RW          409    .bss                dac.o
    0x200090b0        -       0x00000054   Zero   RW          475    .bss                i2c.o
    0x20009104        -       0x00000140   Zero   RW          548    .bss                tim.o
    0x20009244        -       0x00000080   Zero   RW          611    .bss                usart.o
    0x200092c4        -       0x0000029c   Zero   RW          656    .bss                usb_device.o
    0x20009560        -       0x00000408   Zero   RW          715    .bss                usbd_conf.o
    0x20009968        -       0x00000040   Zero   RW          889    .bss                usbd_desc.o
    0x200099a8        -       0x00000100   Zero   RW         5743    .bss                modbus_rtu.o
    0x20009aa8        -       0x00000400   Zero   RW            2    HEAP                startup_stm32f405xx.o
    0x20009ea8        -       0x00000800   Zero   RW            1    STACK               startup_stm32f405xx.o


==============================================================================

Image component sizes


      Code (inc. data)   RO Data    RW Data    ZI Data      Debug   Object Name

       440         38          0          0        168       1843   adc.o
       340         40          0          4         80       2322   can.o
       300         28          0          0        212       1763   dac.o
        92          4          0          0          0        774   dma.o
       196         16          0          0          0        959   gpio.o
       200         26          0          0         84       1597   i2c.o
       654         10          0          0          0       4615   ina226.o
       736         88          0          6      35656     699782   main.o
       400         12          0        513        256       4329   modbus_rtu.o
        36          8        392          0       3072        820   startup_stm32f405xx.o
       180         28          0         12          0       4461   stm32f4xx_hal.o
      1250         64          0          0          0       7457   stm32f4xx_hal_adc.o
       282          0          0          0          0       1307   stm32f4xx_hal_can.o
       198         14          0          0          0      33851   stm32f4xx_hal_cortex.o
       474         26          0          0          0       7021   stm32f4xx_hal_dac.o
        56          0          0          0          0       3821   stm32f4xx_hal_dac_ex.o
      1096         16          8          0          0       7781   stm32f4xx_hal_dma.o
       442         44          0          0          0       2372   stm32f4xx_hal_gpio.o
      5340         88          0          0          0      30583   stm32f4xx_hal_i2c.o
        48          6          0          0          0        798   stm32f4xx_hal_msp.o
      2372         18          0          0          0      12665   stm32f4xx_hal_pcd.o
        78          0          0          0          0       2337   stm32f4xx_hal_pcd_ex.o
      1416        100          0          0          0       6420   stm32f4xx_hal_rcc.o
      1054         44          0          0          0      11537   stm32f4xx_hal_tim.o
        70          0          0          0          0       2369   stm32f4xx_hal_tim_ex.o
       782          8          0          0          0       1984   stm32f4xx_hal_uart.o
       104         42          0          0          0       7072   stm32f4xx_it.o
      2546        140          0          0          0      22275   stm32f4xx_ll_usb.o
        84         18         24          4          0       1111   system_stm32f4xx.o
       656         72          0          0        320       4226   tim.o
       300         36          0          0        128       2311   usart.o
        84         18          0          0        668        744   usb_device.o
       730         16          0        271          0      13198   usbd_cdc.o
        60         16          0         16          0       2570   usbd_cdc_if.o
       634         20          0          0       1032      14468   usbd_conf.o
       696          0          0          0          0      12017   usbd_core.o
      1186         28          0          1          0       7968   usbd_ctlreq.o
       264         80          0         78         64       5885   usbd_desc.o
       132          0          0          0          0       4396   usbd_ioreq.o
       312          0          0          0          0       3272   vcp_time_segmentation.o

    ----------------------------------------------------------------------
     26368       1212        456        916      41740     957081   Object Totals
         0          0         32          0          0          0   (incl. Generated)
        48          0          0         11          0          0   (incl. Padding)

    ----------------------------------------------------------------------

      Code (inc. data)   RO Data    RW Data    ZI Data      Debug   Library Member Name

        86          0          0          0          0          0   __dczerorl2.o
         0          0          0          0          0          0   entry.o
         0          0          0          0          0          0   entry10a.o
         0          0          0          0          0          0   entry11a.o
         8          4          0          0          0          0   entry2.o
         4          0          0          0          0          0   entry5.o
         0          0          0          0          0          0   entry7b.o
         0          0          0          0          0          0   entry8b.o
         8          4          0          0          0          0   entry9a.o
        30          0          0          0          0          0   handlers.o
        36          8          0          0          0         68   init.o
         0          0          0          0          0          0   iusefp.o
        30          0          0          0          0         68   llshl.o
        32          0          0          0          0         68   llushr.o
       188         20          0          0          0        160   malloc.o
        26          0          0          0          0         80   memcmp.o
        36          0          0          0          0         68   memcpya.o
        36          0          0          0          0        108   memseta.o
         0          0          0          8          0          0   mvars.o
        98          0          0          0          0         92   uldiv.o
       186          0          0          0          0        176   depilogue.o
        50          0          0          0          0         76   dfixui.o
        26          0          0          0          0         76   dfltui.o
       228          0          0          0          0         96   dmul.o

    ----------------------------------------------------------------------
      1108         36          0          8          0       1136   Library Totals
         0          0          0          0          0          0   (incl. Padding)

    ----------------------------------------------------------------------

      Code (inc. data)   RO Data    RW Data    ZI Data      Debug   Library Name

       618         36          0          8          0        712   mc_w.l
       490          0          0          0          0        424   mf_w.l

    ----------------------------------------------------------------------
      1108         36          0          8          0       1136   Library Totals

    ----------------------------------------------------------------------

==============================================================================


      Code (inc. data)   RO Data    RW Data    ZI Data      Debug   

     27476       1248        456        924      41740     928929   Grand Totals
     27476       1248        456        484      41740     928929   ELF Image Totals (compressed)
     27476       1248        456        484          0          0   ROM Totals

==============================================================================

    Total RO  Size (Code + RO Data)                27932 (  27.28kB)
    Total RW  Size (RW Data + ZI Data)             42664 (  41.66kB)
    Total ROM Size (Code + RO Data + RW Data)      28416 (  27.75kB)

==============================================================================

