Component: ARM Compiler 5.06 update 6 (build 750) Tool: armlink [4d35ed]

==============================================================================

Section Cross References

    startup_stm32f405xx.o(RESET) refers to startup_stm32f405xx.o(STACK) for __initial_sp
    startup_stm32f405xx.o(RESET) refers to startup_stm32f405xx.o(.text) for Reset_Handler
    startup_stm32f405xx.o(RESET) refers to stm32f4xx_it.o(i.NMI_Handler) for NMI_Handler
    startup_stm32f405xx.o(RESET) refers to stm32f4xx_it.o(i.HardFault_Handler) for HardFault_Handler
    startup_stm32f405xx.o(RESET) refers to stm32f4xx_it.o(i.MemManage_Handler) for MemManage_Handler
    startup_stm32f405xx.o(RESET) refers to stm32f4xx_it.o(i.BusFault_Handler) for BusFault_Handler
    startup_stm32f405xx.o(RESET) refers to stm32f4xx_it.o(i.UsageFault_Handler) for UsageFault_Handler
    startup_stm32f405xx.o(RESET) refers to stm32f4xx_it.o(i.SVC_Handler) for SVC_Handler
    startup_stm32f405xx.o(RESET) refers to stm32f4xx_it.o(i.DebugMon_Handler) for DebugMon_Handler
    startup_stm32f405xx.o(RESET) refers to stm32f4xx_it.o(i.PendSV_Handler) for PendSV_Handler
    startup_stm32f405xx.o(RESET) refers to stm32f4xx_it.o(i.SysTick_Handler) for SysTick_Handler
    startup_stm32f405xx.o(RESET) refers to my_mko.o(i.EXTI0_IRQHandler) for EXTI0_IRQHandler
    startup_stm32f405xx.o(RESET) refers to stm32f4xx_it.o(i.TIM1_BRK_TIM9_IRQHandler) for TIM1_BRK_TIM9_IRQHandler
    startup_stm32f405xx.o(RESET) refers to stm32f4xx_it.o(i.I2C1_EV_IRQHandler) for I2C1_EV_IRQHandler
    startup_stm32f405xx.o(RESET) refers to stm32f4xx_it.o(i.I2C1_ER_IRQHandler) for I2C1_ER_IRQHandler
    startup_stm32f405xx.o(RESET) refers to stm32f4xx_it.o(i.I2C2_EV_IRQHandler) for I2C2_EV_IRQHandler
    startup_stm32f405xx.o(RESET) refers to stm32f4xx_it.o(i.SPI2_IRQHandler) for SPI2_IRQHandler
    startup_stm32f405xx.o(RESET) refers to stm32f4xx_it.o(i.USART1_IRQHandler) for USART1_IRQHandler
    startup_stm32f405xx.o(RESET) refers to stm32f4xx_it.o(i.USART2_IRQHandler) for USART2_IRQHandler
    startup_stm32f405xx.o(RESET) refers to stm32f4xx_it.o(i.TIM7_IRQHandler) for TIM7_IRQHandler
    startup_stm32f405xx.o(RESET) refers to stm32f4xx_it.o(i.DMA2_Stream0_IRQHandler) for DMA2_Stream0_IRQHandler
    startup_stm32f405xx.o(RESET) refers to stm32f4xx_it.o(i.OTG_FS_IRQHandler) for OTG_FS_IRQHandler
    startup_stm32f405xx.o(.text) refers to system_stm32f4xx.o(i.SystemInit) for SystemInit
    startup_stm32f405xx.o(.text) refers to entry.o(.ARM.Collect$$$$00000000) for __main
    main.o(i.HAL_I2C_MasterRxCpltCallback) refers to ina226.o(i.ina226_body_read_queue) for ina226_body_read_queue
    main.o(i.HAL_I2C_MasterRxCpltCallback) refers to i2c.o(.bss) for hi2c1
    main.o(i.HAL_I2C_MasterRxCpltCallback) refers to main.o(.bss) for .bss
    main.o(i.HAL_I2C_MasterTxCpltCallback) refers to ina226.o(i.ina226_body_read_queue) for ina226_body_read_queue
    main.o(i.HAL_I2C_MasterTxCpltCallback) refers to i2c.o(.bss) for hi2c1
    main.o(i.HAL_I2C_MasterTxCpltCallback) refers to main.o(.bss) for .bss
    main.o(i.HAL_SPI_RxCpltCallback) refers to stm32f4xx_hal_spi.o(i.HAL_SPI_Abort_IT) for HAL_SPI_Abort_IT
    main.o(i.HAL_SPI_RxCpltCallback) refers to spi.o(.bss) for hspi2
    main.o(i.HAL_SPI_RxCpltCallback) refers to main.o(.bss) for .bss
    main.o(i.HAL_SPI_TxCpltCallback) refers to stm32f4xx_hal_spi.o(i.HAL_SPI_Abort_IT) for HAL_SPI_Abort_IT
    main.o(i.HAL_SPI_TxCpltCallback) refers to my_spi.o(i.my_spi_chip_deselect) for my_spi_chip_deselect
    main.o(i.HAL_SPI_TxCpltCallback) refers to spi.o(.bss) for hspi2
    main.o(i.HAL_SPI_TxCpltCallback) refers to main.o(.bss) for .bss
    main.o(i.HAL_SPI_TxCpltCallback) refers to main.o(.data) for .data
    main.o(i.HAL_SPI_TxRxCpltCallback) refers to stm32f4xx_hal_spi.o(i.HAL_SPI_Abort_IT) for HAL_SPI_Abort_IT
    main.o(i.HAL_SPI_TxRxCpltCallback) refers to ad7490.o(i.AD7490_body_read_queue) for AD7490_body_read_queue
    main.o(i.HAL_SPI_TxRxCpltCallback) refers to my_spi.o(i.my_spi_chip_deselect) for my_spi_chip_deselect
    main.o(i.HAL_SPI_TxRxCpltCallback) refers to spi.o(.bss) for hspi2
    main.o(i.HAL_SPI_TxRxCpltCallback) refers to main.o(.data) for .data
    main.o(i.HAL_SPI_TxRxCpltCallback) refers to main.o(.bss) for .bss
    main.o(i.HAL_TIM_PeriodElapsedCallback) refers to led.o(i.led_processor) for led_processor
    main.o(i.HAL_TIM_PeriodElapsedCallback) refers to my_gpio.o(i.my_gpio_set) for my_gpio_set
    main.o(i.HAL_TIM_PeriodElapsedCallback) refers to stm32f4xx_hal_tim.o(i.HAL_TIM_Base_Stop_IT) for HAL_TIM_Base_Stop_IT
    main.o(i.HAL_TIM_PeriodElapsedCallback) refers to tim.o(.bss) for htim7
    main.o(i.HAL_TIM_PeriodElapsedCallback) refers to main.o(.data) for .data
    main.o(i.HAL_TIM_PeriodElapsedCallback) refers to main.o(.bss) for .bss
    main.o(i.HAL_TIM_PeriodElapsedCallback) refers to power_module.o(.bss) for htim3
[...]
    EXTI3_IRQHandler                         0x080001b7   Thumb Code     0  startup_stm32f405xx.o(.text)
    EXTI4_IRQHandler                         0x080001b7   Thumb Code     0  startup_stm32f405xx.o(.text)
    EXTI9_5_IRQHandler                       0x080001b7   Thumb Code     0  startup_stm32f405xx.o(.text)
    FLASH_IRQHandler                         0x080001b7   Thumb Code     0  startup_stm32f405xx.o(.text)
    FMC_IRQHandler                           0x080001b7   Thumb Code     0  startup_stm32f405xx.o(.text)
    FPU_IRQHandler                           0x080001b7   Thumb Code     0  startup_stm32f405xx.o(.text)
    HASH_RNG_IRQHandler                      0x080001b7   Thumb Code     0  startup_stm32f405xx.o(.text)
    I2C2_ER_IRQHandler                       0x080001b7   Thumb Code     0  startup_stm32f405xx.o(.text)
    I2C3_ER_IRQHandler                       0x080001b7   Thumb Code     0  startup_stm32f405xx.o(.text)
    I2C3_EV_IRQHandler                       0x080001b7   Thumb Code     0  startup_stm32f405xx.o(.text)
    OTG_FS_WKUP_IRQHandler                   0x080001b7   Thumb Code     0  startup_stm32f405xx.o(.text)
    OTG_HS_EP1_IN_IRQHandler                 0x080001b7   Thumb Code     0  startup_stm32f405xx.o(.text)
    OTG_HS_EP1_OUT_IRQHandler                0x080001b7   Thumb Code     0  startup_stm32f405xx.o(.text)
    OTG_HS_IRQHandler                        0x080001b7   Thumb Code     0  startup_stm32f405xx.o(.text)
    OTG_HS_WKUP_IRQHandler                   0x080001b7   Thumb Code     0  startup_stm32f405xx.o(.text)
    PVD_IRQHandler                           0x080001b7   Thumb Code     0  startup_stm32f405xx.o(.text)
    RCC_IRQHandler                           0x080001b7   Thumb Code     0  startup_stm32f405xx.o(.text)
    RTC_Alarm_IRQHandler                     0x080001b7   Thumb Code     0  startup_stm32f405xx.o(.text)
    RTC_WKUP_IRQHandler                      0x080001b7   Thumb Code     0  startup_stm32f405xx.o(.text)
    SDIO_IRQHandler                          0x080001b7   Thumb Code     0  startup_stm32f405xx.o(.text)
    SPI1_IRQHandler                          0x080001b7   Thumb Code     0  startup_stm32f405xx.o(.text)
    SPI3_IRQHandler                          0x080001b7   Thumb Code     0  startup_stm32f405xx.o(.text)
    TAMP_STAMP_IRQHandler                    0x080001b7   Thumb Code     0  startup_stm32f405xx.o(.text)
    TIM1_CC_IRQHandler                       0x080001b7   Thumb Code     0  startup_stm32f405xx.o(.text)
    TIM1_TRG_COM_TIM11_IRQHandler            0x080001b7   Thumb Code     0  startup_stm32f405xx.o(.text)
    TIM1_UP_TIM10_IRQHandler                 0x080001b7   Thumb Code     0  startup_stm32f405xx.o(.text)
    TIM2_IRQHandler                          0x080001b7   Thumb Code     0  startup_stm32f405xx.o(.text)
    TIM3_IRQHandler                          0x080001b7   Thumb Code     0  startup_stm32f405xx.o(.text)
    TIM4_IRQHandler                          0x080001b7   Thumb Code     0  startup_stm32f405xx.o(.text)
    TIM5_IRQHandler                          0x080001b7   Thumb Code     0  startup_stm32f405xx.o(.text)
    TIM6_DAC_IRQHandler                      0x080001b7   Thumb Code     0  startup_stm32f405xx.o(.text)
    TIM8_BRK_TIM12_IRQHandler                0x080001b7   Thumb Code     0  startup_stm32f405xx.o(.text)
    TIM8_CC_IRQHandler                       0x080001b7   Thumb Code     0  startup_stm32f405xx.o(.text)
    TIM8_TRG_COM_TIM14_IRQHandler            0x080001b7   Thumb Code     0  startup_stm32f405xx.o(.text)
    TIM8_UP_TIM13_IRQHandler                 0x080001b7   Thumb Code     0  startup_stm32f405xx.o(.text)
    UART4_IRQHandler                         0x080001b7   Thumb Code     0  startup_stm32f405xx.o(.text)
    UART5_IRQHandler                         0x080001b7   Thumb Code     0  startup_stm32f405xx.o(.text)
    USART3_IRQHandler                        0x080001b7   Thumb Code     0  startup_stm32f405xx.o(.text)
    USART6_IRQHandler                        0x080001b7   Thumb Code     0  startup_stm32f405xx.o(.text)
    WWDG_IRQHandler                          0x080001b7   Thumb Code     0  startup_stm32f405xx.o(.text)
    __aeabi_uldivmod                         0x080001c1   Thumb Code    98  uldiv.o(.text)
    __aeabi_memcpy                           0x08000223   Thumb Code    36  memcpya.o(.text)
    __aeabi_memcpy4                          0x08000223   Thumb Code     0  memcpya.o(.text)
    __aeabi_memcpy8                          0x08000223   Thumb Code     0  memcpya.o(.text)
    __aeabi_memset                           0x08000247   Thumb Code    14  memseta.o(.text)
    __aeabi_memset4                          0x08000247   Thumb Code     0  memseta.o(.text)
    __aeabi_memset8                          0x08000247   Thumb Code     0  memseta.o(.text)
    __aeabi_memclr                           0x08000255   Thumb Code     4  memseta.o(.text)
    __aeabi_memclr4                          0x08000255   Thumb Code     0  memseta.o(.text)
    __aeabi_memclr8                          0x08000255   Thumb Code     0  memseta.o(.text)
    _memset$wrapper                          0x08000259   Thumb Code    18  memseta.o(.text)
    memcmp                                   0x0800026b   Thumb Code    26  memcmp.o(.text)
    __aeabi_dmul                             0x08000285   Thumb Code   228  dmul.o(.text)
    __aeabi_ui2d                             0x08000369   Thumb Code    26  dfltui.o(.text)
    __aeabi_d2uiz                            0x08000383   Thumb Code    50  dfixui.o(.text)
    __aeabi_llsl                             0x080003b5   Thumb Code    30  llshl.o(.text)
    _ll_shift_l                              0x080003b5   Thumb Code     0  llshl.o(.text)
    __aeabi_llsr                             0x080003d3   Thumb Code    32  llushr.o(.text)
    _ll_ushift_r                             0x080003d3   Thumb Code     0  llushr.o(.text)
    __I$use$fp                               0x080003f3   Thumb Code     0  iusefp.o(.text)
    _double_round                            0x080003f3   Thumb Code    30  depilogue.o(.text)
    _double_epilogue                         0x08000411   Thumb Code   156  depilogue.o(.text)
    __scatterload                            0x080004ad   Thumb Code    28  init.o(.text)
    __scatterload_rt2                        0x080004ad   Thumb Code     0  init.o(.text)
    __decompress                             0x080004d1   Thumb Code     0  __dczerorl2.o(.text)
    __decompress1                            0x080004d1   Thumb Code    86  __dczerorl2.o(.text)
    BusFault_Handler                         0x080006dd   Thumb Code     2  stm32f4xx_it.o(i.BusFault_Handler)
    DMA2_Stream0_IRQHandler                  0x08000721   Thumb Code     6  stm32f4xx_it.o(i.DMA2_Stream0_IRQHandler)
    DebugMon_Handler                         0x080007d1   Thumb Code     2  stm32f4xx_it.o(i.DebugMon_Handler)
    EXTI0_IRQHandler                         0x080007d3   Thumb Code     6  my_mko.o(i.EXTI0_IRQHandler)
    Error_Handler                            0x080007d9   Thumb Code     2  main.o(i.Error_Handler)
    HAL_ADC_ConfigChannel                    0x080007dd   Thumb Code   316  stm32f4xx_hal_adc.o(i.HAL_ADC_ConfigChannel)
    HAL_ADC_ConvCpltCallback                 0x08000929   Thumb Code     2  main.o(i.HAL_ADC_ConvCpltCallback)
    HAL_ADC_ConvHalfCpltCallback             0x0800092b   Thumb Code     2  stm32f4xx_hal_adc.o(i.HAL_ADC_ConvHalfCpltCallback)
    HAL_ADC_ErrorCallback                    0x0800092d   Thumb Code     2  stm32f4xx_hal_adc.o(i.HAL_ADC_ErrorCallback)
    HAL_ADC_Init                             0x0800092f   Thumb Code    84  stm32f4xx_hal_adc.o(i.HAL_ADC_Init)
    HAL_ADC_MspInit                          0x08000985   Thumb Code   200  adc.o(i.HAL_ADC_MspInit)
    HAL_ADC_Start_DMA                        0x08000a69   Thumb Code   302  stm32f4xx_hal_adc.o(i.HAL_ADC_Start_DMA)
    HAL_CAN_Init                             0x08000bbd   Thumb Code   282  stm32f4xx_hal_can.o(i.HAL_CAN_Init)
    HAL_CAN_MspInit                          0x08000cd9   Thumb Code   196  can.o(i.HAL_CAN_MspInit)
    HAL_DAC_ConfigChannel                    0x08000db5   Thumb Code    70  stm32f4xx_hal_dac.o(i.HAL_DAC_ConfigChannel)
    HAL_DAC_Init                             0x08000dfb   Thumb Code    40  stm32f4xx_hal_dac.o(i.HAL_DAC_Init)
    HAL_DAC_MspInit                          0x08000e25   Thumb Code    84  dac.o(i.HAL_DAC_MspInit)
    HAL_DAC_SetValue                         0x08000e85   Thumb Code    26  stm32f4xx_hal_dac.o(i.HAL_DAC_SetValue)
    HAL_DAC_Start                            0x08000e9f   Thumb Code    92  stm32f4xx_hal_dac.o(i.HAL_DAC_Start)
    HAL_DMA_Abort                            0x08000efb   Thumb Code   142  stm32f4xx_hal_dma.o(i.HAL_DMA_Abort)
    HAL_DMA_Abort_IT                         0x08000f89   Thumb Code    36  stm32f4xx_hal_dma.o(i.HAL_DMA_Abort_IT)
    HAL_DMA_GetState                         0x08000fad   Thumb Code     6  stm32f4xx_hal_dma.o(i.HAL_DMA_GetState)
    HAL_DMA_IRQHandler                       0x08000fb5   Thumb Code   412  stm32f4xx_hal_dma.o(i.HAL_DMA_IRQHandler)
    HAL_DMA_Init                             0x08001155   Thumb Code   206  stm32f4xx_hal_dma.o(i.HAL_DMA_Init)
    HAL_DMA_Start_IT                         0x08001229   Thumb Code   110  stm32f4xx_hal_dma.o(i.HAL_DMA_Start_IT)
    HAL_Delay                                0x08001299   Thumb Code    32  stm32f4xx_hal.o(i.HAL_Delay)
    HAL_GPIO_DeInit                          0x080012bd   Thumb Code   320  stm32f4xx_hal_gpio.o(i.HAL_GPIO_DeInit)
    HAL_GPIO_EXTI_Callback                   0x08001425   Thumb Code   130  my_mko.o(i.HAL_GPIO_EXTI_Callback)
    HAL_GPIO_EXTI_IRQHandler                 0x080014b5   Thumb Code    18  stm32f4xx_hal_gpio.o(i.HAL_GPIO_EXTI_IRQHandler)
    HAL_GPIO_Init                            0x080014cd   Thumb Code   448  stm32f4xx_hal_gpio.o(i.HAL_GPIO_Init)
    HAL_GPIO_ReadPin                         0x080016b9   Thumb Code    10  stm32f4xx_hal_gpio.o(i.HAL_GPIO_ReadPin)
    HAL_GPIO_WritePin                        0x080016c3   Thumb Code    10  stm32f4xx_hal_gpio.o(i.HAL_GPIO_WritePin)
    HAL_GetTick                              0x080016cd   Thumb Code     6  stm32f4xx_hal.o(i.HAL_GetTick)
    HAL_I2C_AbortCpltCallback                0x080016d9   Thumb Code     2  stm32f4xx_hal_i2c.o(i.HAL_I2C_AbortCpltCallback)
    HAL_I2C_AddrCallback                     0x080016db   Thumb Code     2  stm32f4xx_hal_i2c.o(i.HAL_I2C_AddrCallback)
    HAL_I2C_ER_IRQHandler                    0x080016dd   Thumb Code   186  stm32f4xx_hal_i2c.o(i.HAL_I2C_ER_IRQHandler)
    HAL_I2C_EV_IRQHandler                    0x08001797   Thumb Code   612  stm32f4xx_hal_i2c.o(i.HAL_I2C_EV_IRQHandler)
    HAL_I2C_ErrorCallback                    0x080019fb   Thumb Code     2  stm32f4xx_hal_i2c.o(i.HAL_I2C_ErrorCallback)
    HAL_I2C_Init                             0x080019fd   Thumb Code   376  stm32f4xx_hal_i2c.o(i.HAL_I2C_Init)
    HAL_I2C_ListenCpltCallback               0x08001b85   Thumb Code     2  stm32f4xx_hal_i2c.o(i.HAL_I2C_ListenCpltCallback)
    HAL_I2C_MasterRxCpltCallback             0x08001b89   Thumb Code    60  main.o(i.HAL_I2C_MasterRxCpltCallback)
    HAL_I2C_MasterTxCpltCallback             0x08001bd1   Thumb Code    60  main.o(i.HAL_I2C_MasterTxCpltCallback)
    HAL_I2C_Master_Receive                   0x08001c19   Thumb Code   468  stm32f4xx_hal_i2c.o(i.HAL_I2C_Master_Receive)
    HAL_I2C_Master_Receive_IT                0x08001df9   Thumb Code   190  stm32f4xx_hal_i2c.o(i.HAL_I2C_Master_Receive_IT)
    HAL_I2C_Master_Transmit                  0x08001ec1   Thumb Code   290  stm32f4xx_hal_i2c.o(i.HAL_I2C_Master_Transmit)
    HAL_I2C_Master_Transmit_IT               0x08001fed   Thumb Code   180  stm32f4xx_hal_i2c.o(i.HAL_I2C_Master_Transmit_IT)
    HAL_I2C_MemRxCpltCallback                0x080020a9   Thumb Code     2  stm32f4xx_hal_i2c.o(i.HAL_I2C_MemRxCpltCallback)
    HAL_I2C_MemTxCpltCallback                0x080020ab   Thumb Code     2  stm32f4xx_hal_i2c.o(i.HAL_I2C_MemTxCpltCallback)
    HAL_I2C_MspInit                          0x080020ad   Thumb Code   208  i2c.o(i.HAL_I2C_MspInit)
    HAL_I2C_SlaveRxCpltCallback              0x08002191   Thumb Code     2  stm32f4xx_hal_i2c.o(i.HAL_I2C_SlaveRxCpltCallback)
    HAL_I2C_SlaveTxCpltCallback              0x08002193   Thumb Code     2  stm32f4xx_hal_i2c.o(i.HAL_I2C_SlaveTxCpltCallback)
    HAL_IncTick                              0x08002195   Thumb Code    12  stm32f4xx_hal.o(i.HAL_IncTick)
    HAL_Init                                 0x080021a5   Thumb Code    48  stm32f4xx_hal.o(i.HAL_Init)
    HAL_InitTick                             0x080021d9   Thumb Code    54  stm32f4xx_hal.o(i.HAL_InitTick)
    HAL_MspInit                              0x08002219   Thumb Code    42  stm32f4xx_hal_msp.o(i.HAL_MspInit)
    HAL_NVIC_DisableIRQ                      0x08002249   Thumb Code    34  stm32f4xx_hal_cortex.o(i.HAL_NVIC_DisableIRQ)
    HAL_NVIC_EnableIRQ                       0x0800226b   Thumb Code    26  stm32f4xx_hal_cortex.o(i.HAL_NVIC_EnableIRQ)
    HAL_NVIC_SetPriority                     0x08002285   Thumb Code    60  stm32f4xx_hal_cortex.o(i.HAL_NVIC_SetPriority)
    HAL_NVIC_SetPriorityGrouping             0x080022c5   Thumb Code    26  stm32f4xx_hal_cortex.o(i.HAL_NVIC_SetPriorityGrouping)
    HAL_PCDEx_LPM_Callback                   0x080022e9   Thumb Code     2  stm32f4xx_hal_pcd_ex.o(i.HAL_PCDEx_LPM_Callback)
    HAL_PCDEx_SetRxFiFo                      0x080022eb   Thumb Code     8  stm32f4xx_hal_pcd_ex.o(i.HAL_PCDEx_SetRxFiFo)
    HAL_PCDEx_SetTxFiFo                      0x080022f3   Thumb Code    68  stm32f4xx_hal_pcd_ex.o(i.HAL_PCDEx_SetTxFiFo)
    HAL_PCD_ConnectCallback                  0x08002337   Thumb Code     8  usbd_conf.o(i.HAL_PCD_ConnectCallback)
    HAL_PCD_DataInStageCallback              0x0800233f   Thumb Code    18  usbd_conf.o(i.HAL_PCD_DataInStageCallback)
    HAL_PCD_DataOutStageCallback             0x08002351   Thumb Code    20  usbd_conf.o(i.HAL_PCD_DataOutStageCallback)
    HAL_PCD_DisconnectCallback               0x08002365   Thumb Code     8  usbd_conf.o(i.HAL_PCD_DisconnectCallback)
    HAL_PCD_EP_Close                         0x0800236d   Thumb Code    76  stm32f4xx_hal_pcd.o(i.HAL_PCD_EP_Close)
    HAL_PCD_EP_ClrStall                      0x080023b9   Thumb Code    92  stm32f4xx_hal_pcd.o(i.HAL_PCD_EP_ClrStall)
    HAL_PCD_EP_GetRxCount                    0x08002415   Thumb Code    18  stm32f4xx_hal_pcd.o(i.HAL_PCD_EP_GetRxCount)
    HAL_PCD_EP_Open                          0x08002427   Thumb Code    96  stm32f4xx_hal_pcd.o(i.HAL_PCD_EP_Open)
    HAL_PCD_EP_Receive                       0x08002487   Thumb Code    72  stm32f4xx_hal_pcd.o(i.HAL_PCD_EP_Receive)
    HAL_PCD_EP_SetStall                      0x080024cf   Thumb Code   116  stm32f4xx_hal_pcd.o(i.HAL_PCD_EP_SetStall)
    HAL_PCD_EP_Transmit                      0x08002543   Thumb Code    64  stm32f4xx_hal_pcd.o(i.HAL_PCD_EP_Transmit)
    HAL_PCD_IRQHandler                       0x08002585   Thumb Code  1070  stm32f4xx_hal_pcd.o(i.HAL_PCD_IRQHandler)
    HAL_PCD_ISOINIncompleteCallback          0x080029b9   Thumb Code     8  usbd_conf.o(i.HAL_PCD_ISOINIncompleteCallback)
    HAL_PCD_ISOOUTIncompleteCallback         0x080029c1   Thumb Code     8  usbd_conf.o(i.HAL_PCD_ISOOUTIncompleteCallback)
    HAL_PCD_Init                             0x080029c9   Thumb Code   226  stm32f4xx_hal_pcd.o(i.HAL_PCD_Init)
    HAL_PCD_MspInit                          0x08002aad   Thumb Code   122  usbd_conf.o(i.HAL_PCD_MspInit)
    HAL_PCD_ResetCallback                    0x08002b31   Thumb Code    44  usbd_conf.o(i.HAL_PCD_ResetCallback)
    HAL_PCD_ResumeCallback                   0x08002b5d   Thumb Code     8  usbd_conf.o(i.HAL_PCD_ResumeCallback)
    HAL_PCD_SOFCallback                      0x08002b65   Thumb Code     8  usbd_conf.o(i.HAL_PCD_SOFCallback)
    HAL_PCD_SetAddress                       0x08002b6d   Thumb Code    40  stm32f4xx_hal_pcd.o(i.HAL_PCD_SetAddress)
    HAL_PCD_SetupStageCallback               0x08002b95   Thumb Code    14  usbd_conf.o(i.HAL_PCD_SetupStageCallback)
    HAL_PCD_Start                            0x08002ba3   Thumb Code    66  stm32f4xx_hal_pcd.o(i.HAL_PCD_Start)
    HAL_PCD_SuspendCallback                  0x08002be5   Thumb Code    44  usbd_conf.o(i.HAL_PCD_SuspendCallback)
    HAL_RCC_ClockConfig                      0x08002c15   Thumb Code   288  stm32f4xx_hal_rcc.o(i.HAL_RCC_ClockConfig)
    HAL_RCC_GetHCLKFreq                      0x08002d49   Thumb Code     6  stm32f4xx_hal_rcc.o(i.HAL_RCC_GetHCLKFreq)
    HAL_RCC_GetPCLK1Freq                     0x08002d55   Thumb Code    20  stm32f4xx_hal_rcc.o(i.HAL_RCC_GetPCLK1Freq)
    HAL_RCC_GetPCLK2Freq                     0x08002d75   Thumb Code    20  stm32f4xx_hal_rcc.o(i.HAL_RCC_GetPCLK2Freq)
    HAL_RCC_GetSysClockFreq                  0x08002d95   Thumb Code    88  stm32f4xx_hal_rcc.o(i.HAL_RCC_GetSysClockFreq)
    HAL_RCC_MCOConfig                        0x08002df9   Thumb Code   126  stm32f4xx_hal_rcc.o(i.HAL_RCC_MCOConfig)
    HAL_RCC_OscConfig                        0x08002e85   Thumb Code   856  stm32f4xx_hal_rcc.o(i.HAL_RCC_OscConfig)
    HAL_SPI_DeInit                           0x080031f1   Thumb Code    46  stm32f4xx_hal_spi.o(i.HAL_SPI_DeInit)
    HAL_SPI_ErrorCallback                    0x0800321f   Thumb Code     2  stm32f4xx_hal_spi.o(i.HAL_SPI_ErrorCallback)
    HAL_SPI_IRQHandler                       0x08003221   Thumb Code   246  stm32f4xx_hal_spi.o(i.HAL_SPI_IRQHandler)
    HAL_SPI_Init                             0x0800331d   Thumb Code   188  stm32f4xx_hal_spi.o(i.HAL_SPI_Init)
    HAL_SPI_MspDeInit                        0x080033d9   Thumb Code    42  spi.o(i.HAL_SPI_MspDeInit)
    HAL_SPI_MspInit                          0x08003411   Thumb Code   110  spi.o(i.HAL_SPI_MspInit)
    HAL_SYSTICK_Config                       0x0800348d   Thumb Code    40  stm32f4xx_hal_cortex.o(i.HAL_SYSTICK_Config)
    HAL_TIMEx_BreakCallback                  0x080034b5   Thumb Code     2  stm32f4xx_hal_tim_ex.o(i.HAL_TIMEx_BreakCallback)
    HAL_TIMEx_CommutCallback                 0x080034b7   Thumb Code     2  stm32f4xx_hal_tim_ex.o(i.HAL_TIMEx_CommutCallback)
    HAL_TIMEx_MasterConfigSynchronization    0x080034b9   Thumb Code   116  stm32f4xx_hal_tim_ex.o(i.HAL_TIMEx_MasterConfigSynchronization)
    HAL_TIM_Base_Init                        0x08003549   Thumb Code    90  stm32f4xx_hal_tim.o(i.HAL_TIM_Base_Init)
    HAL_TIM_Base_MspInit                     0x080035a5   Thumb Code   200  tim.o(i.HAL_TIM_Base_MspInit)
    HAL_TIM_Base_Start                       0x08003689   Thumb Code    90  stm32f4xx_hal_tim.o(i.HAL_TIM_Base_Start)
    HAL_TIM_Base_Start_IT                    0x08003701   Thumb Code   100  stm32f4xx_hal_tim.o(i.HAL_TIM_Base_Start_IT)
    HAL_TIM_Base_Stop_IT                     0x08003781   Thumb Code    48  stm32f4xx_hal_tim.o(i.HAL_TIM_Base_Stop_IT)
    HAL_TIM_ConfigClockSource                0x080037b1   Thumb Code   214  stm32f4xx_hal_tim.o(i.HAL_TIM_ConfigClockSource)
    HAL_TIM_IC_CaptureCallback               0x08003887   Thumb Code     2  stm32f4xx_hal_tim.o(i.HAL_TIM_IC_CaptureCallback)
    HAL_TIM_IRQHandler                       0x08003889   Thumb Code   358  stm32f4xx_hal_tim.o(i.HAL_TIM_IRQHandler)
    HAL_TIM_OC_DelayElapsedCallback          0x080039ef   Thumb Code     2  stm32f4xx_hal_tim.o(i.HAL_TIM_OC_DelayElapsedCallback)
    HAL_TIM_PWM_PulseFinishedCallback        0x080039f1   Thumb Code     2  stm32f4xx_hal_tim.o(i.HAL_TIM_PWM_PulseFinishedCallback)
    HAL_TIM_PeriodElapsedCallback            0x080039f5   Thumb Code   258  main.o(i.HAL_TIM_PeriodElapsedCallback)
    HAL_TIM_TriggerCallback                  0x08003b19   Thumb Code     2  stm32f4xx_hal_tim.o(i.HAL_TIM_TriggerCallback)
    HAL_UARTEx_RxEventCallback               0x08003b1b   Thumb Code     2  stm32f4xx_hal_uart.o(i.HAL_UARTEx_RxEventCallback)
    HAL_UART_AbortTransmitCpltCallback       0x08003b1d   Thumb Code     2  stm32f4xx_hal_uart.o(i.HAL_UART_AbortTransmitCpltCallback)
    HAL_UART_AbortTransmit_IT                0x08003b21   Thumb Code    78  stm32f4xx_hal_uart.o(i.HAL_UART_AbortTransmit_IT)
    HAL_UART_ErrorCallback                   0x08003b75   Thumb Code     2  stm32f4xx_hal_uart.o(i.HAL_UART_ErrorCallback)
    HAL_UART_IRQHandler                      0x08003b79   Thumb Code   522  stm32f4xx_hal_uart.o(i.HAL_UART_IRQHandler)
    HAL_UART_Init                            0x08003d89   Thumb Code    98  stm32f4xx_hal_uart.o(i.HAL_UART_Init)
    HAL_UART_MspInit                         0x08003ded   Thumb Code   184  usart.o(i.HAL_UART_MspInit)
    HAL_UART_Receive_IT                      0x08003eb9   Thumb Code    42  stm32f4xx_hal_uart.o(i.HAL_UART_Receive_IT)
    HAL_UART_RxCpltCallback                  0x08003ee5   Thumb Code    92  main.o(i.HAL_UART_RxCpltCallback)
    HAL_UART_TxCpltCallback                  0x08003f51   Thumb Code    62  main.o(i.HAL_UART_TxCpltCallback)
    HardFault_Handler                        0x08003fa1   Thumb Code     2  stm32f4xx_it.o(i.HardFault_Handler)
    I2C1_ER_IRQHandler                       0x08003fa5   Thumb Code     6  stm32f4xx_it.o(i.I2C1_ER_IRQHandler)
    I2C1_EV_IRQHandler                       0x08003fb1   Thumb Code     6  stm32f4xx_it.o(i.I2C1_EV_IRQHandler)
    I2C2_EV_IRQHandler                       0x08003fbd   Thumb Code     6  stm32f4xx_it.o(i.I2C2_EV_IRQHandler)
    MKO_ADDR_SET                             0x08004cd1   Thumb Code   136  my_mko.o(i.MKO_ADDR_SET)
    MKO_Read_reg                             0x08004d5d   Thumb Code    82  my_mko.o(i.MKO_Read_reg)
    MX_ADC1_Init                             0x08004db9   Thumb Code    90  adc.o(i.MX_ADC1_Init)
    MX_ADC3_Init                             0x08004e21   Thumb Code   226  adc.o(i.MX_ADC3_Init)
    MX_CAN1_Init                             0x08004f11   Thumb Code    52  can.o(i.MX_CAN1_Init)
    MX_CAN2_Init                             0x08004f4d   Thumb Code    52  can.o(i.MX_CAN2_Init)
    MX_DAC_Init                              0x08004f89   Thumb Code    66  dac.o(i.MX_DAC_Init)
    MX_DMA_Init                              0x08004fd5   Thumb Code    40  dma.o(i.MX_DMA_Init)
    MX_GPIO_Init                             0x08005001   Thumb Code   242  gpio.o(i.MX_GPIO_Init)
    MX_I2C1_Init                             0x08005105   Thumb Code    50  i2c.o(i.MX_I2C1_Init)
    MX_I2C2_Init                             0x08005145   Thumb Code    50  i2c.o(i.MX_I2C2_Init)
    MX_SPI2_Init                             0x08005185   Thumb Code    62  spi.o(i.MX_SPI2_Init)
    MX_TIM2_Init                             0x080051cd   Thumb Code    94  tim.o(i.MX_TIM2_Init)
    MX_TIM4_Init                             0x08005231   Thumb Code    94  tim.o(i.MX_TIM4_Init)
    MX_TIM5_Init                             0x08005299   Thumb Code    96  tim.o(i.MX_TIM5_Init)
    MX_TIM6_Init                             0x08005301   Thumb Code    60  tim.o(i.MX_TIM6_Init)
    MX_TIM7_Init                             0x08005345   Thumb Code    62  tim.o(i.MX_TIM7_Init)
    MX_TIM8_Init                             0x0800538d   Thumb Code    98  tim.o(i.MX_TIM8_Init)
    MX_TIM9_Init                             0x080053f9   Thumb Code    68  tim.o(i.MX_TIM9_Init)
    MX_USART1_UART_Init                      0x08005445   Thumb Code    48  usart.o(i.MX_USART1_UART_Init)
    MX_USART2_UART_Init                      0x0800547d   Thumb Code    48  usart.o(i.MX_USART2_UART_Init)
    MX_USB_DEVICE_Init                       0x080054b5   Thumb Code    66  usb_device.o(i.MX_USB_DEVICE_Init)
    MY_SPI2_Init                             0x08005509   Thumb Code   250  my_spi.o(i.MY_SPI2_Init)
    MY_USART_UART_struct_default_init        0x0800560d   Thumb Code    18  my_uart.o(i.MY_USART_UART_struct_default_init)
    MemManage_Handler                        0x0800561f   Thumb Code     2  stm32f4xx_it.o(i.MemManage_Handler)
    NMI_Handler                              0x08005621   Thumb Code     2  stm32f4xx_it.o(i.NMI_Handler)
    OTG_FS_IRQHandler                        0x08005625   Thumb Code     6  stm32f4xx_it.o(i.OTG_FS_IRQHandler)
    PendSV_Handler                           0x0800579f   Thumb Code     2  stm32f4xx_it.o(i.PendSV_Handler)
    SPI2_IRQHandler                          0x080057a1   Thumb Code     6  stm32f4xx_it.o(i.SPI2_IRQHandler)
    SVC_Handler                              0x080057bd   Thumb Code     2  stm32f4xx_it.o(i.SVC_Handler)
    SysTick_Handler                          0x080057c9   Thumb Code     4  stm32f4xx_it.o(i.SysTick_Handler)
    SystemClock_Config                       0x080057cd   Thumb Code   134  main.o(i.SystemClock_Config)
    SystemInit                               0x0800585d   Thumb Code    66  system_stm32f4xx.o(i.SystemInit)
    TIM1_BRK_TIM9_IRQHandler                 0x080058b1   Thumb Code     6  stm32f4xx_it.o(i.TIM1_BRK_TIM9_IRQHandler)
    TIM7_IRQHandler                          0x080058bd   Thumb Code     6  stm32f4xx_it.o(i.TIM7_IRQHandler)
    TIM_Base_SetConfig                       0x080058c9   Thumb Code   156  stm32f4xx_hal_tim.o(i.TIM_Base_SetConfig)
    TIM_ETR_SetConfig                        0x08005991   Thumb Code    20  stm32f4xx_hal_tim.o(i.TIM_ETR_SetConfig)
    UART_Start_Receive_IT                    0x08005c09   Thumb Code    54  stm32f4xx_hal_uart.o(i.UART_Start_Receive_IT)
    USART1_IRQHandler                        0x08005c41   Thumb Code     6  stm32f4xx_it.o(i.USART1_IRQHandler)
    USART2_IRQHandler                        0x08005c4d   Thumb Code     6  stm32f4xx_it.o(i.USART2_IRQHandler)
    USBD_CDC_GetDeviceQualifierDescriptor    0x08005d5d   Thumb Code     8  usbd_cdc.o(i.USBD_CDC_GetDeviceQualifierDescriptor)
    USBD_CDC_ReceivePacket                   0x08005e2f   Thumb Code    40  usbd_cdc.o(i.USBD_CDC_ReceivePacket)
    USBD_CDC_RegisterInterface               0x08005e57   Thumb Code    14  usbd_cdc.o(i.USBD_CDC_RegisterInterface)
    USBD_CDC_SetRxBuffer                     0x08005e65   Thumb Code    18  usbd_cdc.o(i.USBD_CDC_SetRxBuffer)
    USBD_CDC_SetTxBuffer                     0x08005e77   Thumb Code    22  usbd_cdc.o(i.USBD_CDC_SetTxBuffer)
    USBD_ClrClassConfig                      0x08005f4b   Thumb Code    16  usbd_core.o(i.USBD_ClrClassConfig)
    USBD_CtlContinueRx                       0x08005f5b   Thumb Code    16  usbd_ioreq.o(i.USBD_CtlContinueRx)
    USBD_CtlContinueSendData                 0x08005f6b   Thumb Code    16  usbd_ioreq.o(i.USBD_CtlContinueSendData)
    USBD_CtlError                            0x08005f7b   Thumb Code    22  usbd_ctlreq.o(i.USBD_CtlError)
    USBD_CtlPrepareRx                        0x08005f91   Thumb Code    30  usbd_ioreq.o(i.USBD_CtlPrepareRx)
    USBD_CtlReceiveStatus                    0x08005faf   Thumb Code    22  usbd_ioreq.o(i.USBD_CtlReceiveStatus)
    USBD_CtlSendData                         0x08005fc5   Thumb Code    26  usbd_ioreq.o(i.USBD_CtlSendData)
    USBD_CtlSendStatus                       0x08005fdf   Thumb Code    22  usbd_ioreq.o(i.USBD_CtlSendStatus)
    USBD_FS_ConfigStrDescriptor              0x08005ff5   Thumb Code    16  usbd_desc.o(i.USBD_FS_ConfigStrDescriptor)
    USBD_FS_DeviceDescriptor                 0x08006015   Thumb Code     8  usbd_desc.o(i.USBD_FS_DeviceDescriptor)
    USBD_FS_InterfaceStrDescriptor           0x08006021   Thumb Code    16  usbd_desc.o(i.USBD_FS_InterfaceStrDescriptor)
    USBD_FS_LangIDStrDescriptor              0x08006045   Thumb Code     8  usbd_desc.o(i.USBD_FS_LangIDStrDescriptor)
    USBD_FS_ManufacturerStrDescriptor        0x08006051   Thumb Code    16  usbd_desc.o(i.USBD_FS_ManufacturerStrDescriptor)
    USBD_FS_ProductStrDescriptor             0x0800606d   Thumb Code    16  usbd_desc.o(i.USBD_FS_ProductStrDescriptor)
    USBD_FS_SerialStrDescriptor              0x0800608d   Thumb Code    48  usbd_desc.o(i.USBD_FS_SerialStrDescriptor)
    USBD_GetString                           0x080061ab   Thumb Code    72  usbd_ctlreq.o(i.USBD_GetString)
    USBD_Get_USB_Status                      0x080061f3   Thumb Code    24  usbd_conf.o(i.USBD_Get_USB_Status)
    USBD_Init                                0x0800620b   Thumb Code    38  usbd_core.o(i.USBD_Init)
    USBD_LL_ClearStallEP                     0x08006231   Thumb Code    18  usbd_conf.o(i.USBD_LL_ClearStallEP)
    USBD_LL_CloseEP                          0x08006243   Thumb Code    18  usbd_conf.o(i.USBD_LL_CloseEP)
    USBD_LL_DataInStage                      0x08006255   Thumb Code   168  usbd_core.o(i.USBD_LL_DataInStage)
    USBD_LL_DataOutStage                     0x080062fd   Thumb Code   108  usbd_core.o(i.USBD_LL_DataOutStage)
    USBD_LL_DevConnected                     0x08006369   Thumb Code     4  usbd_core.o(i.USBD_LL_DevConnected)
    USBD_LL_DevDisconnected                  0x0800636d   Thumb Code    24  usbd_core.o(i.USBD_LL_DevDisconnected)
    USBD_LL_GetRxDataSize                    0x08006385   Thumb Code     8  usbd_conf.o(i.USBD_LL_GetRxDataSize)
    USBD_LL_Init                             0x0800638d   Thumb Code    90  usbd_conf.o(i.USBD_LL_Init)
    USBD_LL_IsStallEP                        0x080063ed   Thumb Code    32  usbd_conf.o(i.USBD_LL_IsStallEP)
    USBD_LL_IsoINIncomplete                  0x0800640d   Thumb Code    32  usbd_core.o(i.USBD_LL_IsoINIncomplete)
    USBD_LL_IsoOUTIncomplete                 0x0800642d   Thumb Code    32  usbd_core.o(i.USBD_LL_IsoOUTIncomplete)
    USBD_LL_OpenEP                           0x0800644d   Thumb Code    24  usbd_conf.o(i.USBD_LL_OpenEP)
    USBD_LL_PrepareReceive                   0x08006465   Thumb Code    18  usbd_conf.o(i.USBD_LL_PrepareReceive)
    USBD_LL_Reset                            0x08006477   Thumb Code    90  usbd_core.o(i.USBD_LL_Reset)
    USBD_LL_Resume                           0x080064d1   Thumb Code    20  usbd_core.o(i.USBD_LL_Resume)
    USBD_LL_SOF                              0x080064e5   Thumb Code    32  usbd_core.o(i.USBD_LL_SOF)
    USBD_LL_SetSpeed                         0x08006505   Thumb Code     6  usbd_core.o(i.USBD_LL_SetSpeed)
    USBD_LL_SetUSBAddress                    0x0800650b   Thumb Code    18  usbd_conf.o(i.USBD_LL_SetUSBAddress)
    USBD_LL_SetupStage                       0x0800651d   Thumb Code    96  usbd_core.o(i.USBD_LL_SetupStage)
    USBD_LL_StallEP                          0x0800657d   Thumb Code    18  usbd_conf.o(i.USBD_LL_StallEP)
    USBD_LL_Start                            0x0800658f   Thumb Code    18  usbd_conf.o(i.USBD_LL_Start)
    USBD_LL_Suspend                          0x080065a1   Thumb Code    18  usbd_core.o(i.USBD_LL_Suspend)
    USBD_LL_Transmit                         0x080065b3   Thumb Code    18  usbd_conf.o(i.USBD_LL_Transmit)
    USBD_ParseSetupRequest                   0x080065c5   Thumb Code    44  usbd_ctlreq.o(i.USBD_ParseSetupRequest)
    USBD_RegisterClass                       0x080065f1   Thumb Code    36  usbd_core.o(i.USBD_RegisterClass)
    USBD_SetClassConfig                      0x08006615   Thumb Code    20  usbd_core.o(i.USBD_SetClassConfig)
    USBD_Start                               0x080066e5   Thumb Code     4  usbd_core.o(i.USBD_Start)
    USBD_StdDevReq                           0x080066e9   Thumb Code   276  usbd_ctlreq.o(i.USBD_StdDevReq)
    USBD_StdEPReq                            0x080067fd   Thumb Code   320  usbd_ctlreq.o(i.USBD_StdEPReq)
    USBD_StdItfReq                           0x0800693d   Thumb Code    82  usbd_ctlreq.o(i.USBD_StdItfReq)
    USBD_static_free                         0x0800698f   Thumb Code     2  usbd_conf.o(i.USBD_static_free)
    USBD_static_malloc                       0x08006991   Thumb Code     4  usbd_conf.o(i.USBD_static_malloc)
    USB_ActivateEndpoint                     0x08006999   Thumb Code   122  stm32f4xx_ll_usb.o(i.USB_ActivateEndpoint)
    USB_ActivateSetup                        0x08006a19   Thumb Code    28  stm32f4xx_ll_usb.o(i.USB_ActivateSetup)
    USB_CoreInit                             0x08006a35   Thumb Code   112  stm32f4xx_ll_usb.o(i.USB_CoreInit)
    USB_DeactivateEndpoint                   0x08006ae1   Thumb Code   194  stm32f4xx_ll_usb.o(i.USB_DeactivateEndpoint)
    USB_DevConnect                           0x08006bad   Thumb Code    28  stm32f4xx_ll_usb.o(i.USB_DevConnect)
    USB_DevDisconnect                        0x08006bc9   Thumb Code    28  stm32f4xx_ll_usb.o(i.USB_DevDisconnect)
    USB_DevInit                              0x08006be5   Thumb Code   362  stm32f4xx_ll_usb.o(i.USB_DevInit)
    USB_DisableGlobalInt                     0x08006d59   Thumb Code    12  stm32f4xx_ll_usb.o(i.USB_DisableGlobalInt)
    USB_EP0StartXfer                         0x08006d65   Thumb Code   276  stm32f4xx_ll_usb.o(i.USB_EP0StartXfer)
    USB_EP0_OutStart                         0x08006e7d   Thumb Code    84  stm32f4xx_ll_usb.o(i.USB_EP0_OutStart)
    USB_EPClearStall                         0x08006ed5   Thumb Code    88  stm32f4xx_ll_usb.o(i.USB_EPClearStall)
    USB_EPSetStall                           0x08006f2d   Thumb Code    88  stm32f4xx_ll_usb.o(i.USB_EPSetStall)
    USB_EPStartXfer                          0x08006f85   Thumb Code   482  stm32f4xx_ll_usb.o(i.USB_EPStartXfer)
    USB_EnableGlobalInt                      0x0800716d   Thumb Code    12  stm32f4xx_ll_usb.o(i.USB_EnableGlobalInt)
    USB_FlushRxFifo                          0x08007179   Thumb Code    28  stm32f4xx_ll_usb.o(i.USB_FlushRxFifo)
    USB_FlushTxFifo                          0x08007199   Thumb Code    32  stm32f4xx_ll_usb.o(i.USB_FlushTxFifo)
    USB_GetDevSpeed                          0x080071bd   Thumb Code    26  stm32f4xx_ll_usb.o(i.USB_GetDevSpeed)
    USB_GetMode                              0x080071d7   Thumb Code     8  stm32f4xx_ll_usb.o(i.USB_GetMode)
    USB_ReadDevAllInEpInterrupt              0x080071df   Thumb Code    14  stm32f4xx_ll_usb.o(i.USB_ReadDevAllInEpInterrupt)
    USB_ReadDevAllOutEpInterrupt             0x080071ed   Thumb Code    14  stm32f4xx_ll_usb.o(i.USB_ReadDevAllOutEpInterrupt)
    USB_ReadDevInEPInterrupt                 0x080071fb   Thumb Code    36  stm32f4xx_ll_usb.o(i.USB_ReadDevInEPInterrupt)
    USB_ReadDevOutEPInterrupt                0x0800721f   Thumb Code    16  stm32f4xx_ll_usb.o(i.USB_ReadDevOutEPInterrupt)
    USB_ReadInterrupts                       0x0800722f   Thumb Code     8  stm32f4xx_ll_usb.o(i.USB_ReadInterrupts)
    USB_ReadPacket                           0x08007237   Thumb Code    28  stm32f4xx_ll_usb.o(i.USB_ReadPacket)
    USB_SetCurrentMode                       0x08007253   Thumb Code    46  stm32f4xx_ll_usb.o(i.USB_SetCurrentMode)
    USB_SetDevAddress                        0x08007281   Thumb Code    34  stm32f4xx_ll_usb.o(i.USB_SetDevAddress)
    USB_SetTurnaroundTime                    0x080072a5   Thumb Code   158  stm32f4xx_ll_usb.o(i.USB_SetTurnaroundTime)
    USB_WritePacket                          0x0800738d   Thumb Code    36  stm32f4xx_ll_usb.o(i.USB_WritePacket)
    UsageFault_Handler                       0x080073b1   Thumb Code     2  stm32f4xx_it.o(i.UsageFault_Handler)
    __scatterload_copy                       0x080073d3   Thumb Code    14  handlers.o(i.__scatterload_copy)
    __scatterload_null                       0x080073e1   Thumb Code     2  handlers.o(i.__scatterload_null)
    __scatterload_zeroinit                   0x080073e3   Thumb Code    14  handlers.o(i.__scatterload_zeroinit)
    _timer_is_run                            0x080073f1   Thumb Code    10  vcp_time_segmentation.o(i._timer_is_run)
    ina226_body_read_queue                   0x080073fb   Thumb Code    72  ina226.o(i.ina226_body_read_queue)
    ina226_init                              0x08007445   Thumb Code   422  ina226.o(i.ina226_init)
    ina226_read_data_process                 0x080075f5   Thumb Code    56  ina226.o(i.ina226_read_data_process)
    ina226_read_request                      0x0800762d   Thumb Code    24  ina226.o(i.ina226_read_request)
    ina226_reg_addr_set                      0x08007645   Thumb Code    26  ina226.o(i.ina226_reg_addr_set)
    led_alt_setup                            0x0800765f   Thumb Code    16  led.o(i.led_alt_setup)
    led_gpio_set                             0x08007671   Thumb Code    36  led.o(i.led_gpio_set)
    led_init                                 0x08007699   Thumb Code   106  led.o(i.led_init)
    led_processor                            0x08007709   Thumb Code   166  led.o(i.led_processor)
    led_setup                                0x080077af   Thumb Code     8  led.o(i.led_setup)
    main                                     0x080077b9   Thumb Code   692  main.o(i.main)
    my_gpio_set                              0x08007aa9   Thumb Code  1498  my_gpio.o(i.my_gpio_set)
    my_spi_default_settings                  0x0800808d   Thumb Code    24  my_spi.o(i.my_spi_default_settings)
    vcp_uart_CDC_Receive                     0x080080a5   Thumb Code   100  vcp_time_segmentation.o(i.vcp_uart_CDC_Receive)
    vcp_uart_init                            0x08008109   Thumb Code    74  vcp_time_segmentation.o(i.vcp_uart_init)
    AHBPrescTable                            0x0800815a   Data          16  system_stm32f4xx.o(.constdata)
    APBPrescTable                            0x0800816a   Data           8  system_stm32f4xx.o(.constdata)
    Region$$Table$$Base                      0x08008174   Number         0  anon$$obj.o(Region$$Table)
    Region$$Table$$Limit                     0x08008194   Number         0  anon$$obj.o(Region$$Table)
    timer_slot_5ms_counter                   0x20000000   Data           1  main.o(.data)
    time_slot_flag_5ms                       0x20000001   Data           1  main.o(.data)
    mb_adc_settings                          0x20000002   Data           6  main.o(.data)
    mb_stm_command_struct                    0x20000008   Data           6  main.o(.data)
    mb_gpio_inputs                           0x2000000e   Data           8  main.o(.data)
    mb_gpio_outputs                          0x20000016   Data           8  main.o(.data)
    FS_Desc                                  0x20000024   Data          28  usbd_desc.o(.data)
    USBD_LangIDDesc                          0x20000040   Data           4  usbd_desc.o(.data)
    USBD_FS_DeviceDesc                       0x20000044   Data          18  usbd_desc.o(.data)
    USBD_StringSerial                        0x20000058   Data          26  usbd_desc.o(.data)
    USBD_Interface_fops_FS                   0x20000074   Data          20  usbd_cdc_if.o(.data)
    uwTickFreq                               0x20000088   Data           1  stm32f4xx_hal.o(.data)
    uwTickPrio                               0x2000008c   Data           4  stm32f4xx_hal.o(.data)
    uwTick                                   0x20000090   Data           4  stm32f4xx_hal.o(.data)
    SystemCoreClock                          0x20000094   Data           4  system_stm32f4xx.o(.data)
    USBD_CDC                                 0x20000174   Data          56  usbd_cdc.o(.data)
    vcp                                      0x200001ac   Data         676  main.o(.bss)
    mb_adc                                   0x20000450   Data          16  main.o(.bss)
    mb_dac1                                  0x20000460   Data        1056  main.o(.bss)
    mb_dac2                                  0x20000880   Data        1056  main.o(.bss)
    ina_226                                  0x20000ca0   Data         124  main.o(.bss)
    power_module_ina                         0x20000d1c   Data         124  main.o(.bss)
    mb_power_module                          0x20000d98   Data          34  main.o(.bss)
    mb_spi_cs_settings                       0x20000dba   Data          38  main.o(.bss)
    mb_data_union                            0x20000de0   Data       65640  main.o(.bss)
    mb_uart1_transmit                        0x20010e48   Data         136  main.o(.bss)
    mb_uart1_setting                         0x20010ed0   Data          20  main.o(.bss)
    mb_uart2_transmit                        0x20010ee4   Data         136  main.o(.bss)
    mb_uart2_setting                         0x20010f6c   Data          20  main.o(.bss)
    UART_settings_default                    0x20010f80   Data          20  main.o(.bss)
    mb_spi_settings                          0x20010f94   Data          40  main.o(.bss)
    mb_spi_transmit                          0x20010fbc   Data          84  main.o(.bss)
    mb_spi_receive                           0x20011010   Data          20  main.o(.bss)
    mcu_state_led                            0x20011024   Data          20  main.o(.bss)
    con_state_led                            0x20011038   Data          20  main.o(.bss)
    mb_gpio_config                           0x2001104c   Data          10  main.o(.bss)
    mb_gpio_alternative_outputs              0x20011056   Data          36  main.o(.bss)
    hadc1                                    0x2001107c   Data          72  adc.o(.bss)
    hadc3                                    0x200110c4   Data          72  adc.o(.bss)
    hdma_adc3                                0x2001110c   Data          96  adc.o(.bss)
    hcan1                                    0x2001116c   Data          40  can.o(.bss)
    hcan2                                    0x20011194   Data          40  can.o(.bss)
    hdac                                     0x200111bc   Data          20  dac.o(.bss)
    hi2c1                                    0x200111d0   Data          84  i2c.o(.bss)
    hi2c2                                    0x20011224   Data          84  i2c.o(.bss)
    hspi2                                    0x20011278   Data          88  spi.o(.bss)
    htim2                                    0x200112d0   Data          72  tim.o(.bss)
    htim4                                    0x20011318   Data          72  tim.o(.bss)
    htim5                                    0x20011360   Data          72  tim.o(.bss)
    htim6                                    0x200113a8   Data          72  tim.o(.bss)
    htim7                                    0x200113f0   Data          72  tim.o(.bss)
    htim8                                    0x20011438   Data          72  tim.o(.bss)
    htim9                                    0x20011480   Data          72  tim.o(.bss)
    huart1                                   0x200114c8   Data          68  usart.o(.bss)
    huart2                                   0x2001150c   Data          68  usart.o(.bss)
    hUsbDeviceFS                             0x20011550   Data         720  usb_device.o(.bss)
    hpcd_USB_OTG_FS                          0x20011a40   Data        1032  usbd_conf.o(.bss)
    USBD_StrDesc                             0x20011e48   Data          64  usbd_desc.o(.bss)
    htim3                                    0x20011e88   Data          72  power_module.o(.bss)
    __initial_sp                             0x200124d0   Data           0  startup_stm32f405xx.o(STACK)



==============================================================================

Memory Map of the image

  Image Entry point : 0x08000189

  Load Region LR_IROM1 (Base: 0x08000000, Size: 0x00008340, Max: 0x00100000, ABSOLUTE, COMPRESSED[0x0000825c])

    Execution Region ER_IROM1 (Exec base: 0x08000000, Load base: 0x08000000, Size: 0x00008194, Max: 0x00100000, ABSOLUTE)

    Exec Addr    Load Addr    Size         Type   Attr      Idx    E Section Name        Object

    0x08000000   0x08000000   0x00000188   Data   RO            3    RESET               startup_stm32f405xx.o
    0x08000188   0x08000188   0x00000000   Code   RO         6899  * .ARM.Collect$$$$00000000  mc_w.l(entry.o)
    0x08000188   0x08000188   0x00000004   Code   RO         6920    .ARM.Collect$$$$00000001  mc_w.l(entry2.o)
    0x0800018c   0x0800018c   0x00000004   Code   RO         6923    .ARM.Collect$$$$00000004  mc_w.l(entry5.o)
    0x08000190   0x08000190   0x00000000   Code   RO         6925    .ARM.Collect$$$$00000008  mc_w.l(entry7b.o)
    0x08000190   0x08000190   0x00000000   Code   RO         6927    .ARM.Collect$$$$0000000A  mc_w.l(entry8b.o)
    0x08000190   0x08000190   0x00000008   Code   RO         6928    .ARM.Collect$$$$0000000B  mc_w.l(entry9a.o)
    0x08000198   0x08000198   0x00000000   Code   RO         6930    .ARM.Collect$$$$0000000D  mc_w.l(entry10a.o)
    0x08000198   0x08000198   0x00000000   Code   RO         6932    .ARM.Collect$$$$0000000F  mc_w.l(entry11a.o)
    0x08000198   0x08000198   0x00000004   Code   RO         6921    .ARM.Collect$$$$00002712  mc_w.l(entry2.o)
    0x0800019c   0x0800019c   0x00000024   Code   RO            4    .text               startup_stm32f405xx.o
    0x080001c0   0x080001c0   0x00000062   Code   RO         6902    .text               mc_w.l(uldiv.o)
    0x08000222   0x08000222   0x00000024   Code   RO         6904    .text               mc_w.l(memcpya.o)
    0x08000246   0x08000246   0x00000024   Code   RO         6906    .text               mc_w.l(memseta.o)
    0x0800026a   0x0800026a   0x0000001a   Code   RO         6908    .text               mc_w.l(memcmp.o)
    0x08000284   0x08000284   0x000000e4   Code   RO         6914    .text               mf_w.l(dmul.o)
    0x08000368   0x08000368   0x0000001a   Code   RO         6916    .text               mf_w.l(dfltui.o)
    0x08000382   0x08000382   0x00000032   Code   RO         6918    .text               mf_w.l(dfixui.o)
    0x080003b4   0x080003b4   0x0000001e   Code   RO         6934    .text               mc_w.l(llshl.o)
    0x080003d2   0x080003d2   0x00000020   Code   RO         6936    .text               mc_w.l(llushr.o)
    0x080003f2   0x080003f2   0x00000000   Code   RO         6940    .text               mc_w.l(iusefp.o)
    0x080003f2   0x080003f2   0x000000ba   Code   RO         6941    .text               mf_w.l(depilogue.o)
    0x080004ac   0x080004ac   0x00000024   Code   RO         6943    .text               mc_w.l(init.o)
    0x080004d0   0x080004d0   0x00000056   Code   RO         6953    .text               mc_w.l(__dczerorl2.o)
    0x08000526   0x08000526   0x0000006e   Code   RO         3011    i.ADC_DMAConvCplt   stm32f4xx_hal_adc.o
    0x08000594   0x08000594   0x00000016   Code   RO         3012    i.ADC_DMAError      stm32f4xx_hal_adc.o
    0x080005aa   0x080005aa   0x0000000a   Code   RO         3013    i.ADC_DMAHalfConvCplt  stm32f4xx_hal_adc.o
    0x080005b4   0x080005b4   0x00000128   Code   RO         3014    i.ADC_Init          stm32f4xx_hal_adc.o
    0x080006dc   0x080006dc   0x00000002   Code   RO         1153    i.BusFault_Handler  stm32f4xx_it.o
    0x080006de   0x080006de   0x00000004   Code   RO         1095    i.CDC_Control_FS    usbd_cdc_if.o
    0x080006e2   0x080006e2   0x00000004   Code   RO         1096    i.CDC_DeInit_FS     usbd_cdc_if.o
    0x080006e6   0x080006e6   0x00000002   PAD
    0x080006e8   0x080006e8   0x00000020   Code   RO         1097    i.CDC_Init_FS       usbd_cdc_if.o
    0x08000708   0x08000708   0x00000014   Code   RO         1098    i.CDC_Receive_FS    usbd_cdc_if.o
    0x0800071c   0x0800071c   0x00000004   Code   RO         1099    i.CDC_TransmitCplt_FS  usbd_cdc_if.o
    0x08000720   0x08000720   0x0000000c   Code   RO         1154    i.DMA2_Stream0_IRQHandler  stm32f4xx_it.o
    0x0800072c   0x0800072c   0x00000028   Code   RO         2338    i.DMA_CalcBaseAndBitshift  stm32f4xx_hal_dma.o
    0x08000754   0x08000754   0x00000054   Code   RO         2339    i.DMA_CheckFifoParam  stm32f4xx_hal_dma.o
    0x080007a8   0x080007a8   0x00000028   Code   RO         2340    i.DMA_SetConfig     stm32f4xx_hal_dma.o
    0x080007d0   0x080007d0   0x00000002   Code   RO         1155    i.DebugMon_Handler  stm32f4xx_it.o
    0x080007d2   0x080007d2   0x00000006   Code   RO         6747    i.EXTI0_IRQHandler  my_mko.o
    0x080007d8   0x080007d8   0x00000002   Code   RO           13    i.Error_Handler     main.o
    0x080007da   0x080007da   0x00000002   PAD
    0x080007dc   0x080007dc   0x0000014c   Code   RO         3016    i.HAL_ADC_ConfigChannel  stm32f4xx_hal_adc.o
    0x08000928   0x08000928   0x00000002   Code   RO           14    i.HAL_ADC_ConvCpltCallback  main.o
    0x0800092a   0x0800092a   0x00000002   Code   RO         3018    i.HAL_ADC_ConvHalfCpltCallback  stm32f4xx_hal_adc.o
    0x0800092c   0x0800092c   0x00000002   Code   RO         3020    i.HAL_ADC_ErrorCallback  stm32f4xx_hal_adc.o
    0x0800092e   0x0800092e   0x00000054   Code   RO         3025    i.HAL_ADC_Init      stm32f4xx_hal_adc.o
    0x08000982   0x08000982   0x00000002   PAD
    0x08000984   0x08000984   0x000000e4   Code   RO          393    i.HAL_ADC_MspInit   adc.o
    0x08000a68   0x08000a68   0x00000154   Code   RO         3032    i.HAL_ADC_Start_DMA  stm32f4xx_hal_adc.o
    0x08000bbc   0x08000bbc   0x0000011a   Code   RO         3303    i.HAL_CAN_Init      stm32f4xx_hal_can.o
    0x08000cd6   0x08000cd6   0x00000002   PAD
    0x08000cd8   0x08000cd8   0x000000dc   Code   RO          441    i.HAL_CAN_MspInit   can.o
    0x08000db4   0x08000db4   0x00000046   Code   RO         3526    i.HAL_DAC_ConfigChannel  stm32f4xx_hal_dac.o
    0x08000dfa   0x08000dfa   0x00000028   Code   RO         3536    i.HAL_DAC_Init      stm32f4xx_hal_dac.o
    0x08000e22   0x08000e22   0x00000002   PAD
    0x08000e24   0x08000e24   0x00000060   Code   RO          490    i.HAL_DAC_MspInit   dac.o
    0x08000e84   0x08000e84   0x0000001a   Code   RO         3539    i.HAL_DAC_SetValue  stm32f4xx_hal_dac.o
    0x08000e9e   0x08000e9e   0x0000005c   Code   RO         3540    i.HAL_DAC_Start     stm32f4xx_hal_dac.o
    0x08000efa   0x08000efa   0x0000008e   Code   RO         2341    i.HAL_DMA_Abort     stm32f4xx_hal_dma.o
    0x08000f88   0x08000f88   0x00000024   Code   RO         2342    i.HAL_DMA_Abort_IT  stm32f4xx_hal_dma.o
    0x08000fac   0x08000fac   0x00000006   Code   RO         2345    i.HAL_DMA_GetState  stm32f4xx_hal_dma.o
    0x08000fb2   0x08000fb2   0x00000002   PAD
    0x08000fb4   0x08000fb4   0x000001a0   Code   RO         2346    i.HAL_DMA_IRQHandler  stm32f4xx_hal_dma.o
    0x08001154   0x08001154   0x000000d4   Code   RO         2347    i.HAL_DMA_Init      stm32f4xx_hal_dma.o
    0x08001228   0x08001228   0x0000006e   Code   RO         2351    i.HAL_DMA_Start_IT  stm32f4xx_hal_dma.o
    0x08001296   0x08001296   0x00000002   PAD
    0x08001298   0x08001298   0x00000024   Code   RO         2760    i.HAL_Delay         stm32f4xx_hal.o
    0x080012bc   0x080012bc   0x00000168   Code   RO         2231    i.HAL_GPIO_DeInit   stm32f4xx_hal_gpio.o
    0x08001424   0x08001424   0x00000090   Code   RO         6748    i.HAL_GPIO_EXTI_Callback  my_mko.o
    0x080014b4   0x080014b4   0x00000018   Code   RO         2233    i.HAL_GPIO_EXTI_IRQHandler  stm32f4xx_hal_gpio.o
    0x080014cc   0x080014cc   0x000001ec   Code   RO         2234    i.HAL_GPIO_Init     stm32f4xx_hal_gpio.o
    0x080016b8   0x080016b8   0x0000000a   Code   RO         2236    i.HAL_GPIO_ReadPin  stm32f4xx_hal_gpio.o
    0x080016c2   0x080016c2   0x0000000a   Code   RO         2238    i.HAL_GPIO_WritePin  stm32f4xx_hal_gpio.o
    0x080016cc   0x080016cc   0x0000000c   Code   RO         2766    i.HAL_GetTick       stm32f4xx_hal.o
    0x080016d8   0x080016d8   0x00000002   Code   RO         3763    i.HAL_I2C_AbortCpltCallback  stm32f4xx_hal_i2c.o
    0x080016da   0x080016da   0x00000002   Code   RO         3764    i.HAL_I2C_AddrCallback  stm32f4xx_hal_i2c.o
    0x080016dc   0x080016dc   0x000000ba   Code   RO         3767    i.HAL_I2C_ER_IRQHandler  stm32f4xx_hal_i2c.o
    0x08001796   0x08001796   0x00000264   Code   RO         3768    i.HAL_I2C_EV_IRQHandler  stm32f4xx_hal_i2c.o
    0x080019fa   0x080019fa   0x00000002   Code   RO         3770    i.HAL_I2C_ErrorCallback  stm32f4xx_hal_i2c.o
    0x080019fc   0x080019fc   0x00000188   Code   RO         3774    i.HAL_I2C_Init      stm32f4xx_hal_i2c.o
    0x08001b84   0x08001b84   0x00000002   Code   RO         3776    i.HAL_I2C_ListenCpltCallback  stm32f4xx_hal_i2c.o
    0x08001b86   0x08001b86   0x00000002   PAD
    0x08001b88   0x08001b88   0x00000048   Code   RO           15    i.HAL_I2C_MasterRxCpltCallback  main.o
    0x08001bd0   0x08001bd0   0x00000048   Code   RO           16    i.HAL_I2C_MasterTxCpltCallback  main.o
    0x08001c18   0x08001c18   0x000001e0   Code   RO         3780    i.HAL_I2C_Master_Receive  stm32f4xx_hal_i2c.o
    0x08001df8   0x08001df8   0x000000c8   Code   RO         3782    i.HAL_I2C_Master_Receive_IT  stm32f4xx_hal_i2c.o
    0x08001ec0   0x08001ec0   0x0000012c   Code   RO         3787    i.HAL_I2C_Master_Transmit  stm32f4xx_hal_i2c.o
    0x08001fec   0x08001fec   0x000000bc   Code   RO         3789    i.HAL_I2C_Master_Transmit_IT  stm32f4xx_hal_i2c.o
    0x080020a8   0x080020a8   0x00000002   Code   RO         3790    i.HAL_I2C_MemRxCpltCallback  stm32f4xx_hal_i2c.o
    0x080020aa   0x080020aa   0x00000002   Code   RO         3791    i.HAL_I2C_MemTxCpltCallback  stm32f4xx_hal_i2c.o
    0x080020ac   0x080020ac   0x000000e4   Code   RO          556    i.HAL_I2C_MspInit   i2c.o
    0x08002190   0x08002190   0x00000002   Code   RO         3800    i.HAL_I2C_SlaveRxCpltCallback  stm32f4xx_hal_i2c.o
    0x08002192   0x08002192   0x00000002   Code   RO         3801    i.HAL_I2C_SlaveTxCpltCallback  stm32f4xx_hal_i2c.o
    0x08002194   0x08002194   0x00000010   Code   RO         2772    i.HAL_IncTick       stm32f4xx_hal.o
    0x080021a4   0x080021a4   0x00000034   Code   RO         2773    i.HAL_Init          stm32f4xx_hal.o
    0x080021d8   0x080021d8   0x00000040   Code   RO         2774    i.HAL_InitTick      stm32f4xx_hal.o
    0x08002218   0x08002218   0x00000030   Code   RO         1289    i.HAL_MspInit       stm32f4xx_hal_msp.o
    0x08002248   0x08002248   0x00000022   Code   RO         2622    i.HAL_NVIC_DisableIRQ  stm32f4xx_hal_cortex.o
    0x0800226a   0x0800226a   0x0000001a   Code   RO         2623    i.HAL_NVIC_EnableIRQ  stm32f4xx_hal_cortex.o
    0x08002284   0x08002284   0x00000040   Code   RO         2629    i.HAL_NVIC_SetPriority  stm32f4xx_hal_cortex.o
    0x080022c4   0x080022c4   0x00000024   Code   RO         2630    i.HAL_NVIC_SetPriorityGrouping  stm32f4xx_hal_cortex.o
    0x080022e8   0x080022e8   0x00000002   Code   RO         1540    i.HAL_PCDEx_LPM_Callback  stm32f4xx_hal_pcd_ex.o
    0x080022ea   0x080022ea   0x00000008   Code   RO         1541    i.HAL_PCDEx_SetRxFiFo  stm32f4xx_hal_pcd_ex.o
    0x080022f2   0x080022f2   0x00000044   Code   RO         1542    i.HAL_PCDEx_SetTxFiFo  stm32f4xx_hal_pcd_ex.o
    0x08002336   0x08002336   0x00000008   Code   RO          802    i.HAL_PCD_ConnectCallback  usbd_conf.o
    0x0800233e   0x0800233e   0x00000012   Code   RO          803    i.HAL_PCD_DataInStageCallback  usbd_conf.o
    0x08002350   0x08002350   0x00000014   Code   RO          804    i.HAL_PCD_DataOutStageCallback  usbd_conf.o
    0x08002364   0x08002364   0x00000008   Code   RO          805    i.HAL_PCD_DisconnectCallback  usbd_conf.o
    0x0800236c   0x0800236c   0x0000004c   Code   RO         1322    i.HAL_PCD_EP_Close  stm32f4xx_hal_pcd.o
    0x080023b8   0x080023b8   0x0000005c   Code   RO         1323    i.HAL_PCD_EP_ClrStall  stm32f4xx_hal_pcd.o
    0x08002414   0x08002414   0x00000012   Code   RO         1325    i.HAL_PCD_EP_GetRxCount  stm32f4xx_hal_pcd.o
    0x08002426   0x08002426   0x00000060   Code   RO         1326    i.HAL_PCD_EP_Open   stm32f4xx_hal_pcd.o
    0x08002486   0x08002486   0x00000048   Code   RO         1327    i.HAL_PCD_EP_Receive  stm32f4xx_hal_pcd.o
    0x080024ce   0x080024ce   0x00000074   Code   RO         1328    i.HAL_PCD_EP_SetStall  stm32f4xx_hal_pcd.o
    0x08002542   0x08002542   0x00000040   Code   RO         1329    i.HAL_PCD_EP_Transmit  stm32f4xx_hal_pcd.o
    0x08002582   0x08002582   0x00000002   PAD
    0x08002584   0x08002584   0x00000434   Code   RO         1331    i.HAL_PCD_IRQHandler  stm32f4xx_hal_pcd.o
    0x080029b8   0x080029b8   0x00000008   Code   RO          806    i.HAL_PCD_ISOINIncompleteCallback  usbd_conf.o
    0x080029c0   0x080029c0   0x00000008   Code   RO          807    i.HAL_PCD_ISOOUTIncompleteCallback  usbd_conf.o
    0x080029c8   0x080029c8   0x000000e2   Code   RO         1334    i.HAL_PCD_Init      stm32f4xx_hal_pcd.o
    0x08002aaa   0x08002aaa   0x00000002   PAD
    0x08002aac   0x08002aac   0x00000084   Code   RO          809    i.HAL_PCD_MspInit   usbd_conf.o
    0x08002b30   0x08002b30   0x0000002c   Code   RO          810    i.HAL_PCD_ResetCallback  usbd_conf.o
    0x08002b5c   0x08002b5c   0x00000008   Code   RO          811    i.HAL_PCD_ResumeCallback  usbd_conf.o
    0x08002b64   0x08002b64   0x00000008   Code   RO          812    i.HAL_PCD_SOFCallback  usbd_conf.o
    0x08002b6c   0x08002b6c   0x00000028   Code   RO         1340    i.HAL_PCD_SetAddress  stm32f4xx_hal_pcd.o
    0x08002b94   0x08002b94   0x0000000e   Code   RO          813    i.HAL_PCD_SetupStageCallback  usbd_conf.o
    0x08002ba2   0x08002ba2   0x00000042   Code   RO         1342    i.HAL_PCD_Start     stm32f4xx_hal_pcd.o
    0x08002be4   0x08002be4   0x00000030   Code   RO          814    i.HAL_PCD_SuspendCallback  usbd_conf.o
    0x08002c14   0x08002c14   0x00000134   Code   RO         1880    i.HAL_RCC_ClockConfig  stm32f4xx_hal_rcc.o
    0x08002d48   0x08002d48   0x0000000c   Code   RO         1885    i.HAL_RCC_GetHCLKFreq  stm32f4xx_hal_rcc.o
    0x08002d54   0x08002d54   0x00000020   Code   RO         1887    i.HAL_RCC_GetPCLK1Freq  stm32f4xx_hal_rcc.o
    0x08002d74   0x08002d74   0x00000020   Code   RO         1888    i.HAL_RCC_GetPCLK2Freq  stm32f4xx_hal_rcc.o
    0x08002d94   0x08002d94   0x00000064   Code   RO         1889    i.HAL_RCC_GetSysClockFreq  stm32f4xx_hal_rcc.o
    0x08002df8   0x08002df8   0x0000008c   Code   RO         1890    i.HAL_RCC_MCOConfig  stm32f4xx_hal_rcc.o
    0x08002e84   0x08002e84   0x0000036c   Code   RO         1892    i.HAL_RCC_OscConfig  stm32f4xx_hal_rcc.o
    0x080031f0   0x080031f0   0x0000002e   Code   RO         4214    i.HAL_SPI_DeInit    stm32f4xx_hal_spi.o
    0x0800321e   0x0800321e   0x00000002   Code   RO         4215    i.HAL_SPI_ErrorCallback  stm32f4xx_hal_spi.o
    0x08003220   0x08003220   0x000000fc   Code   RO         4218    i.HAL_SPI_IRQHandler  stm32f4xx_hal_spi.o
    0x0800331c   0x0800331c   0x000000bc   Code   RO         4219    i.HAL_SPI_Init      stm32f4xx_hal_spi.o
    0x080033d8   0x080033d8   0x00000038   Code   RO          603    i.HAL_SPI_MspDeInit  spi.o
    0x08003410   0x08003410   0x0000007c   Code   RO          604    i.HAL_SPI_MspInit   spi.o
    0x0800348c   0x0800348c   0x00000028   Code   RO         2634    i.HAL_SYSTICK_Config  stm32f4xx_hal_cortex.o
    0x080034b4   0x080034b4   0x00000002   Code   RO         5236    i.HAL_TIMEx_BreakCallback  stm32f4xx_hal_tim_ex.o
    0x080034b6   0x080034b6   0x00000002   Code   RO         5237    i.HAL_TIMEx_CommutCallback  stm32f4xx_hal_tim_ex.o
    0x080034b8   0x080034b8   0x00000090   Code   RO         5255    i.HAL_TIMEx_MasterConfigSynchronization  stm32f4xx_hal_tim_ex.o
    0x08003548   0x08003548   0x0000005a   Code   RO         4532    i.HAL_TIM_Base_Init  stm32f4xx_hal_tim.o
    0x080035a2   0x080035a2   0x00000002   PAD
    0x080035a4   0x080035a4   0x000000e4   Code   RO          646    i.HAL_TIM_Base_MspInit  tim.o
    0x08003688   0x08003688   0x00000078   Code   RO         4535    i.HAL_TIM_Base_Start  stm32f4xx_hal_tim.o
    0x08003700   0x08003700   0x00000080   Code   RO         4537    i.HAL_TIM_Base_Start_IT  stm32f4xx_hal_tim.o
    0x08003780   0x08003780   0x00000030   Code   RO         4540    i.HAL_TIM_Base_Stop_IT  stm32f4xx_hal_tim.o
    0x080037b0   0x080037b0   0x000000d6   Code   RO         4541    i.HAL_TIM_ConfigClockSource  stm32f4xx_hal_tim.o
    0x08003886   0x08003886   0x00000002   Code   RO         4566    i.HAL_TIM_IC_CaptureCallback  stm32f4xx_hal_tim.o
    0x08003888   0x08003888   0x00000166   Code   RO         4580    i.HAL_TIM_IRQHandler  stm32f4xx_hal_tim.o
    0x080039ee   0x080039ee   0x00000002   Code   RO         4583    i.HAL_TIM_OC_DelayElapsedCallback  stm32f4xx_hal_tim.o
    0x080039f0   0x080039f0   0x00000002   Code   RO         4610    i.HAL_TIM_PWM_PulseFinishedCallback  stm32f4xx_hal_tim.o
    0x080039f2   0x080039f2   0x00000002   PAD
    0x080039f4   0x080039f4   0x00000124   Code   RO           20    i.HAL_TIM_PeriodElapsedCallback  main.o
    0x08003b18   0x08003b18   0x00000002   Code   RO         4623    i.HAL_TIM_TriggerCallback  stm32f4xx_hal_tim.o
    0x08003b1a   0x08003b1a   0x00000002   Code   RO         5514    i.HAL_UARTEx_RxEventCallback  stm32f4xx_hal_uart.o
    0x08003b1c   0x08003b1c   0x00000002   Code   RO         5521    i.HAL_UART_AbortTransmitCpltCallback  stm32f4xx_hal_uart.o
    0x08003b1e   0x08003b1e   0x00000002   PAD
    0x08003b20   0x08003b20   0x00000054   Code   RO         5522    i.HAL_UART_AbortTransmit_IT  stm32f4xx_hal_uart.o
    0x08003b74   0x08003b74   0x00000002   Code   RO         5528    i.HAL_UART_ErrorCallback  stm32f4xx_hal_uart.o
    0x08003b76   0x08003b76   0x00000002   PAD
    0x08003b78   0x08003b78   0x00000210   Code   RO         5531    i.HAL_UART_IRQHandler  stm32f4xx_hal_uart.o
    0x08003d88   0x08003d88   0x00000062   Code   RO         5532    i.HAL_UART_Init     stm32f4xx_hal_uart.o
    0x08003dea   0x08003dea   0x00000002   PAD
    0x08003dec   0x08003dec   0x000000cc   Code   RO          724    i.HAL_UART_MspInit  usart.o
    0x08003eb8   0x08003eb8   0x0000002a   Code   RO         5537    i.HAL_UART_Receive_IT  stm32f4xx_hal_uart.o
    0x08003ee2   0x08003ee2   0x00000002   PAD
    0x08003ee4   0x08003ee4   0x0000006c   Code   RO           21    i.HAL_UART_RxCpltCallback  main.o
    0x08003f50   0x08003f50   0x00000050   Code   RO           22    i.HAL_UART_TxCpltCallback  main.o
    0x08003fa0   0x08003fa0   0x00000002   Code   RO         1156    i.HardFault_Handler  stm32f4xx_it.o
    0x08003fa2   0x08003fa2   0x00000002   PAD
    0x08003fa4   0x08003fa4   0x0000000c   Code   RO         1157    i.I2C1_ER_IRQHandler  stm32f4xx_it.o
    0x08003fb0   0x08003fb0   0x0000000c   Code   RO         1158    i.I2C1_EV_IRQHandler  stm32f4xx_it.o
    0x08003fbc   0x08003fbc   0x0000000c   Code   RO         1159    i.I2C2_EV_IRQHandler  stm32f4xx_it.o
    0x08003fc8   0x08003fc8   0x000000bc   Code   RO         3812    i.I2C_DMAAbort      stm32f4xx_hal_i2c.o
    0x08004084   0x08004084   0x00000158   Code   RO         3815    i.I2C_ITError       stm32f4xx_hal_i2c.o
    0x080041dc   0x080041dc   0x0000002e   Code   RO         3816    i.I2C_IsAcknowledgeFailed  stm32f4xx_hal_i2c.o
    0x0800420a   0x0800420a   0x000000d2   Code   RO         3817    i.I2C_MasterReceive_BTF  stm32f4xx_hal_i2c.o
    0x080042dc   0x080042dc   0x000000e8   Code   RO         3818    i.I2C_MasterReceive_RXNE  stm32f4xx_hal_i2c.o
    0x080043c4   0x080043c4   0x000000ec   Code   RO         3819    i.I2C_MasterRequestRead  stm32f4xx_hal_i2c.o
    0x080044b0   0x080044b0   0x0000009c   Code   RO         3820    i.I2C_MasterRequestWrite  stm32f4xx_hal_i2c.o
    0x0800454c   0x0800454c   0x00000074   Code   RO         3821    i.I2C_MasterTransmit_BTF  stm32f4xx_hal_i2c.o
    0x080045c0   0x080045c0   0x000000b6   Code   RO         3822    i.I2C_MasterTransmit_TXE  stm32f4xx_hal_i2c.o
    0x08004676   0x08004676   0x00000002   PAD
    0x08004678   0x08004678   0x00000118   Code   RO         3823    i.I2C_Master_ADDR   stm32f4xx_hal_i2c.o
    0x08004790   0x08004790   0x0000008c   Code   RO         3824    i.I2C_Master_SB     stm32f4xx_hal_i2c.o
    0x0800481c   0x0800481c   0x000000a0   Code   RO         3825    i.I2C_MemoryTransmit_TXE_BTF  stm32f4xx_hal_i2c.o
    0x080048bc   0x080048bc   0x00000084   Code   RO         3828    i.I2C_Slave_AF      stm32f4xx_hal_i2c.o
    0x08004940   0x08004940   0x0000015c   Code   RO         3829    i.I2C_Slave_STOPF   stm32f4xx_hal_i2c.o
    0x08004a9c   0x08004a9c   0x0000004c   Code   RO         3830    i.I2C_WaitOnBTFFlagUntilTimeout  stm32f4xx_hal_i2c.o
    0x08004ae8   0x08004ae8   0x00000068   Code   RO         3831    i.I2C_WaitOnFlagUntilTimeout  stm32f4xx_hal_i2c.o
    0x08004b50   0x08004b50   0x00000096   Code   RO         3832    i.I2C_WaitOnMasterAddressFlagUntilTimeout  stm32f4xx_hal_i2c.o
    0x08004be6   0x08004be6   0x00000066   Code   RO         3833    i.I2C_WaitOnRXNEFlagUntilTimeout  stm32f4xx_hal_i2c.o
    0x08004c4c   0x08004c4c   0x0000004c   Code   RO         3834    i.I2C_WaitOnTXEFlagUntilTimeout  stm32f4xx_hal_i2c.o
    0x08004c98   0x08004c98   0x00000038   Code   RO         1009    i.IntToUnicode      usbd_desc.o
    0x08004cd0   0x08004cd0   0x0000008c   Code   RO         6749    i.MKO_ADDR_SET      my_mko.o
    0x08004d5c   0x08004d5c   0x0000005c   Code   RO         6752    i.MKO_Read_reg      my_mko.o
    0x08004db8   0x08004db8   0x00000068   Code   RO          394    i.MX_ADC1_Init      adc.o
    0x08004e20   0x08004e20   0x000000f0   Code   RO          395    i.MX_ADC3_Init      adc.o
    0x08004f10   0x08004f10   0x0000003c   Code   RO          442    i.MX_CAN1_Init      can.o
    0x08004f4c   0x08004f4c   0x0000003c   Code   RO          443    i.MX_CAN2_Init      can.o
    0x08004f88   0x08004f88   0x0000004c   Code   RO          491    i.MX_DAC_Init       dac.o
    0x08004fd4   0x08004fd4   0x0000002c   Code   RO          531    i.MX_DMA_Init       dma.o
    0x08005000   0x08005000   0x00000104   Code   RO          368    i.MX_GPIO_Init      gpio.o
    0x08005104   0x08005104   0x00000040   Code   RO          557    i.MX_I2C1_Init      i2c.o
    0x08005144   0x08005144   0x00000040   Code   RO          558    i.MX_I2C2_Init      i2c.o
    0x08005184   0x08005184   0x00000048   Code   RO          605    i.MX_SPI2_Init      spi.o
    0x080051cc   0x080051cc   0x00000064   Code   RO          647    i.MX_TIM2_Init      tim.o
    0x08005230   0x08005230   0x00000068   Code   RO          648    i.MX_TIM4_Init      tim.o
    0x08005298   0x08005298   0x00000068   Code   RO          649    i.MX_TIM5_Init      tim.o
    0x08005300   0x08005300   0x00000044   Code   RO          650    i.MX_TIM6_Init      tim.o
    0x08005344   0x08005344   0x00000048   Code   RO          651    i.MX_TIM7_Init      tim.o
    0x0800538c   0x0800538c   0x0000006c   Code   RO          652    i.MX_TIM8_Init      tim.o
    0x080053f8   0x080053f8   0x0000004c   Code   RO          653    i.MX_TIM9_Init      tim.o
    0x08005444   0x08005444   0x00000038   Code   RO          725    i.MX_USART1_UART_Init  usart.o
    0x0800547c   0x0800547c   0x00000038   Code   RO          726    i.MX_USART2_UART_Init  usart.o
    0x080054b4   0x080054b4   0x00000054   Code   RO          771    i.MX_USB_DEVICE_Init  usb_device.o
    0x08005508   0x08005508   0x00000104   Code   RO         6606    i.MY_SPI2_Init      my_spi.o
    0x0800560c   0x0800560c   0x00000012   Code   RO         6524    i.MY_USART_UART_struct_default_init  my_uart.o
    0x0800561e   0x0800561e   0x00000002   Code   RO         1160    i.MemManage_Handler  stm32f4xx_it.o
    0x08005620   0x08005620   0x00000002   Code   RO         1161    i.NMI_Handler       stm32f4xx_it.o
    0x08005622   0x08005622   0x00000002   PAD
    0x08005624   0x08005624   0x0000000c   Code   RO         1162    i.OTG_FS_IRQHandler  stm32f4xx_it.o
    0x08005630   0x08005630   0x000000cc   Code   RO         1346    i.PCD_EP_OutXfrComplete_int  stm32f4xx_hal_pcd.o
    0x080056fc   0x080056fc   0x000000a2   Code   RO         1347    i.PCD_WriteEmptyTxFifo  stm32f4xx_hal_pcd.o
    0x0800579e   0x0800579e   0x00000002   Code   RO         1163    i.PendSV_Handler    stm32f4xx_it.o
    0x080057a0   0x080057a0   0x0000000c   Code   RO         1164    i.SPI2_IRQHandler   stm32f4xx_it.o
    0x080057ac   0x080057ac   0x00000010   Code   RO         4246    i.SPI_DMAAbortOnError  stm32f4xx_hal_spi.o
    0x080057bc   0x080057bc   0x00000002   Code   RO         1165    i.SVC_Handler       stm32f4xx_it.o
    0x080057be   0x080057be   0x0000000a   Code   RO         6036    i.SWAPBYTE          usbd_ctlreq.o
    0x080057c8   0x080057c8   0x00000004   Code   RO         1166    i.SysTick_Handler   stm32f4xx_it.o
    0x080057cc   0x080057cc   0x00000090   Code   RO           25    i.SystemClock_Config  main.o
    0x0800585c   0x0800585c   0x00000054   Code   RO         5861    i.SystemInit        system_stm32f4xx.o
    0x080058b0   0x080058b0   0x0000000c   Code   RO         1167    i.TIM1_BRK_TIM9_IRQHandler  stm32f4xx_it.o
    0x080058bc   0x080058bc   0x0000000c   Code   RO         1168    i.TIM7_IRQHandler   stm32f4xx_it.o
    0x080058c8   0x080058c8   0x000000c8   Code   RO         4625    i.TIM_Base_SetConfig  stm32f4xx_hal_tim.o
    0x08005990   0x08005990   0x00000014   Code   RO         4636    i.TIM_ETR_SetConfig  stm32f4xx_hal_tim.o
    0x080059a4   0x080059a4   0x00000010   Code   RO         4637    i.TIM_ITRx_SetConfig  stm32f4xx_hal_tim.o
    0x080059b4   0x080059b4   0x00000022   Code   RO         4643    i.TIM_TI1_ConfigInputStage  stm32f4xx_hal_tim.o
    0x080059d6   0x080059d6   0x00000024   Code   RO         4645    i.TIM_TI2_ConfigInputStage  stm32f4xx_hal_tim.o
    0x080059fa   0x080059fa   0x00000010   Code   RO         5545    i.UART_DMAAbortOnError  stm32f4xx_hal_uart.o
    0x08005a0a   0x08005a0a   0x00000014   Code   RO         5554    i.UART_DMATxOnlyAbortCallback  stm32f4xx_hal_uart.o
    0x08005a1e   0x08005a1e   0x00000030   Code   RO         5555    i.UART_EndRxTransfer  stm32f4xx_hal_uart.o
    0x08005a4e   0x08005a4e   0x000000ae   Code   RO         5557    i.UART_Receive_IT   stm32f4xx_hal_uart.o
    0x08005afc   0x08005afc   0x0000010c   Code   RO         5558    i.UART_SetConfig    stm32f4xx_hal_uart.o
    0x08005c08   0x08005c08   0x00000036   Code   RO         5560    i.UART_Start_Receive_IT  stm32f4xx_hal_uart.o
    0x08005c3e   0x08005c3e   0x00000002   PAD
    0x08005c40   0x08005c40   0x0000000c   Code   RO         1169    i.USART1_IRQHandler  stm32f4xx_it.o
    0x08005c4c   0x08005c4c   0x0000000c   Code   RO         1170    i.USART2_IRQHandler  stm32f4xx_it.o
    0x08005c58   0x08005c58   0x00000062   Code   RO         6169    i.USBD_CDC_DataIn   usbd_cdc.o
    0x08005cba   0x08005cba   0x0000002a   Code   RO         6170    i.USBD_CDC_DataOut  usbd_cdc.o
    0x08005ce4   0x08005ce4   0x00000048   Code   RO         6171    i.USBD_CDC_DeInit   usbd_cdc.o
    0x08005d2c   0x08005d2c   0x0000002e   Code   RO         6172    i.USBD_CDC_EP0_RxReady  usbd_cdc.o
    0x08005d5a   0x08005d5a   0x00000002   PAD
    0x08005d5c   0x08005d5c   0x0000000c   Code   RO         6173    i.USBD_CDC_GetDeviceQualifierDescriptor  usbd_cdc.o
    0x08005d68   0x08005d68   0x0000000c   Code   RO         6174    i.USBD_CDC_GetFSCfgDesc  usbd_cdc.o
    0x08005d74   0x08005d74   0x0000000c   Code   RO         6175    i.USBD_CDC_GetHSCfgDesc  usbd_cdc.o
    0x08005d80   0x08005d80   0x0000000c   Code   RO         6176    i.USBD_CDC_GetOtherSpeedCfgDesc  usbd_cdc.o
    0x08005d8c   0x08005d8c   0x000000a2   Code   RO         6177    i.USBD_CDC_Init     usbd_cdc.o
    0x08005e2e   0x08005e2e   0x00000028   Code   RO         6178    i.USBD_CDC_ReceivePacket  usbd_cdc.o
    0x08005e56   0x08005e56   0x0000000e   Code   RO         6179    i.USBD_CDC_RegisterInterface  usbd_cdc.o
    0x08005e64   0x08005e64   0x00000012   Code   RO         6180    i.USBD_CDC_SetRxBuffer  usbd_cdc.o
    0x08005e76   0x08005e76   0x00000016   Code   RO         6181    i.USBD_CDC_SetTxBuffer  usbd_cdc.o
    0x08005e8c   0x08005e8c   0x000000be   Code   RO         6182    i.USBD_CDC_Setup    usbd_cdc.o
    0x08005f4a   0x08005f4a   0x00000010   Code   RO         5898    i.USBD_ClrClassConfig  usbd_core.o
    0x08005f5a   0x08005f5a   0x00000010   Code   RO         6109    i.USBD_CtlContinueRx  usbd_ioreq.o
    0x08005f6a   0x08005f6a   0x00000010   Code   RO         6110    i.USBD_CtlContinueSendData  usbd_ioreq.o
    0x08005f7a   0x08005f7a   0x00000016   Code   RO         6037    i.USBD_CtlError     usbd_ctlreq.o
    0x08005f90   0x08005f90   0x0000001e   Code   RO         6111    i.USBD_CtlPrepareRx  usbd_ioreq.o
    0x08005fae   0x08005fae   0x00000016   Code   RO         6112    i.USBD_CtlReceiveStatus  usbd_ioreq.o
    0x08005fc4   0x08005fc4   0x0000001a   Code   RO         6113    i.USBD_CtlSendData  usbd_ioreq.o
    0x08005fde   0x08005fde   0x00000016   Code   RO         6114    i.USBD_CtlSendStatus  usbd_ioreq.o
    0x08005ff4   0x08005ff4   0x00000020   Code   RO         1010    i.USBD_FS_ConfigStrDescriptor  usbd_desc.o
    0x08006014   0x08006014   0x0000000c   Code   RO         1011    i.USBD_FS_DeviceDescriptor  usbd_desc.o
    0x08006020   0x08006020   0x00000024   Code   RO         1012    i.USBD_FS_InterfaceStrDescriptor  usbd_desc.o
    0x08006044   0x08006044   0x0000000c   Code   RO         1013    i.USBD_FS_LangIDStrDescriptor  usbd_desc.o
    0x08006050   0x08006050   0x0000001c   Code   RO         1014    i.USBD_FS_ManufacturerStrDescriptor  usbd_desc.o
    0x0800606c   0x0800606c   0x00000020   Code   RO         1015    i.USBD_FS_ProductStrDescriptor  usbd_desc.o
    0x0800608c   0x0800608c   0x00000038   Code   RO         1016    i.USBD_FS_SerialStrDescriptor  usbd_desc.o
    0x080060c4   0x080060c4   0x000000e6   Code   RO         6038    i.USBD_GetDescriptor  usbd_ctlreq.o
    0x080061aa   0x080061aa   0x00000048   Code   RO         6039    i.USBD_GetString    usbd_ctlreq.o
    0x080061f2   0x080061f2   0x00000018   Code   RO          815    i.USBD_Get_USB_Status  usbd_conf.o
    0x0800620a   0x0800620a   0x00000026   Code   RO         5900    i.USBD_Init         usbd_core.o
    0x08006230   0x08006230   0x00000012   Code   RO          816    i.USBD_LL_ClearStallEP  usbd_conf.o
    0x08006242   0x08006242   0x00000012   Code   RO          817    i.USBD_LL_CloseEP   usbd_conf.o
    0x08006254   0x08006254   0x000000a8   Code   RO         5901    i.USBD_LL_DataInStage  usbd_core.o
    0x080062fc   0x080062fc   0x0000006c   Code   RO         5902    i.USBD_LL_DataOutStage  usbd_core.o
    0x08006368   0x08006368   0x00000004   Code   RO         5903    i.USBD_LL_DevConnected  usbd_core.o
    0x0800636c   0x0800636c   0x00000018   Code   RO         5904    i.USBD_LL_DevDisconnected  usbd_core.o
    0x08006384   0x08006384   0x00000008   Code   RO          821    i.USBD_LL_GetRxDataSize  usbd_conf.o
    0x0800638c   0x0800638c   0x00000060   Code   RO          822    i.USBD_LL_Init      usbd_conf.o
    0x080063ec   0x080063ec   0x00000020   Code   RO          823    i.USBD_LL_IsStallEP  usbd_conf.o
    0x0800640c   0x0800640c   0x00000020   Code   RO         5905    i.USBD_LL_IsoINIncomplete  usbd_core.o
    0x0800642c   0x0800642c   0x00000020   Code   RO         5906    i.USBD_LL_IsoOUTIncomplete  usbd_core.o
    0x0800644c   0x0800644c   0x00000018   Code   RO          824    i.USBD_LL_OpenEP    usbd_conf.o
    0x08006464   0x08006464   0x00000012   Code   RO          825    i.USBD_LL_PrepareReceive  usbd_conf.o
    0x08006476   0x08006476   0x0000005a   Code   RO         5907    i.USBD_LL_Reset     usbd_core.o
    0x080064d0   0x080064d0   0x00000014   Code   RO         5908    i.USBD_LL_Resume    usbd_core.o
    0x080064e4   0x080064e4   0x00000020   Code   RO         5909    i.USBD_LL_SOF       usbd_core.o
    0x08006504   0x08006504   0x00000006   Code   RO         5910    i.USBD_LL_SetSpeed  usbd_core.o
    0x0800650a   0x0800650a   0x00000012   Code   RO          826    i.USBD_LL_SetUSBAddress  usbd_conf.o
    0x0800651c   0x0800651c   0x00000060   Code   RO         5911    i.USBD_LL_SetupStage  usbd_core.o
    0x0800657c   0x0800657c   0x00000012   Code   RO          827    i.USBD_LL_StallEP   usbd_conf.o
    0x0800658e   0x0800658e   0x00000012   Code   RO          828    i.USBD_LL_Start     usbd_conf.o
    0x080065a0   0x080065a0   0x00000012   Code   RO         5912    i.USBD_LL_Suspend   usbd_core.o
    0x080065b2   0x080065b2   0x00000012   Code   RO          830    i.USBD_LL_Transmit  usbd_conf.o
    0x080065c4   0x080065c4   0x0000002c   Code   RO         6040    i.USBD_ParseSetupRequest  usbd_ctlreq.o
    0x080065f0   0x080065f0   0x00000024   Code   RO         5913    i.USBD_RegisterClass  usbd_core.o
    0x08006614   0x08006614   0x00000014   Code   RO         5915    i.USBD_SetClassConfig  usbd_core.o
    0x08006628   0x08006628   0x000000bc   Code   RO         6041    i.USBD_SetConfig    usbd_ctlreq.o
    0x080066e4   0x080066e4   0x00000004   Code   RO         5916    i.USBD_Start        usbd_core.o
    0x080066e8   0x080066e8   0x00000114   Code   RO         6042    i.USBD_StdDevReq    usbd_ctlreq.o
    0x080067fc   0x080067fc   0x00000140   Code   RO         6043    i.USBD_StdEPReq     usbd_ctlreq.o
    0x0800693c   0x0800693c   0x00000052   Code   RO         6044    i.USBD_StdItfReq    usbd_ctlreq.o
    0x0800698e   0x0800698e   0x00000002   Code   RO          831    i.USBD_static_free  usbd_conf.o
    0x08006990   0x08006990   0x00000008   Code   RO          832    i.USBD_static_malloc  usbd_conf.o
    0x08006998   0x08006998   0x00000080   Code   RO         1582    i.USB_ActivateEndpoint  stm32f4xx_ll_usb.o
    0x08006a18   0x08006a18   0x0000001c   Code   RO         1584    i.USB_ActivateSetup  stm32f4xx_ll_usb.o
    0x08006a34   0x08006a34   0x00000074   Code   RO         1586    i.USB_CoreInit      stm32f4xx_ll_usb.o
    0x08006aa8   0x08006aa8   0x00000038   Code   RO         1587    i.USB_CoreReset     stm32f4xx_ll_usb.o
    0x08006ae0   0x08006ae0   0x000000cc   Code   RO         1590    i.USB_DeactivateEndpoint  stm32f4xx_ll_usb.o
    0x08006bac   0x08006bac   0x0000001c   Code   RO         1591    i.USB_DevConnect    stm32f4xx_ll_usb.o
    0x08006bc8   0x08006bc8   0x0000001c   Code   RO         1592    i.USB_DevDisconnect  stm32f4xx_ll_usb.o
    0x08006be4   0x08006be4   0x00000174   Code   RO         1593    i.USB_DevInit       stm32f4xx_ll_usb.o
    0x08006d58   0x08006d58   0x0000000c   Code   RO         1594    i.USB_DisableGlobalInt  stm32f4xx_ll_usb.o
    0x08006d64   0x08006d64   0x00000118   Code   RO         1597    i.USB_EP0StartXfer  stm32f4xx_ll_usb.o
    0x08006e7c   0x08006e7c   0x00000058   Code   RO         1598    i.USB_EP0_OutStart  stm32f4xx_ll_usb.o
    0x08006ed4   0x08006ed4   0x00000058   Code   RO         1599    i.USB_EPClearStall  stm32f4xx_ll_usb.o
    0x08006f2c   0x08006f2c   0x00000058   Code   RO         1600    i.USB_EPSetStall    stm32f4xx_ll_usb.o
    0x08006f84   0x08006f84   0x000001e8   Code   RO         1601    i.USB_EPStartXfer   stm32f4xx_ll_usb.o
    0x0800716c   0x0800716c   0x0000000c   Code   RO         1602    i.USB_EnableGlobalInt  stm32f4xx_ll_usb.o
    0x08007178   0x08007178   0x00000020   Code   RO         1603    i.USB_FlushRxFifo   stm32f4xx_ll_usb.o
    0x08007198   0x08007198   0x00000024   Code   RO         1604    i.USB_FlushTxFifo   stm32f4xx_ll_usb.o
    0x080071bc   0x080071bc   0x0000001a   Code   RO         1606    i.USB_GetDevSpeed   stm32f4xx_ll_usb.o
    0x080071d6   0x080071d6   0x00000008   Code   RO         1608    i.USB_GetMode       stm32f4xx_ll_usb.o
    0x080071de   0x080071de   0x0000000e   Code   RO         1615    i.USB_ReadDevAllInEpInterrupt  stm32f4xx_ll_usb.o
    0x080071ec   0x080071ec   0x0000000e   Code   RO         1616    i.USB_ReadDevAllOutEpInterrupt  stm32f4xx_ll_usb.o
    0x080071fa   0x080071fa   0x00000024   Code   RO         1617    i.USB_ReadDevInEPInterrupt  stm32f4xx_ll_usb.o
    0x0800721e   0x0800721e   0x00000010   Code   RO         1618    i.USB_ReadDevOutEPInterrupt  stm32f4xx_ll_usb.o
    0x0800722e   0x0800722e   0x00000008   Code   RO         1619    i.USB_ReadInterrupts  stm32f4xx_ll_usb.o
    0x08007236   0x08007236   0x0000001c   Code   RO         1620    i.USB_ReadPacket    stm32f4xx_ll_usb.o
    0x08007252   0x08007252   0x0000002e   Code   RO         1622    i.USB_SetCurrentMode  stm32f4xx_ll_usb.o
    0x08007280   0x08007280   0x00000022   Code   RO         1623    i.USB_SetDevAddress  stm32f4xx_ll_usb.o
    0x080072a2   0x080072a2   0x00000002   PAD
    0x080072a4   0x080072a4   0x000000e8   Code   RO         1625    i.USB_SetTurnaroundTime  stm32f4xx_ll_usb.o
    0x0800738c   0x0800738c   0x00000024   Code   RO         1628    i.USB_WritePacket   stm32f4xx_ll_usb.o
    0x080073b0   0x080073b0   0x00000002   Code   RO         1171    i.UsageFault_Handler  stm32f4xx_it.o
    0x080073b2   0x080073b2   0x00000020   Code   RO         2636    i.__NVIC_SetPriority  stm32f4xx_hal_cortex.o
    0x080073d2   0x080073d2   0x0000000e   Code   RO         6947    i.__scatterload_copy  mc_w.l(handlers.o)
    0x080073e0   0x080073e0   0x00000002   Code   RO         6948    i.__scatterload_null  mc_w.l(handlers.o)
    0x080073e2   0x080073e2   0x0000000e   Code   RO         6949    i.__scatterload_zeroinit  mc_w.l(handlers.o)
    0x080073f0   0x080073f0   0x0000000a   Code   RO         6275    i._timer_is_run     vcp_time_segmentation.o
    0x080073fa   0x080073fa   0x00000048   Code   RO         6410    i.ina226_body_read_queue  ina226.o
    0x08007442   0x08007442   0x00000002   PAD
    0x08007444   0x08007444   0x000001b0   Code   RO         6413    i.ina226_init       ina226.o
    0x080075f4   0x080075f4   0x00000038   Code   RO         6414    i.ina226_read_data_process  ina226.o
    0x0800762c   0x0800762c   0x00000018   Code   RO         6415    i.ina226_read_request  ina226.o
    0x08007644   0x08007644   0x0000001a   Code   RO         6416    i.ina226_reg_addr_set  ina226.o
    0x0800765e   0x0800765e   0x00000010   Code   RO         6558    i.led_alt_setup     led.o
    0x0800766e   0x0800766e   0x00000002   PAD
    0x08007670   0x08007670   0x00000028   Code   RO         6559    i.led_gpio_set      led.o
    0x08007698   0x08007698   0x00000070   Code   RO         6560    i.led_init          led.o
    0x08007708   0x08007708   0x000000a6   Code   RO         6561    i.led_processor     led.o
    0x080077ae   0x080077ae   0x00000008   Code   RO         6562    i.led_setup         led.o
    0x080077b6   0x080077b6   0x00000002   PAD
    0x080077b8   0x080077b8   0x000002f0   Code   RO           26    i.main              main.o
    0x08007aa8   0x08007aa8   0x000005e4   Code   RO         6483    i.my_gpio_set       my_gpio.o
    0x0800808c   0x0800808c   0x00000018   Code   RO         6610    i.my_spi_default_settings  my_spi.o
    0x080080a4   0x080080a4   0x00000064   Code   RO         6276    i.vcp_uart_CDC_Receive  vcp_time_segmentation.o
    0x08008108   0x08008108   0x0000004a   Code   RO         6277    i.vcp_uart_init     vcp_time_segmentation.o
    0x08008152   0x08008152   0x00000008   Data   RO         2353    .constdata          stm32f4xx_hal_dma.o
    0x0800815a   0x0800815a   0x00000010   Data   RO         5862    .constdata          system_stm32f4xx.o
    0x0800816a   0x0800816a   0x00000008   Data   RO         5863    .constdata          system_stm32f4xx.o
    0x08008172   0x08008172   0x00000002   PAD
    0x08008174   0x08008174   0x00000020   Data   RO         6945    Region$$Table       anon$$obj.o


    Execution Region RW_IRAM1 (Exec base: 0x20000000, Load base: 0x08008194, Size: 0x000124d0, Max: 0x00020000, ABSOLUTE, COMPRESSED[0x000000c8])

    Exec Addr    Load Addr    Size         Type   Attr      Idx    E Section Name        Object

    0x20000000   COMPRESSED   0x0000001e   Data   RW           31    .data               main.o
    0x2000001e   COMPRESSED   0x00000002   PAD
    0x20000020   COMPRESSED   0x00000004   Data   RW          445    .data               can.o
    0x20000024   COMPRESSED   0x0000001c   Data   RW         1018    .data               usbd_desc.o
    0x20000040   COMPRESSED   0x00000032   Data   RW         1019    .data               usbd_desc.o
    0x20000072   COMPRESSED   0x00000002   PAD
    0x20000074   COMPRESSED   0x00000014   Data   RW         1103    .data               usbd_cdc_if.o
    0x20000088   COMPRESSED   0x0000000c   Data   RW         2780    .data               stm32f4xx_hal.o
    0x20000094   COMPRESSED   0x00000004   Data   RW         5864    .data               system_stm32f4xx.o
    0x20000098   COMPRESSED   0x00000001   Data   RW         6045    .data               usbd_ctlreq.o
    0x20000099   COMPRESSED   0x00000003   PAD
    0x2000009c   COMPRESSED   0x000000d7   Data   RW         6184    .data               usbd_cdc.o
    0x20000173   COMPRESSED   0x00000001   PAD
    0x20000174   COMPRESSED   0x00000038   Data   RW         6185    .data               usbd_cdc.o
    0x200001ac        -       0x00010ece   Zero   RW           27    .bss                main.o
    0x2001107a   COMPRESSED   0x00000002   PAD
    0x2001107c        -       0x000000f0   Zero   RW          396    .bss                adc.o
    0x2001116c        -       0x00000050   Zero   RW          444    .bss                can.o
    0x200111bc        -       0x00000014   Zero   RW          492    .bss                dac.o
    0x200111d0        -       0x000000a8   Zero   RW          559    .bss                i2c.o
    0x20011278        -       0x00000058   Zero   RW          606    .bss                spi.o
    0x200112d0        -       0x000001f8   Zero   RW          654    .bss                tim.o
    0x200114c8        -       0x00000088   Zero   RW          727    .bss                usart.o
    0x20011550        -       0x000002d0   Zero   RW          772    .bss                usb_device.o
    0x20011820        -       0x00000628   Zero   RW          833    .bss                usbd_conf.o
    0x20011e48        -       0x00000040   Zero   RW         1017    .bss                usbd_desc.o
    0x20011e88        -       0x00000048   Zero   RW         6683    .bss                power_module.o
    0x20011ed0        -       0x00000600   Zero   RW            1    STACK               startup_stm32f405xx.o


==============================================================================

Image component sizes


      Code (inc. data)   RO Data    RW Data    ZI Data      Debug   Object Name

       572         56          0          0        240       2528   adc.o
       340         40          0          4         80       2378   can.o
       172         22          0          0         20       1611   dac.o
        44          4          0          0          0        738   dma.o
       260         18          0          0          0       1039   gpio.o
       356         48          0          0        168       2326   i2c.o
       610         10          0          0          0       3772   ina226.o
       342         10          0          0          0       3446   led.o
      1524        162          0         30      69326     721464   main.o
         0          0          0          0          0       2344   modbus_rtu.o
      1508         28          0          0          0       2370   my_gpio.o
       382         36          0          0          0       2851   my_mko.o
       284         18          0          0          0       3025   my_spi.o
        18          0          0          0          0        784   my_uart.o
         0          0          0          0         72        200   power_module.o
       252         38          0          0         88       2185   spi.o
        36          8        392          0       1536        828   startup_stm32f405xx.o
       180         28          0         12          0       9349   stm32f4xx_hal.o
      1198         66          0          0          0       6826   stm32f4xx_hal_adc.o
       282          0          0          0          0       1327   stm32f4xx_hal_can.o
       232         14          0          0          0      34597   stm32f4xx_hal_cortex.o
       228          0          0          0          0       3422   stm32f4xx_hal_dac.o
      1086         16          8          0          0       7869   stm32f4xx_hal_dma.o
       896         90          0          0          0       4372   stm32f4xx_hal_gpio.o
      5652        106          0          0          0      32323   stm32f4xx_hal_i2c.o
        48          6          0          0          0        814   stm32f4xx_hal_msp.o
      2308         14          0          0          0      12665   stm32f4xx_hal_pcd.o
        78          0          0          0          0       2377   stm32f4xx_hal_pcd_ex.o
      1500         96          0          0          0       6588   stm32f4xx_hal_rcc.o
       504          6          0          0          0       4073   stm32f4xx_hal_spi.o
      1272        102          0          0          0      11305   stm32f4xx_hal_tim.o
       148         28          0          0          0       2425   stm32f4xx_hal_tim_ex.o
      1338         22          0          0          0      10095   stm32f4xx_hal_uart.o
       140         60          0          0          0       8558   stm32f4xx_it.o
      2582        132          0          0          0      22612   stm32f4xx_ll_usb.o
        84         18         24          4          0       1135   system_stm32f4xx.o
       860         88          0          0        504       5540   tim.o
       316         36          0          0        136       2343   usart.o
        84         18          0          0        720        760   usb_device.o
       752         16          0        271          0      12843   usbd_cdc.o
        64         16          0         20          0       3102   usbd_cdc_if.o
       644         24          0          0       1576      15776   usbd_conf.o
       744          0          0          0          0      12493   usbd_core.o
      1244         30          0          1          0      14232   usbd_ctlreq.o
       264         80          0         78         64       5969   usbd_desc.o
       132          0          0          0          0       4480   usbd_ioreq.o
       184          0          0          0          0       2351   vcp_time_segmentation.o

    ----------------------------------------------------------------------
     31794       1610        458        428      74532    1016510   Object Totals
         0          0         32          0          0          0   (incl. Generated)
        50          0          2          8          2          0   (incl. Padding)

    ----------------------------------------------------------------------

      Code (inc. data)   RO Data    RW Data    ZI Data      Debug   Library Member Name

        86          0          0          0          0          0   __dczerorl2.o
         0          0          0          0          0          0   entry.o
         0          0          0          0          0          0   entry10a.o
         0          0          0          0          0          0   entry11a.o
         8          4          0          0          0          0   entry2.o
         4          0          0          0          0          0   entry5.o
         0          0          0          0          0          0   entry7b.o
         0          0          0          0          0          0   entry8b.o
         8          4          0          0          0          0   entry9a.o
        30          0          0          0          0          0   handlers.o
        36          8          0          0          0         68   init.o
         0          0          0          0          0          0   iusefp.o
        30          0          0          0          0         68   llshl.o
        32          0          0          0          0         68   llushr.o
        26          0          0          0          0         80   memcmp.o
        36          0          0          0          0         68   memcpya.o
        36          0          0          0          0        108   memseta.o
        98          0          0          0          0         92   uldiv.o
       186          0          0          0          0        176   depilogue.o
        50          0          0          0          0         76   dfixui.o
        26          0          0          0          0         76   dfltui.o
       228          0          0          0          0         96   dmul.o

    ----------------------------------------------------------------------
       920         16          0          0          0        976   Library Totals
         0          0          0          0          0          0   (incl. Padding)

    ----------------------------------------------------------------------

      Code (inc. data)   RO Data    RW Data    ZI Data      Debug   Library Name

       430         16          0          0          0        552   mc_w.l
       490          0          0          0          0        424   mf_w.l

    ----------------------------------------------------------------------
       920         16          0          0          0        976   Library Totals

    ----------------------------------------------------------------------

==============================================================================


      Code (inc. data)   RO Data    RW Data    ZI Data      Debug   

     32714       1626        458        428      74532     985602   Grand Totals
     32714       1626        458        200      74532     985602   ELF Image Totals (compressed)
     32714       1626        458        200          0          0   ROM Totals

==============================================================================

    Total RO  Size (Code + RO Data)                33172 (  32.39kB)
    Total RW  Size (RW Data + ZI Data)             74960 (  73.20kB)
    Total ROM Size (Code + RO Data + RW Data)      33372 (  32.59kB)

==============================================================================

