<html>
<body>
<pre>
<h1>µVision Build Log</h1>
<h2>Tool Versions:</h2>
IDE-Version: µVision V5.24.2.0
Copyright (C) 2017 ARM Ltd and ARM Germany GmbH. All rights reserved.
License Information: a aaa, aa, LIC=2TTFW-QQVF3-BVK1G-VI1J0-7BGKN-RGEAF
 
Tool Versions:
Toolchain:       MDK-ARM Professional  Version: 5.24.1
Toolchain Path:  C:\Keil_v5\ARM\ARMCC\Bin
C Compiler:      Armcc.exe V5.06 update 5 (build 528)
Assembler:       Armasm.exe V5.06 update 5 (build 528)
Linker/Locator:  ArmLink.exe V5.06 update 5 (build 528)
Library Manager: ArmAr.exe V5.06 update 5 (build 528)
Hex Converter:   FromElf.exe V5.06 update 5 (build 528)
CPU DLL:         SARMCM3.DLL V5.24.1
Dialog DLL:      DCM.DLL V1.16.0.0
Target DLL:      STLink\ST-LINKIII-KEIL_SWO.dll V3.0.1.0
Dialog DLL:      TCM.DLL V1.32.0.0
 
<h2>Project:</h2>
G:\OAI_Digital_Module_mc_code\MDK-ARM\KPA_BDK2.uvprojx
Project File Date:  12/14/2020

<h2>Output:</h2>
*** Using Compiler 'V5.06 update 5 (build 528)', folder: 'C:\Keil_v5\ARM\ARMCC\Bin'
Rebuild target 'KPA_BDK2'
assembling startup_stm32f405xx.s...
compiling can.c...
compiling i2c.c...
compiling dma.c...
compiling gpio.c...
compiling main.c...
compiling adc.c...
compiling dac.c...
compiling sys.c...
compiling spi.c...
compiling usb_device.c...
compiling tim.c...
compiling usbd_conf.c...
compiling stm32f4xx_it.c...
compiling usbd_cdc_if.c...
compiling usart.c...
compiling usbd_desc.c...
compiling stm32f4xx_hal_pcd_ex.c...
compiling stm32f4xx_hal_msp.c...
compiling stm32f4xx_hal_pcd.c...
compiling stm32f4xx_ll_usb.c...
compiling stm32f4xx_hal_rcc.c...
compiling stm32f4xx_hal_rcc_ex.c...
compiling stm32f4xx_hal_flash.c...
compiling stm32f4xx_hal_gpio.c...
compiling stm32f4xx_hal_flash_ramfunc.c...
compiling stm32f4xx_hal_flash_ex.c...
compiling stm32f4xx_hal_dma.c...
compiling stm32f4xx_hal_dma_ex.c...
compiling stm32f4xx_hal_pwr.c...
compiling stm32f4xx_hal_exti.c...
compiling stm32f4xx_hal_cortex.c...
compiling stm32f4xx_hal_adc.c...
compiling stm32f4xx_hal_pwr_ex.c...
compiling stm32f4xx_hal.c...
compiling stm32f4xx_hal_dac_ex.c...
compiling stm32f4xx_hal_adc_ex.c...
compiling stm32f4xx_hal_i2c_ex.c...
compiling stm32f4xx_hal_can.c...
compiling stm32f4xx_hal_dac.c...
compiling stm32f4xx_hal_i2c.c...
compiling stm32f4xx_hal_tim_ex.c...
compiling stm32f4xx_hal_spi.c...
compiling system_stm32f4xx.c...
compiling stm32f4xx_hal_tim.c...
compiling usbd_core.c...
compiling stm32f4xx_hal_uart.c...
compiling usbd_ctlreq.c...
compiling usbd_ioreq.c...
compiling vcp_time_segmentation.c...
compiling usbd_cdc.c...
compiling INA226.c...
compiling modbus_data_formater.c...
compiling modbus_rtu.c...
compiling my_UART.c...
compiling led.c...
..\my_lib\led.c(133): warning:  #188-D: enumerated type mixed with another type
  		HAL_GPIO_WritePin (
PIOD,
PIO_PIN_3 ,state);
..\my_lib\led.c(136): warning:  #188-D: enumerated type mixed with another type
  		HAL_GPIO_WritePin (
PIOD,
PIO_PIN_4 ,state);
..\my_lib\led.c: 2 warnings, 0 errors
compiling my_SPI.c...
compiling my_GPIO.c...
linking...
Program Size: Code=40240 RO-data=456 RW-data=940 ZI-data=74956  
FromELF: creating hex file...
"KPA_BDK2\KPA_BDK2.axf" - 0 Error(s), 2 Warning(s).

<h2>Software Packages used:</h2>

Package Vendor: ARM
                http://www.keil.com/pack/ARM.CMSIS.5.0.1.pack
                ARM.CMSIS.5.0.1
                CMSIS (Cortex Microcontroller Software Interface Standard)
   * Component: CORE Version: 5.0.1

Package Vendor: Keil
                http://www.keil.com/pack/Keil.STM32F4xx_DFP.2.14.0.pack
                Keil.STM32F4xx_DFP.2.14.0
                STMicroelectronics STM32F4 Series Device Support, Drivers and Examples

<h2>Collection of Component include folders:</h2>
  .\RTE\_KPA_BDK2
  C:\Keil_v5\ARM\PACK\ARM\CMSIS\5.0.1\CMSIS\Include
  C:\Keil_v5\ARM\PACK\Keil\STM32F4xx_DFP\2.14.0\Drivers\CMSIS\Device\ST\STM32F4xx\Include

<h2>Collection of Component Files used:</h2>

   * Component: ARM::CMSIS:CORE:5.0.1
Build Time Elapsed:  00:00:49
</pre>
</body>
</html>
